01-03 19:09:31.423   322   342 V ActivityManagerTiming: OnBootPhase_1000_com.android.server.voiceinteraction.VoiceInteractionManagerService took to complete: 0ms
01-03 19:09:31.423   322   342 D ActivityManagerTiming: OnBootPhase_1000_com.android.server.apphibernation.AppHibernationService
01-03 19:09:31.423   322   342 V ActivityManagerTiming: OnBootPhase_1000_com.android.server.apphibernation.AppHibernationService took to complete: 0ms
01-03 19:09:31.423   322   342 D ActivityManagerTiming: OnBootPhase_1000_com.android.server.GestureLauncherService
01-03 19:09:31.423   322   342 V ActivityManagerTiming: OnBootPhase_1000_com.android.server.GestureLauncherService took to complete: 0ms
01-03 19:09:31.423   322   342 D ActivityManagerTiming: OnBootPhase_1000_com.android.server.SensorNotificationService
01-03 19:09:31.423   322  1237 I HibernationStateDiskStore: No hibernation file on disk for file /data/system/hibernation/states
01-03 19:09:31.423   322   342 D CompatibilityChangeReporter: Compat change id reported: 168936375; UID 1000; state: ENABLED
01-03 19:09:31.423   322   342 D CompatibilityChangeReporter: Compat change id reported: 73144566; UID 1000; state: ENABLED
01-03 19:09:31.424   322   342 V ActivityManagerTiming: OnBootPhase_1000_com.android.server.SensorNotificationService took to complete: 0ms
01-03 19:09:31.424   322   342 D ActivityManagerTiming: OnBootPhase_1000_com.android.server.emergency.EmergencyAffordanceService
01-03 19:09:31.424   322   342 V ActivityManagerTiming: OnBootPhase_1000_com.android.server.emergency.EmergencyAffordanceService took to complete: 0ms
01-03 19:09:31.424   322   342 D ActivityManagerTiming: OnBootPhase_1000_com.android.server.blob.BlobStoreManagerService
01-03 19:09:31.424   322   342 V ActivityManagerTiming: OnBootPhase_1000_com.android.server.blob.BlobStoreManagerService took to complete: 1ms
01-03 19:09:31.424   322   342 D ActivityManagerTiming: OnBootPhase_1000_com.android.server.dreams.DreamManagerService
01-03 19:09:31.424   322   342 V ActivityManagerTiming: OnBootPhase_1000_com.android.server.dreams.DreamManagerService took to complete: 0ms
01-03 19:09:31.424   322   342 D ActivityManagerTiming: OnBootPhase_1000_com.android.server.print.PrintManagerService
01-03 19:09:31.424   322   342 V ActivityManagerTiming: OnBootPhase_1000_com.android.server.print.PrintManagerService took to complete: 0ms
01-03 19:09:31.424   322   342 D ActivityManagerTiming: OnBootPhase_1000_com.android.server.security.AttestationVerificationManagerService
01-03 19:09:31.424   322   342 V ActivityManagerTiming: OnBootPhase_1000_com.android.server.security.AttestationVerificationManagerService took to complete: 0ms
01-03 19:09:31.424   322   342 D ActivityManagerTiming: OnBootPhase_1000_com.android.server.companion.CompanionDeviceManagerService
01-03 19:09:31.424   322   342 I CompanionDeviceManagerService: Scheduling the Association Removal job
01-03 19:09:31.424   322   342 V ActivityManagerTiming: OnBootPhase_1000_com.android.server.companion.CompanionDeviceManagerService took to complete: 0ms
01-03 19:09:31.424   322   342 D ActivityManagerTiming: OnBootPhase_1000_com.android.server.companion.virtual.VirtualDeviceManagerService
01-03 19:09:31.424   322   342 V ActivityManagerTiming: OnBootPhase_1000_com.android.server.companion.virtual.VirtualDeviceManagerService took to complete: 0ms
01-03 19:09:31.424   322   342 D ActivityManagerTiming: OnBootPhase_1000_com.android.server.restrictions.RestrictionsManagerService
01-03 19:09:31.424   322   342 V ActivityManagerTiming: OnBootPhase_1000_com.android.server.restrictions.RestrictionsManagerService took to complete: 0ms
01-03 19:09:31.424   322   342 D ActivityManagerTiming: OnBootPhase_1000_com.android.server.media.MediaSessionService
01-03 19:09:31.424   322   342 V ActivityManagerTiming: OnBootPhase_1000_com.android.server.media.MediaSessionService took to complete: 0ms
01-03 19:09:31.424   322   342 D ActivityManagerTiming: OnBootPhase_1000_com.android.server.media.MediaResourceMonitorService
01-03 19:09:31.424   322   342 V ActivityManagerTiming: OnBootPhase_1000_com.android.server.media.MediaResourceMonitorService took to complete: 0ms
01-03 19:09:31.424   322   342 D ActivityManagerTiming: OnBootPhase_1000_com.android.server.biometrics.BiometricService
01-03 19:09:31.424   322   342 V ActivityManagerTiming: OnBootPhase_1000_com.android.server.biometrics.BiometricService took to complete: 0ms
01-03 19:09:31.424   322   342 D ActivityManagerTiming: OnBootPhase_1000_com.android.server.biometrics.AuthService
01-03 19:09:31.424   322   342 V ActivityManagerTiming: OnBootPhase_1000_com.android.server.biometrics.AuthService took to complete: 0ms
01-03 19:09:31.424   322   342 D ActivityManagerTiming: OnBootPhase_1000_com.android.server.pm.ShortcutService$Lifecycle
01-03 19:09:31.424   322   342 V ActivityManagerTiming: OnBootPhase_1000_com.android.server.pm.ShortcutService$Lifecycle took to complete: 0ms
01-03 19:09:31.424   322   342 D ActivityManagerTiming: OnBootPhase_1000_com.android.server.pm.LauncherAppsService
01-03 19:09:31.424   322   342 V ActivityManagerTiming: OnBootPhase_1000_com.android.server.pm.LauncherAppsService took to complete: 0ms
01-03 19:09:31.424   322   342 D ActivityManagerTiming: OnBootPhase_1000_com.android.server.pm.CrossProfileAppsService
01-03 19:09:31.424   322   342 V ActivityManagerTiming: OnBootPhase_1000_com.android.server.pm.CrossProfileAppsService took to complete: 0ms
01-03 19:09:31.424   322   342 D ActivityManagerTiming: OnBootPhase_1000_com.android.server.people.PeopleService
01-03 19:09:31.424   322   342 V ActivityManagerTiming: OnBootPhase_1000_com.android.server.people.PeopleService took to complete: 0ms
01-03 19:09:31.424   322   342 D ActivityManagerTiming: OnBootPhase_1000_com.android.server.media.metrics.MediaMetricsManagerService
01-03 19:09:31.424   322   342 V ActivityManagerTiming: OnBootPhase_1000_com.android.server.media.metrics.MediaMetricsManagerService took to complete: 0ms
01-03 19:09:31.424   322   342 D ActivityManagerTiming: OnBootPhase_1000_com.android.server.media.projection.MediaProjectionManagerService
01-03 19:09:31.424   322   342 V ActivityManagerTiming: OnBootPhase_1000_com.android.server.media.projection.MediaProjectionManagerService took to complete: 0ms
01-03 19:09:31.424   322   342 D ActivityManagerTiming: OnBootPhase_1000_com.android.server.slice.SliceManagerService$Lifecycle
01-03 19:09:31.424   322   342 V ActivityManagerTiming: OnBootPhase_1000_com.android.server.slice.SliceManagerService$Lifecycle took to complete: 0ms
01-03 19:09:31.424   322   342 D ActivityManagerTiming: OnBootPhase_1000_com.android.server.stats.StatsCompanion$Lifecycle
01-03 19:09:31.424   322   342 V ActivityManagerTiming: OnBootPhase_1000_com.android.server.stats.StatsCompanion$Lifecycle took to complete: 0ms
01-03 19:09:31.424   322   342 D ActivityManagerTiming: OnBootPhase_1000_com.android.server.scheduling.RebootReadinessManagerService$Lifecycle
01-03 19:09:31.424   322   342 V ActivityManagerTiming: OnBootPhase_1000_com.android.server.scheduling.RebootReadinessManagerService$Lifecycle took to complete: 0ms
01-03 19:09:31.424   322   342 D ActivityManagerTiming: OnBootPhase_1000_com.android.server.stats.pull.StatsPullAtomService
01-03 19:09:31.424   322   342 V ActivityManagerTiming: OnBootPhase_1000_com.android.server.stats.pull.StatsPullAtomService took to complete: 0ms
01-03 19:09:31.424   322   342 D ActivityManagerTiming: OnBootPhase_1000_com.android.server.stats.bootstrap.StatsBootstrapAtomService$Lifecycle
01-03 19:09:31.424   322   342 V ActivityManagerTiming: OnBootPhase_1000_com.android.server.stats.bootstrap.StatsBootstrapAtomService$Lifecycle took to complete: 0ms
01-03 19:09:31.424   322   342 D ActivityManagerTiming: OnBootPhase_1000_com.android.server.incident.IncidentCompanionService
01-03 19:09:31.424   322   342 V ActivityManagerTiming: OnBootPhase_1000_com.android.server.incident.IncidentCompanionService took to complete: 0ms
01-03 19:09:31.424   322   342 D ActivityManagerTiming: OnBootPhase_1000_com.android.server.sdksandbox.SdkSandboxManagerService$Lifecycle
01-03 19:09:31.424   322   342 V ActivityManagerTiming: OnBootPhase_1000_com.android.server.sdksandbox.SdkSandboxManagerService$Lifecycle took to complete: 0ms
01-03 19:09:31.424   322   342 D ActivityManagerTiming: OnBootPhase_1000_com.android.server.adservices.AdServicesManagerService$Lifecycle
01-03 19:09:31.424   322   342 V ActivityManagerTiming: OnBootPhase_1000_com.android.server.adservices.AdServicesManagerService$Lifecycle took to complete: 0ms
01-03 19:09:31.424   322   342 D ActivityManagerTiming: OnBootPhase_1000_com.android.server.autofill.AutofillManagerService
01-03 19:09:31.424   322   342 V ActivityManagerTiming: OnBootPhase_1000_com.android.server.autofill.AutofillManagerService took to complete: 0ms
01-03 19:09:31.424   322   342 D ActivityManagerTiming: OnBootPhase_1000_com.android.server.clipboard.ClipboardService
01-03 19:09:31.424   322   342 V ActivityManagerTiming: OnBootPhase_1000_com.android.server.clipboard.ClipboardService took to complete: 0ms
01-03 19:09:31.424   322   342 D ActivityManagerTiming: OnBootPhase_1000_com.android.server.appbinding.AppBindingService$Lifecycle
01-03 19:09:31.424   322   342 V ActivityManagerTiming: OnBootPhase_1000_com.android.server.appbinding.AppBindingService$Lifecycle took to complete: 0ms
01-03 19:09:31.424   322   342 D ActivityManagerTiming: OnBootPhase_1000_com.android.server.tracing.TracingServiceProxy
01-03 19:09:31.424   322   342 V ActivityManagerTiming: OnBootPhase_1000_com.android.server.tracing.TracingServiceProxy took to complete: 0ms
01-03 19:09:31.424   322   342 D ActivityManagerTiming: OnBootPhase_1000_org.lineageos.platform.internal.ProfileManagerService
01-03 19:09:31.424   322   342 V ActivityManagerTiming: OnBootPhase_1000_org.lineageos.platform.internal.ProfileManagerService took to complete: 0ms
01-03 19:09:31.424   322   342 D ActivityManagerTiming: OnBootPhase_1000_org.lineageos.platform.internal.LineageHardwareService
01-03 19:09:31.424   322   342 V ActivityManagerTiming: OnBootPhase_1000_org.lineageos.platform.internal.LineageHardwareService took to complete: 0ms
01-03 19:09:31.424   322   342 D ActivityManagerTiming: OnBootPhase_1000_org.lineageos.platform.internal.display.LiveDisplayService
01-03 19:09:31.425   322   342 V ActivityManagerTiming: OnBootPhase_1000_org.lineageos.platform.internal.display.LiveDisplayService took to complete: 1ms
01-03 19:09:31.425   322   342 D ActivityManagerTiming: OnBootPhase_1000_org.lineageos.platform.internal.LineageSettingsService
01-03 19:09:31.425   322   342 V ActivityManagerTiming: OnBootPhase_1000_org.lineageos.platform.internal.LineageSettingsService took to complete: 0ms
01-03 19:09:31.425   322   342 D ActivityManagerTiming: OnBootPhase_1000_org.lineageos.platform.internal.LineageGlobalActionsService
01-03 19:09:31.425   322   322 D CompatibilityChangeReporter: Compat change id reported: 151105954; UID 1000; state: ENABLED
01-03 19:09:31.425   322   342 V ActivityManagerTiming: OnBootPhase_1000_org.lineageos.platform.internal.LineageGlobalActionsService took to complete: 0ms
01-03 19:09:31.425   322   342 D ActivityManagerTiming: OnBootPhase_1000_org.lineageos.platform.internal.health.HealthInterfaceService
01-03 19:09:31.425   322   342 V ActivityManagerTiming: OnBootPhase_1000_org.lineageos.platform.internal.health.HealthInterfaceService took to complete: 0ms
01-03 19:09:31.425   322   342 D ActivityManagerTiming: OnBootPhase_1000_org.lineageos.platform.internal.WayDroidService
01-03 19:09:31.425   322   342 V ActivityManagerTiming: OnBootPhase_1000_org.lineageos.platform.internal.WayDroidService took to complete: 0ms
01-03 19:09:31.425   322   342 D ActivityManagerTiming: OnBootPhase_1000_com.android.server.policy.PermissionPolicyService
01-03 19:09:31.425   322   342 V ActivityManagerTiming: OnBootPhase_1000_com.android.server.policy.PermissionPolicyService took to complete: 0ms
01-03 19:09:31.425   322   342 D ActivityManagerTiming: OnBootPhase_1000_com.android.server.pm.StagingManager$Lifecycle
01-03 19:09:31.425   322   342 V ActivityManagerTiming: OnBootPhase_1000_com.android.server.pm.StagingManager$Lifecycle took to complete: 0ms
01-03 19:09:31.425   322   342 D ActivityManagerTiming: OnBootPhase_1000_com.android.server.app.GameManagerService$Lifecycle
01-03 19:09:31.425   322   322 E AppOps  : attributionTag twilight not declared in manifest of android
01-03 19:09:31.425   322   342 D GameManagerService: onBootCompleted
01-03 19:09:31.425   322   342 V ActivityManagerTiming: OnBootPhase_1000_com.android.server.app.GameManagerService$Lifecycle took to complete: 0ms
01-03 19:09:31.425   322   342 D ActivityManagerTiming: OnBootPhase_1000_com.android.safetycenter.SafetyCenterService
01-03 19:09:31.425   322   342 V ActivityManagerTiming: OnBootPhase_1000_com.android.safetycenter.SafetyCenterService took to complete: 0ms
01-03 19:09:31.425   322   342 D ActivityManagerTiming: OnBootPhase_1000_com.android.server.appsearch.AppSearchModule$Lifecycle
01-03 19:09:31.425   322   342 V ActivityManagerTiming: OnBootPhase_1000_com.android.server.appsearch.AppSearchModule$Lifecycle took to complete: 0ms
01-03 19:09:31.425   322   342 D ActivityManagerTiming: OnBootPhase_1000_com.android.server.media.MediaCommunicationService
01-03 19:09:31.425   322   342 V ActivityManagerTiming: OnBootPhase_1000_com.android.server.media.MediaCommunicationService took to complete: 0ms
01-03 19:09:31.425   322   342 D ActivityManagerTiming: OnBootPhase_1000_com.android.server.compat.overrides.AppCompatOverridesService$Lifecycle
01-03 19:09:31.425   322   342 V ActivityManagerTiming: OnBootPhase_1000_com.android.server.compat.overrides.AppCompatOverridesService$Lifecycle took to complete: 0ms
01-03 19:09:31.425   322   342 V ActivityManagerTiming: OnBootPhase_1000 took to complete: 5ms
01-03 19:09:31.425   322   342 V ActivityManagerTiming: TotalBootTime took to complete: 9493ms
01-03 19:09:31.425   322   342 D SystemServerInitThreadPool: Shutdown requested
01-03 19:09:31.425   322   342 D SystemServerTiming: WaitInitThreadPoolShutdown
01-03 19:09:31.425   322   322 E AppOps  : attributionTag twilight not declared in manifest of android
01-03 19:09:31.426   322   322 E AppOps  : attributionTag twilight not declared in manifest of android
01-03 19:09:31.426   322   342 D SystemServerInitThreadPool: Shutdown successful
01-03 19:09:31.426   322   342 V SystemServerTiming: WaitInitThreadPoolShutdown took to complete: 1ms
01-03 19:09:31.426   322   342 I ActivityManager: User 0 state changed from BOOTING to RUNNING_LOCKED
01-03 19:09:31.426   322   342 W ActivityManager: UserLifecycleEvent 4 received without an active userJourneySession.
01-03 19:09:31.427   322   342 E SystemServerTiming: finishUserBoot took too long. elapsedTimeMs=74105863
01-03 19:09:31.427   322   342 D StorageManagerService: unlockUserKey: 0 isFileEncryptedNativeOrEmulated: false hasSecret: false
01-03 19:09:31.427   322   342 D SystemServerTiming: finishUserUnlocking-0
01-03 19:09:31.427   322   342 W ActivityManager: UserLifecycleEvent 5 received without an active userJourneySession.
01-03 19:09:31.427   322   342 D ActivityManager: Started unlocking user 0
01-03 19:09:31.427   322   342 D ActivityManager: Unlocking user 0 progress 0
01-03 19:09:31.427   322   342 D ActivityManager: Unlocking user 0 progress 5
01-03 19:09:31.427   322   342 V SystemServerTiming: finishUserUnlocking-0 took to complete: 0ms
01-03 19:09:31.427   322   339 D SystemServerTiming: UM.onBeforeUnlockUser-0
01-03 19:09:31.427   322   339 D SystemServerTiming: prepareUserData-0
01-03 19:09:31.427    58    58 D vold    : fscrypt_prepare_user_storage for volume null, user 0, serial 0, flags 2
01-03 19:09:31.427   322   342 V ActivityManagerTiming: FinishBooting took to complete: 8ms
01-03 19:09:31.427    58    58 D vold    : Preparing: /data/system_ce/0
01-03 19:09:31.427    58    58 D vold    : Preparing: /data/vendor_ce/0
01-03 19:09:31.427    58    58 D vold    : Preparing: /data/media/0
01-03 19:09:31.427    58    58 D vold    : Preparing: /data/misc_ce/0
01-03 19:09:31.427    58    58 D vold    : Preparing: /data/data
01-03 19:09:31.427    58    58 D vold    : Starting restorecon of /data/system_ce/0
01-03 19:09:31.427    58    58 D vold    : Finished restorecon of /data/system_ce/0
01-03 19:09:31.427    58    58 D vold    : Starting restorecon of /data/vendor_ce/0
01-03 19:09:31.427   322   342 D ColorDisplayService: setUp: currentUser=0
01-03 19:09:31.428    58    58 D vold    : Finished restorecon of /data/vendor_ce/0
01-03 19:09:31.428    58    58 D vold    : Starting restorecon of /data/misc_ce/0
01-03 19:09:31.428    58    58 D vold    : Finished restorecon of /data/misc_ce/0
01-03 19:09:31.428    58    58 D vold    : /system/bin/vold_prepare_subdirs
01-03 19:09:31.428    58    58 D vold    :     prepare
01-03 19:09:31.428    58    58 D vold    :     
01-03 19:09:31.428    58    58 D vold    :     0
01-03 19:09:31.428    58    58 D vold    :     2
01-03 19:09:31.428   322   342 D ColorDisplayService: onNightDisplayAutoModeChanged: autoMode=0
01-03 19:09:31.428   322   342 I ColorDisplayService: Turning off night display
01-03 19:09:31.428   322   342 D ColorDisplayService: Setting bright color reduction level: 50
01-03 19:09:31.428   322   342 I ColorDisplayService: Turning off reduce bright colors
01-03 19:09:31.428   322   363 I DisplayPowerController[0]: BrightnessEvent: disp=0, physDisp=local:0, brt=0.39763778, initBrt=0.39763778, rcmdBrt=NaN, preBrt=NaN, lux=0.0, preLux=0.0, hbmMax=1.0, hbmMode=off, rbcStrength=50, powerFactor=1.0, thrmMax=1.0, wasShortTermModelActive=false, flags=, reason=manual, autoBrightness=false
01-03 19:09:31.428   322   363 I DisplayPowerController[0]: BrightnessEvent: disp=0, physDisp=local:0, brt=0.39763778, initBrt=0.39763778, rcmdBrt=NaN, preBrt=NaN, lux=0.0, preLux=0.0, hbmMax=1.0, hbmMode=off, rbcStrength=50, powerFactor=1.0, thrmMax=1.0, wasShortTermModelActive=false, flags=, reason=manual, autoBrightness=false
01-03 19:09:31.428   322   358 D CompatibilityChangeReporter: Compat change id reported: 135634846; UID 10112; state: DISABLED
01-03 19:09:31.428   322   358 D CompatibilityChangeReporter: Compat change id reported: 177438394; UID 10112; state: DISABLED
01-03 19:09:31.428   322   358 D CompatibilityChangeReporter: Compat change id reported: 135772972; UID 10112; state: DISABLED
01-03 19:09:31.428   322   358 D CompatibilityChangeReporter: Compat change id reported: 135754954; UID 10112; state: ENABLED
01-03 19:09:31.428   322   350 D CompatibilityChangeReporter: Compat change id reported: 143937733; UID 10112; state: ENABLED
01-03 19:09:31.429   322   357 W BatteryExternalStatsWorker: error reading Bluetooth stats: 9
01-03 19:09:31.429   322   988 W BatteryExternalStatsWorker: error reading modem stats:ERROR_INVALID_INFO_RECEIVED
01-03 19:09:31.429   322   357 W KernelCpuProcStringReader: File not found. It's normal if not implemented: /proc/uid_cputime/show_uid_stat
01-03 19:09:31.429   322   357 W KernelCpuProcStringReader: File not found. It's normal if not implemented: /proc/uid_time_in_state
01-03 19:09:31.429   322   357 W KernelCpuProcStringReader: File not found. It's normal if not implemented: /proc/uid_concurrent_active_time
01-03 19:09:31.429   322   357 W KernelCpuProcStringReader: File not found. It's normal if not implemented: /proc/uid_concurrent_policy_time
01-03 19:09:31.429   322   357 E KernelCpuSpeedReader: Failed to read cpu-freq: /sys/devices/system/cpu/cpu0/cpufreq/stats/time_in_state: open failed: ENOENT (No such file or directory)
01-03 19:09:31.431   322   350 I ActivityManager: Start proc 1247:com.android.deskclock/u0a112 for broadcast {com.android.deskclock/com.android.deskclock.AlarmInitReceiver}
01-03 19:09:31.432   322   339 V UserDataPreparer: Found /data/user/0 with serial number 0
01-03 19:09:31.432   322   339 V UserDataPreparer: Found /data/system_ce/0 with serial number 0
01-03 19:09:31.432   322   339 D UserDataPreparer: Setting property: sys.user.0.ce_available=true
01-03 19:09:31.433   322   335 D CompatibilityChangeReporter: Compat change id reported: 214016041; UID 1000; state: ENABLED
01-03 19:09:31.439   322   339 V SystemServerTiming: prepareUserData-0 took to complete: 12ms
01-03 19:09:31.439   322   339 D SystemServerTiming: reconcileAppsData-0
01-03 19:09:31.439   322   339 V PackageManager: reconcileAppsData for null u0 0x2 migrateAppData=false
01-03 19:09:31.439   322   335 D CompatibilityChangeReporter: Compat change id reported: 135634846; UID 10108; state: DISABLED
01-03 19:09:31.439   322   350 D CompatibilityChangeReporter: Compat change id reported: 143937733; UID 10108; state: ENABLED
01-03 19:09:31.439   322   988 D CompatibilityChangeReporter: Compat change id reported: 168419799; UID 10112; state: DISABLED
01-03 19:09:31.439   322   988 D CompatibilityChangeReporter: Compat change id reported: 273564678; UID 10112; state: DISABLED
01-03 19:09:31.440   322   339 W PackageManager: Skipping preparing app data for com.android.sdksandbox
01-03 19:09:31.442   322   339 V PackageManager: reconcileAppsData finished 175 packages
01-03 19:09:31.442   322   339 V SystemServerTiming: reconcileAppsData-0 took to complete: 3ms
01-03 19:09:31.442   322   339 V SystemServerTiming: UM.onBeforeUnlockUser-0 took to complete: 15ms
01-03 19:09:31.442   322   339 I ActivityManager: User 0 state changed from RUNNING_LOCKED to RUNNING_UNLOCKING
01-03 19:09:31.443   322   339 D ActivityManager: Unlocking user 0 progress 20
01-03 19:09:31.443   322   349 D SystemServerTimingAsync: ssm.UnlockingUser-0
01-03 19:09:31.443   322   349 I SystemServiceManager: Calling onUnlockingUser 0
01-03 19:09:31.443   322   349 D SystemServerTimingAsync: ssm.onUnlockingUser-0_com.android.server.security.FileIntegrityService
01-03 19:09:31.443   322   349 V SystemServerTimingAsync: ssm.onUnlockingUser-0_com.android.server.security.FileIntegrityService took to complete: 0ms
01-03 19:09:31.443   322   349 D SystemServerTimingAsync: ssm.onUnlockingUser-0_com.android.server.pm.Installer
01-03 19:09:31.443   322   349 V SystemServerTimingAsync: ssm.onUnlockingUser-0_com.android.server.pm.Installer took to complete: 0ms
01-03 19:09:31.443   322   349 D SystemServerTimingAsync: ssm.onUnlockingUser-0_com.android.server.os.DeviceIdentifiersPolicyService
01-03 19:09:31.443   322   349 V SystemServerTimingAsync: ssm.onUnlockingUser-0_com.android.server.os.DeviceIdentifiersPolicyService took to complete: 0ms
01-03 19:09:31.443   322   349 D SystemServerTimingAsync: ssm.onUnlockingUser-0_com.android.server.uri.UriGrantsManagerService$Lifecycle
01-03 19:09:31.443   322   349 V SystemServerTimingAsync: ssm.onUnlockingUser-0_com.android.server.uri.UriGrantsManagerService$Lifecycle took to complete: 0ms
01-03 19:09:31.443   322   349 D SystemServerTimingAsync: ssm.onUnlockingUser-0_com.android.server.powerstats.PowerStatsService
01-03 19:09:31.443   322   349 V SystemServerTimingAsync: ssm.onUnlockingUser-0_com.android.server.powerstats.PowerStatsService took to complete: 0ms
01-03 19:09:31.443   322   349 D SystemServerTimingAsync: ssm.onUnlockingUser-0_com.android.server.wm.ActivityTaskManagerService$Lifecycle
01-03 19:09:31.443   322   349 V SystemServerTimingAsync: ssm.onUnlockingUser-0_com.android.server.wm.ActivityTaskManagerService$Lifecycle took to complete: 0ms
01-03 19:09:31.443   322   349 D SystemServerTimingAsync: ssm.onUnlockingUser-0_com.android.server.am.ActivityManagerService$Lifecycle
01-03 19:09:31.443   322   349 V SystemServerTimingAsync: ssm.onUnlockingUser-0_com.android.server.am.ActivityManagerService$Lifecycle took to complete: 0ms
01-03 19:09:31.443   322   349 D SystemServerTimingAsync: ssm.onUnlockingUser-0_com.android.server.pm.DataLoaderManagerService
01-03 19:09:31.443   322   349 V SystemServerTimingAsync: ssm.onUnlockingUser-0_com.android.server.pm.DataLoaderManagerService took to complete: 0ms
01-03 19:09:31.443   322   349 D SystemServerTimingAsync: ssm.onUnlockingUser-0_com.android.server.power.PowerManagerService
01-03 19:09:31.443   322   349 V SystemServerTimingAsync: ssm.onUnlockingUser-0_com.android.server.power.PowerManagerService took to complete: 0ms
01-03 19:09:31.443   322   349 D SystemServerTimingAsync: ssm.onUnlockingUser-0_com.android.server.power.ThermalManagerService
01-03 19:09:31.443   322   349 V SystemServerTimingAsync: ssm.onUnlockingUser-0_com.android.server.power.ThermalManagerService took to complete: 0ms
01-03 19:09:31.443   322   349 D SystemServerTimingAsync: ssm.onUnlockingUser-0_com.android.server.power.hint.HintManagerService
01-03 19:09:31.443   322   349 V SystemServerTimingAsync: ssm.onUnlockingUser-0_com.android.server.power.hint.HintManagerService took to complete: 0ms
01-03 19:09:31.443   322   349 D SystemServerTimingAsync: ssm.onUnlockingUser-0_com.android.server.recoverysystem.RecoverySystemService$Lifecycle
01-03 19:09:31.443   322   349 V SystemServerTimingAsync: ssm.onUnlockingUser-0_com.android.server.recoverysystem.RecoverySystemService$Lifecycle took to complete: 0ms
01-03 19:09:31.443   322   349 D SystemServerTimingAsync: ssm.onUnlockingUser-0_com.android.server.lights.LightsService
01-03 19:09:31.443   322   349 V SystemServerTimingAsync: ssm.onUnlockingUser-0_com.android.server.lights.LightsService took to complete: 0ms
01-03 19:09:31.443   322   349 D SystemServerTimingAsync: ssm.onUnlockingUser-0_com.android.server.display.DisplayManagerService
01-03 19:09:31.443   322   349 V SystemServerTimingAsync: ssm.onUnlockingUser-0_com.android.server.display.DisplayManagerService took to complete: 0ms
01-03 19:09:31.443   322   349 D SystemServerTimingAsync: ssm.onUnlockingUser-0_com.android.server.pm.verify.domain.DomainVerificationService
01-03 19:09:31.443   322   349 V SystemServerTimingAsync: ssm.onUnlockingUser-0_com.android.server.pm.verify.domain.DomainVerificationService took to complete: 0ms
01-03 19:09:31.443   322   349 D SystemServerTimingAsync: ssm.onUnlockingUser-0_com.android.server.pm.PackageInstallerService$Lifecycle
01-03 19:09:31.443   322   349 V SystemServerTimingAsync: ssm.onUnlockingUser-0_com.android.server.pm.PackageInstallerService$Lifecycle took to complete: 0ms
01-03 19:09:31.443   322   349 D SystemServerTimingAsync: ssm.onUnlockingUser-0_com.android.server.pm.UserManagerService$LifeCycle
01-03 19:09:31.443   322   349 V SystemServerTimingAsync: ssm.onUnlockingUser-0_com.android.server.pm.UserManagerService$LifeCycle took to complete: 0ms
01-03 19:09:31.443   322   349 D SystemServerTimingAsync: ssm.onUnlockingUser-0_com.android.server.om.OverlayManagerService
01-03 19:09:31.443   322   349 V SystemServerTimingAsync: ssm.onUnlockingUser-0_com.android.server.om.OverlayManagerService took to complete: 0ms
01-03 19:09:31.443   322   349 D SystemServerTimingAsync: ssm.onUnlockingUser-0_com.android.server.resources.ResourcesManagerService
01-03 19:09:31.443   322   349 V SystemServerTimingAsync: ssm.onUnlockingUser-0_com.android.server.resources.ResourcesManagerService took to complete: 0ms
01-03 19:09:31.443   322   349 D SystemServerTimingAsync: ssm.onUnlockingUser-0_com.android.server.sensorprivacy.SensorPrivacyService
01-03 19:09:31.443   322   349 V SystemServerTimingAsync: ssm.onUnlockingUser-0_com.android.server.sensorprivacy.SensorPrivacyService took to complete: 0ms
01-03 19:09:31.443   322   349 D SystemServerTimingAsync: ssm.onUnlockingUser-0_com.android.server.sensors.SensorService
01-03 19:09:31.443   322   349 V SystemServerTimingAsync: ssm.onUnlockingUser-0_com.android.server.sensors.SensorService took to complete: 0ms
01-03 19:09:31.443   322   349 D SystemServerTimingAsync: ssm.onUnlockingUser-0_com.android.server.SystemConfigService
01-03 19:09:31.443   322   349 V SystemServerTimingAsync: ssm.onUnlockingUser-0_com.android.server.SystemConfigService took to complete: 0ms
01-03 19:09:31.443   322   349 D SystemServerTimingAsync: ssm.onUnlockingUser-0_com.android.server.BatteryService
01-03 19:09:31.443   322   349 V SystemServerTimingAsync: ssm.onUnlockingUser-0_com.android.server.BatteryService took to complete: 0ms
01-03 19:09:31.443   322   349 D SystemServerTimingAsync: ssm.onUnlockingUser-0_com.android.server.usage.UsageStatsService
01-03 19:09:31.443   322   349 V SystemServerTimingAsync: ssm.onUnlockingUser-0_com.android.server.usage.UsageStatsService took to complete: 0ms
01-03 19:09:31.443   322   349 D SystemServerTimingAsync: ssm.onUnlockingUser-0_com.android.server.webkit.WebViewUpdateService
01-03 19:09:31.443   322   349 V SystemServerTimingAsync: ssm.onUnlockingUser-0_com.android.server.webkit.WebViewUpdateService took to complete: 0ms
01-03 19:09:31.443   322   349 D SystemServerTimingAsync: ssm.onUnlockingUser-0_com.android.server.CachedDeviceStateService
01-03 19:09:31.443   322   349 V SystemServerTimingAsync: ssm.onUnlockingUser-0_com.android.server.CachedDeviceStateService took to complete: 0ms
01-03 19:09:31.443   322   349 D SystemServerTimingAsync: ssm.onUnlockingUser-0_com.android.server.BinderCallsStatsService$LifeCycle
01-03 19:09:31.443   322   349 V SystemServerTimingAsync: ssm.onUnlockingUser-0_com.android.server.BinderCallsStatsService$LifeCycle took to complete: 0ms
01-03 19:09:31.443   322   349 D SystemServerTimingAsync: ssm.onUnlockingUser-0_com.android.server.LooperStatsService$Lifecycle
01-03 19:09:31.443   322   349 V SystemServerTimingAsync: ssm.onUnlockingUser-0_com.android.server.LooperStatsService$Lifecycle took to complete: 0ms
01-03 19:09:31.443   322   349 D SystemServerTimingAsync: ssm.onUnlockingUser-0_com.android.server.rollback.RollbackManagerService
01-03 19:09:31.443   322   349 V SystemServerTimingAsync: ssm.onUnlockingUser-0_com.android.server.rollback.RollbackManagerService took to complete: 0ms
01-03 19:09:31.443   322   349 D SystemServerTimingAsync: ssm.onUnlockingUser-0_com.android.server.os.NativeTombstoneManagerService
01-03 19:09:31.443   322   349 V SystemServerTimingAsync: ssm.onUnlockingUser-0_com.android.server.os.NativeTombstoneManagerService took to complete: 0ms
01-03 19:09:31.443   322   349 D SystemServerTimingAsync: ssm.onUnlockingUser-0_com.android.server.os.BugreportManagerService
01-03 19:09:31.443   322   349 V SystemServerTimingAsync: ssm.onUnlockingUser-0_com.android.server.os.BugreportManagerService took to complete: 0ms
01-03 19:09:31.443   322   349 D SystemServerTimingAsync: ssm.onUnlockingUser-0_com.android.server.gpu.GpuService
01-03 19:09:31.443   322   349 V SystemServerTimingAsync: ssm.onUnlockingUser-0_com.android.server.gpu.GpuService took to complete: 0ms
01-03 19:09:31.443   322   349 D SystemServerTimingAsync: ssm.onUnlockingUser-0_com.android.server.security.KeyChainSystemService
01-03 19:09:31.443   322   349 V SystemServerTimingAsync: ssm.onUnlockingUser-0_com.android.server.security.KeyChainSystemService took to complete: 0ms
01-03 19:09:31.443   322   349 D SystemServerTimingAsync: ssm.onUnlockingUser-0_com.android.server.BinaryTransparencyService
01-03 19:09:31.443   322   349 V SystemServerTimingAsync: ssm.onUnlockingUser-0_com.android.server.BinaryTransparencyService took to complete: 0ms
01-03 19:09:31.443   322   349 D SystemServerTimingAsync: ssm.onUnlockingUser-0_com.android.server.telecom.TelecomLoaderService
01-03 19:09:31.443   322   349 V SystemServerTimingAsync: ssm.onUnlockingUser-0_com.android.server.telecom.TelecomLoaderService took to complete: 0ms
01-03 19:09:31.443   322   349 D SystemServerTimingAsync: ssm.onUnlockingUser-0_com.android.server.accounts.AccountManagerService$Lifecycle
01-03 19:09:31.443   322   349 V SystemServerTimingAsync: ssm.onUnlockingUser-0_com.android.server.accounts.AccountManagerService$Lifecycle took to complete: 0ms
01-03 19:09:31.443   322   349 D SystemServerTimingAsync: ssm.onUnlockingUser-0_com.android.server.content.ContentService$Lifecycle
01-03 19:09:31.443   322   349 V SystemServerTimingAsync: ssm.onUnlockingUser-0_com.android.server.content.ContentService$Lifecycle took to complete: 0ms
01-03 19:09:31.443   322   349 D SystemServerTimingAsync: ssm.onUnlockingUser-0_com.android.server.DropBoxManagerService
01-03 19:09:31.443   322   349 V SystemServerTimingAsync: ssm.onUnlockingUser-0_com.android.server.DropBoxManagerService took to complete: 0ms
01-03 19:09:31.443   322   349 D SystemServerTimingAsync: ssm.onUnlockingUser-0_com.android.role.RoleService
01-03 19:09:31.443   322   349 V SystemServerTimingAsync: ssm.onUnlockingUser-0_com.android.role.RoleService took to complete: 0ms
01-03 19:09:31.443   322   349 D SystemServerTimingAsync: ssm.onUnlockingUser-0_com.android.server.vibrator.VibratorManagerService$Lifecycle
01-03 19:09:31.443   322   349 V SystemServerTimingAsync: ssm.onUnlockingUser-0_com.android.server.vibrator.VibratorManagerService$Lifecycle took to complete: 0ms
01-03 19:09:31.443   322   349 D SystemServerTimingAsync: ssm.onUnlockingUser-0_com.android.server.tare.InternalResourceService
01-03 19:09:31.443   322   349 V SystemServerTimingAsync: ssm.onUnlockingUser-0_com.android.server.tare.InternalResourceService took to complete: 0ms
01-03 19:09:31.443   322   349 D SystemServerTimingAsync: ssm.onUnlockingUser-0_com.android.server.alarm.AlarmManagerService
01-03 19:09:31.443   322   349 V SystemServerTimingAsync: ssm.onUnlockingUser-0_com.android.server.alarm.AlarmManagerService took to complete: 0ms
01-03 19:09:31.443   322   349 D SystemServerTimingAsync: ssm.onUnlockingUser-0_com.android.server.devicestate.DeviceStateManagerService
01-03 19:09:31.443   322   349 V SystemServerTimingAsync: ssm.onUnlockingUser-0_com.android.server.devicestate.DeviceStateManagerService took to complete: 0ms
01-03 19:09:31.443   322   349 D SystemServerTimingAsync: ssm.onUnlockingUser-0_com.android.server.camera.CameraServiceProxy
01-03 19:09:31.443   322   349 V SystemServerTimingAsync: ssm.onUnlockingUser-0_com.android.server.camera.CameraServiceProxy took to complete: 0ms
01-03 19:09:31.443   322   349 D SystemServerTimingAsync: ssm.onUnlockingUser-0_com.android.server.bluetooth.BluetoothService
01-03 19:09:31.443   322   349 V SystemServerTimingAsync: ssm.onUnlockingUser-0_com.android.server.bluetooth.BluetoothService took to complete: 0ms
01-03 19:09:31.443   322   349 D SystemServerTimingAsync: ssm.onUnlockingUser-0_com.android.server.connectivity.IpConnectivityMetrics
01-03 19:09:31.443   322   349 V SystemServerTimingAsync: ssm.onUnlockingUser-0_com.android.server.connectivity.IpConnectivityMetrics took to complete: 0ms
01-03 19:09:31.443   322   349 D SystemServerTimingAsync: ssm.onUnlockingUser-0_com.android.server.net.watchlist.NetworkWatchlistService$Lifecycle
01-03 19:09:31.443   322   349 V SystemServerTimingAsync: ssm.onUnlockingUser-0_com.android.server.net.watchlist.NetworkWatchlistService$Lifecycle took to complete: 0ms
01-03 19:09:31.443   322   349 D SystemServerTimingAsync: ssm.onUnlockingUser-0_com.android.server.PinnerService
01-03 19:09:31.443   322   349 V SystemServerTimingAsync: ssm.onUnlockingUser-0_com.android.server.PinnerService took to complete: 0ms
01-03 19:09:31.443   322   349 D SystemServerTimingAsync: ssm.onUnlockingUser-0_com.android.server.integrity.AppIntegrityManagerService
01-03 19:09:31.443   322   349 V SystemServerTimingAsync: ssm.onUnlockingUser-0_com.android.server.integrity.AppIntegrityManagerService took to complete: 0ms
01-03 19:09:31.443   322   349 D SystemServerTimingAsync: ssm.onUnlockingUser-0_com.android.server.logcat.LogcatManagerService
01-03 19:09:31.443   322   349 V SystemServerTimingAsync: ssm.onUnlockingUser-0_com.android.server.logcat.LogcatManagerService took to complete: 0ms
01-03 19:09:31.443   322   349 D SystemServerTimingAsync: ssm.onUnlockingUser-0_com.android.server.inputmethod.InputMethodManagerService$Lifecycle
01-03 19:09:31.443   322   349 V SystemServerTimingAsync: ssm.onUnlockingUser-0_com.android.server.inputmethod.InputMethodManagerService$Lifecycle took to complete: 0ms
01-03 19:09:31.443   322   349 D SystemServerTimingAsync: ssm.onUnlockingUser-0_com.android.server.accessibility.AccessibilityManagerService$Lifecycle
01-03 19:09:31.443   322   349 V SystemServerTimingAsync: ssm.onUnlockingUser-0_com.android.server.accessibility.AccessibilityManagerService$Lifecycle took to complete: 0ms
01-03 19:09:31.443   322   349 D SystemServerTimingAsync: ssm.onUnlockingUser-0_com.android.server.StorageManagerService$Lifecycle
01-03 19:09:31.443   322   349 D StorageManagerService: onUnlockUser 0
01-03 19:09:31.443   322   349 I StorageSessionController: On user unlock 0
01-03 19:09:31.443   322   349 I StorageSessionController: Initialialising...
01-03 19:09:31.443    58    58 I vold    : onUserStarted: 0
01-03 19:09:31.443   322   350 I ActivityManager: Start proc 1265:com.android.inputmethod.latin/u0a108 for service {com.android.inputmethod.latin/com.android.inputmethod.latin.LatinIME}
01-03 19:09:31.443   322   349 V SystemServerTimingAsync: ssm.onUnlockingUser-0_com.android.server.StorageManagerService$Lifecycle took to complete: 0ms
01-03 19:09:31.443   322   349 D SystemServerTimingAsync: ssm.onUnlockingUser-0_com.android.server.usage.StorageStatsService$Lifecycle
01-03 19:09:31.443   322   349 V SystemServerTimingAsync: ssm.onUnlockingUser-0_com.android.server.usage.StorageStatsService$Lifecycle took to complete: 0ms
01-03 19:09:31.443   322   349 D SystemServerTimingAsync: ssm.onUnlockingUser-0_com.android.server.UiModeManagerService
01-03 19:09:31.443   322   349 V SystemServerTimingAsync: ssm.onUnlockingUser-0_com.android.server.UiModeManagerService took to complete: 0ms
01-03 19:09:31.443   322   349 D SystemServerTimingAsync: ssm.onUnlockingUser-0_com.android.server.locales.LocaleManagerService
01-03 19:09:31.443   322   349 V SystemServerTimingAsync: ssm.onUnlockingUser-0_com.android.server.locales.LocaleManagerService took to complete: 0ms
01-03 19:09:31.443   322   349 D SystemServerTimingAsync: ssm.onUnlockingUser-0_com.android.server.locksettings.LockSettingsService$Lifecycle
01-03 19:09:31.443   322   349 V SystemServerTimingAsync: ssm.onUnlockingUser-0_com.android.server.locksettings.LockSettingsService$Lifecycle took to complete: 0ms
01-03 19:09:31.443   322   349 D SystemServerTimingAsync: ssm.onUnlockingUser-0_com.android.server.testharness.TestHarnessModeService
01-03 19:09:31.443   322   349 V SystemServerTimingAsync: ssm.onUnlockingUser-0_com.android.server.testharness.TestHarnessModeService took to complete: 0ms
01-03 19:09:31.443   322   349 D SystemServerTimingAsync: ssm.onUnlockingUser-0_com.android.server.DeviceIdleController
01-03 19:09:31.443   322   349 V SystemServerTimingAsync: ssm.onUnlockingUser-0_com.android.server.DeviceIdleController took to complete: 0ms
01-03 19:09:31.443   322   349 D SystemServerTimingAsync: ssm.onUnlockingUser-0_com.android.server.devicepolicy.DevicePolicyManagerService$Lifecycle
01-03 19:09:31.443   322   349 V SystemServerTimingAsync: ssm.onUnlockingUser-0_com.android.server.devicepolicy.DevicePolicyManagerService$Lifecycle took to complete: 0ms
01-03 19:09:31.443   322   349 D SystemServerTimingAsync: ssm.onUnlockingUser-0_com.android.server.contentcapture.ContentCaptureManagerService
01-03 19:09:31.443   322   988 V StorageManagerService: Found primary storage at VolumeInfo{emulated;0}:
01-03 19:09:31.443   322   988 V StorageManagerService:     type=EMULATED diskId=null partGuid= mountFlags=0 mountUserId=0 
01-03 19:09:31.443   322   988 V StorageManagerService:     state=UNMOUNTED 
01-03 19:09:31.443   322   988 V StorageManagerService:     fsType=null fsUuid=null fsLabel=null 
01-03 19:09:31.443   322   988 V StorageManagerService:     path=null internalPath=null 
01-03 19:09:31.443   322   349 E ContentCapturePerUserService: Bad service name: com.google.android.as/com.google.android.apps.miphone.aiai.app.AiAiContentCaptureService
01-03 19:09:31.444   322   349 E ContentCapturePerUserService: Bad service name: com.google.android.as/com.google.android.apps.miphone.aiai.app.AiAiContentCaptureService
01-03 19:09:31.444   322   349 E ContentCapturePerUserService: Bad service name: com.google.android.as/com.google.android.apps.miphone.aiai.app.AiAiContentCaptureService
01-03 19:09:31.444   322   439 I StorageManagerService: Mounting volume VolumeInfo{emulated;0}:
01-03 19:09:31.444   322   439 I StorageManagerService:     type=EMULATED diskId=null partGuid= mountFlags=PRIMARY|VISIBLE_FOR_WRITE 
01-03 19:09:31.444   322   439 I StorageManagerService:     mountUserId=0 state=UNMOUNTED 
01-03 19:09:31.444   322   439 I StorageManagerService:     fsType=null fsUuid=null fsLabel=null 
01-03 19:09:31.444   322   439 I StorageManagerService:     path=null internalPath=null 
01-03 19:09:31.444   322   349 V SystemServerTimingAsync: ssm.onUnlockingUser-0_com.android.server.contentcapture.ContentCaptureManagerService took to complete: 0ms
01-03 19:09:31.444   322   349 D SystemServerTimingAsync: ssm.onUnlockingUser-0_com.android.server.systemcaptions.SystemCaptionsManagerService
01-03 19:09:31.444   322   322 W ActivityManager: Unable to start service Intent { act=android.service.contentcapture.ContentCaptureService cmp=com.google.android.as/com.google.android.apps.miphone.aiai.app.AiAiContentCaptureService } U=0: not found
01-03 19:09:31.444   322   322 W RemoteContentCaptureService: could not bind to Intent { act=android.service.contentcapture.ContentCaptureService cmp=com.google.android.as/com.google.android.apps.miphone.aiai.app.AiAiContentCaptureService } using flags 67112961
01-03 19:09:31.444   322   322 W ContentCapturePerUserService: remote service died: RemoteContentCaptureService[ComponentInfo{com.google.android.as/com.google.android.apps.miphone.aiai.app.AiAiContentCaptureService} 135056696 (unbound)]
01-03 19:09:31.444   322   322 W ActivityManager: Unbind failed: could not find connection for android.app.LoadedApk$ServiceDispatcher$InnerConnection@85d84e4
01-03 19:09:31.444   322   349 E SystemCaptionsManagerPerUserService: Bad service name: com.google.android.as/com.google.android.apps.miphone.aiai.captions.SystemCaptionsManagerService
01-03 19:09:31.444   322   322 W ActivityManager: Unable to start service Intent { act=android.service.contentcapture.ContentCaptureService cmp=com.google.android.as/com.google.android.apps.miphone.aiai.app.AiAiContentCaptureService } U=0: not found
01-03 19:09:31.444   322   349 V SystemServerTimingAsync: ssm.onUnlockingUser-0_com.android.server.systemcaptions.SystemCaptionsManagerService took to complete: 0ms
01-03 19:09:31.444   322   322 W RemoteContentCaptureService: could not bind to Intent { act=android.service.contentcapture.ContentCaptureService cmp=com.google.android.as/com.google.android.apps.miphone.aiai.app.AiAiContentCaptureService } using flags 67112961
01-03 19:09:31.444    58    58 I vold    : Mounting emulated fuse volume
01-03 19:09:31.444   322   349 D SystemServerTimingAsync: ssm.onUnlockingUser-0_com.android.server.texttospeech.TextToSpeechManagerService
01-03 19:09:31.444   322   322 W ContentCapturePerUserService: remote service died: RemoteContentCaptureService[ComponentInfo{com.google.android.as/com.google.android.apps.miphone.aiai.app.AiAiContentCaptureService} 34508051 (unbound)]
01-03 19:09:31.444   322   349 V SystemServerTimingAsync: ssm.onUnlockingUser-0_com.android.server.texttospeech.TextToSpeechManagerService took to complete: 1ms
01-03 19:09:31.444   322   349 D SystemServerTimingAsync: ssm.onUnlockingUser-0_com.android.server.ambientcontext.AmbientContextManagerService
01-03 19:09:31.444   322   349 D AmbientContextManagerService: onServiceRemoved
01-03 19:09:31.444   322   322 W ActivityManager: Unbind failed: could not find connection for android.app.LoadedApk$ServiceDispatcher$InnerConnection@ee00b50
01-03 19:09:31.444   322   349 D AmbientContextManagerPerUserService: Trying to cancel the remote request. Reason: Service destroyed.
01-03 19:09:31.444   322   349 V SystemServerTimingAsync: ssm.onUnlockingUser-0_com.android.server.ambientcontext.AmbientContextManagerService took to complete: 0ms
01-03 19:09:31.444   322   349 D SystemServerTimingAsync: ssm.onUnlockingUser-0_com.android.server.speech.SpeechRecognitionManagerService
01-03 19:09:31.444   322   322 W ActivityManager: Unable to start service Intent { act=android.service.systemcaptions.SystemCaptionsManagerService cmp=com.google.android.as/com.google.android.apps.miphone.aiai.captions.SystemCaptionsManagerService } U=0: not found
01-03 19:09:31.444   322   349 E SpeechRecognitionManagerServiceImpl: Bad service name: com.google.android.as/com.google.android.apps.miphone.aiai.app.AiAiSpeechRecognitionService
01-03 19:09:31.444   322   322 W RemoteSystemCaptionsManagerService: Could not bind to Intent { act=android.service.systemcaptions.SystemCaptionsManagerService cmp=com.google.android.as/com.google.android.apps.miphone.aiai.captions.SystemCaptionsManagerService } with flags 67112961
01-03 19:09:31.444   322   349 V SystemServerTimingAsync: ssm.onUnlockingUser-0_com.android.server.speech.SpeechRecognitionManagerService took to complete: 0ms
01-03 19:09:31.444   322   349 D SystemServerTimingAsync: ssm.onUnlockingUser-0_com.android.server.appprediction.AppPredictionManagerService
01-03 19:09:31.444   322   349 E AppPredictionPerUserService: Bad service name: com.google.android.as/com.google.android.apps.miphone.aiai.app.AiAiPredictionService
01-03 19:09:31.444   322   349 V SystemServerTimingAsync: ssm.onUnlockingUser-0_com.android.server.appprediction.AppPredictionManagerService took to complete: 0ms
01-03 19:09:31.444   322   349 D SystemServerTimingAsync: ssm.onUnlockingUser-0_com.android.server.searchui.SearchUiManagerService
01-03 19:09:31.444   322   349 V SystemServerTimingAsync: ssm.onUnlockingUser-0_com.android.server.searchui.SearchUiManagerService took to complete: 0ms
01-03 19:09:31.444   322   349 D SystemServerTimingAsync: ssm.onUnlockingUser-0_com.android.server.smartspace.SmartspaceManagerService
01-03 19:09:31.444   322   349 V SystemServerTimingAsync: ssm.onUnlockingUser-0_com.android.server.smartspace.SmartspaceManagerService took to complete: 0ms
01-03 19:09:31.444   322   349 D SystemServerTimingAsync: ssm.onUnlockingUser-0_com.android.server.graphics.fonts.FontManagerService$Lifecycle
01-03 19:09:31.444   322   349 V SystemServerTimingAsync: ssm.onUnlockingUser-0_com.android.server.graphics.fonts.FontManagerService$Lifecycle took to complete: 0ms
01-03 19:09:31.444   322   349 D SystemServerTimingAsync: ssm.onUnlockingUser-0_com.android.server.textservices.TextServicesManagerService$Lifecycle
01-03 19:09:31.444   322   446 D LockSettingsService: hide encryption notification, user: 0
01-03 19:09:31.444   322   349 V SystemServerTimingAsync: ssm.onUnlockingUser-0_com.android.server.textservices.TextServicesManagerService$Lifecycle took to complete: 0ms
01-03 19:09:31.444   322   349 D SystemServerTimingAsync: ssm.onUnlockingUser-0_com.android.server.textclassifier.TextClassificationManagerService$Lifecycle
01-03 19:09:31.444   322   349 V SystemServerTimingAsync: ssm.onUnlockingUser-0_com.android.server.textclassifier.TextClassificationManagerService$Lifecycle took to complete: 0ms
01-03 19:09:31.444   322   349 D SystemServerTimingAsync: ssm.onUnlockingUser-0_com.android.server.NetworkScoreService$Lifecycle
01-03 19:09:31.444   322   349 V SystemServerTimingAsync: ssm.onUnlockingUser-0_com.android.server.NetworkScoreService$Lifecycle took to complete: 0ms
01-03 19:09:31.444   322   349 D SystemServerTimingAsync: ssm.onUnlockingUser-0_com.android.server.NetworkStatsServiceInitializer
01-03 19:09:31.444   322   349 V SystemServerTimingAsync: ssm.onUnlockingUser-0_com.android.server.NetworkStatsServiceInitializer took to complete: 0ms
01-03 19:09:31.444   322   349 D SystemServerTimingAsync: ssm.onUnlockingUser-0_com.android.server.wifi.WifiService
01-03 19:09:31.444   322   349 V SystemServerTimingAsync: ssm.onUnlockingUser-0_com.android.server.wifi.WifiService took to complete: 0ms
01-03 19:09:31.444   322   349 D SystemServerTimingAsync: ssm.onUnlockingUser-0_com.android.server.wifi.scanner.WifiScanningService
01-03 19:09:31.444   322   349 V SystemServerTimingAsync: ssm.onUnlockingUser-0_com.android.server.wifi.scanner.WifiScanningService took to complete: 0ms
01-03 19:09:31.444   322   349 D SystemServerTimingAsync: ssm.onUnlockingUser-0_com.android.server.ConnectivityServiceInitializer
01-03 19:09:31.444   322   349 V SystemServerTimingAsync: ssm.onUnlockingUser-0_com.android.server.ConnectivityServiceInitializer took to complete: 0ms
01-03 19:09:31.444   322   349 D SystemServerTimingAsync: ssm.onUnlockingUser-0_com.android.server.notification.NotificationManagerService
01-03 19:09:31.444   322   349 V SystemServerTimingAsync: ssm.onUnlockingUser-0_com.android.server.notification.NotificationManagerService took to complete: 0ms
01-03 19:09:31.444   322   349 D SystemServerTimingAsync: ssm.onUnlockingUser-0_com.android.server.storage.DeviceStorageMonitorService
01-03 19:09:31.444   322   349 V SystemServerTimingAsync: ssm.onUnlockingUser-0_com.android.server.storage.DeviceStorageMonitorService took to complete: 0ms
01-03 19:09:31.444   322   349 D SystemServerTimingAsync: ssm.onUnlockingUser-0_com.android.server.location.LocationManagerService$Lifecycle
01-03 19:09:31.444   322   349 V SystemServerTimingAsync: ssm.onUnlockingUser-0_com.android.server.location.LocationManagerService$Lifecycle took to complete: 0ms
01-03 19:09:31.444   322   349 D SystemServerTimingAsync: ssm.onUnlockingUser-0_com.android.server.timedetector.TimeDetectorService$Lifecycle
01-03 19:09:31.444   322   349 V SystemServerTimingAsync: ssm.onUnlockingUser-0_com.android.server.timedetector.TimeDetectorService$Lifecycle took to complete: 0ms
