01-03 19:09:31.444   322   349 D SystemServerTimingAsync: ssm.onUnlockingUser-0_com.android.server.timezonedetector.TimeZoneDetectorService$Lifecycle
01-03 19:09:31.444   322   349 V SystemServerTimingAsync: ssm.onUnlockingUser-0_com.android.server.timezonedetector.TimeZoneDetectorService$Lifecycle took to complete: 0ms
01-03 19:09:31.444   322   349 D SystemServerTimingAsync: ssm.onUnlockingUser-0_com.android.server.timezonedetector.location.LocationTimeZoneManagerService$Lifecycle
01-03 19:09:31.444   322   349 V SystemServerTimingAsync: ssm.onUnlockingUser-0_com.android.server.timezonedetector.location.LocationTimeZoneManagerService$Lifecycle took to complete: 0ms
01-03 19:09:31.444   322   349 D SystemServerTimingAsync: ssm.onUnlockingUser-0_com.android.server.search.SearchManagerService$Lifecycle
01-03 19:09:31.444   322   349 V SystemServerTimingAsync: ssm.onUnlockingUser-0_com.android.server.search.SearchManagerService$Lifecycle took to complete: 0ms
01-03 19:09:31.444   322   349 D SystemServerTimingAsync: ssm.onUnlockingUser-0_com.android.server.wallpaper.WallpaperManagerService$Lifecycle
01-03 19:09:31.444   322   349 V SystemServerTimingAsync: ssm.onUnlockingUser-0_com.android.server.wallpaper.WallpaperManagerService$Lifecycle took to complete: 0ms
01-03 19:09:31.444   322   349 D SystemServerTimingAsync: ssm.onUnlockingUser-0_com.android.server.wallpapereffectsgeneration.WallpaperEffectsGenerationManagerService
01-03 19:09:31.444   322   349 V SystemServerTimingAsync: ssm.onUnlockingUser-0_com.android.server.wallpapereffectsgeneration.WallpaperEffectsGenerationManagerService took to complete: 0ms
01-03 19:09:31.444   322   349 D SystemServerTimingAsync: ssm.onUnlockingUser-0_com.android.server.audio.AudioService$Lifecycle
01-03 19:09:31.444   322   349 V SystemServerTimingAsync: ssm.onUnlockingUser-0_com.android.server.audio.AudioService$Lifecycle took to complete: 0ms
01-03 19:09:31.444   322   349 D SystemServerTimingAsync: ssm.onUnlockingUser-0_com.android.server.soundtrigger_middleware.SoundTriggerMiddlewareService$Lifecycle
01-03 19:09:31.444   322   349 V SystemServerTimingAsync: ssm.onUnlockingUser-0_com.android.server.soundtrigger_middleware.SoundTriggerMiddlewareService$Lifecycle took to complete: 0ms
01-03 19:09:31.444   322   349 D SystemServerTimingAsync: ssm.onUnlockingUser-0_com.android.server.DockObserver
01-03 19:09:31.444   322   349 V SystemServerTimingAsync: ssm.onUnlockingUser-0_com.android.server.DockObserver took to complete: 0ms
01-03 19:09:31.444   322   349 D SystemServerTimingAsync: ssm.onUnlockingUser-0_com.android.server.adb.AdbService$Lifecycle
01-03 19:09:31.444   322   349 V SystemServerTimingAsync: ssm.onUnlockingUser-0_com.android.server.adb.AdbService$Lifecycle took to complete: 0ms
01-03 19:09:31.444   322   349 D SystemServerTimingAsync: ssm.onUnlockingUser-0_com.android.server.usb.UsbService$Lifecycle
01-03 19:09:31.444   322   349 V SystemServerTimingAsync: ssm.onUnlockingUser-0_com.android.server.usb.UsbService$Lifecycle took to complete: 0ms
01-03 19:09:31.444   322   349 D SystemServerTimingAsync: ssm.onUnlockingUser-0_com.android.server.twilight.TwilightService
01-03 19:09:31.444   322   349 V SystemServerTimingAsync: ssm.onUnlockingUser-0_com.android.server.twilight.TwilightService took to complete: 0ms
01-03 19:09:31.444   322   349 D SystemServerTimingAsync: ssm.onUnlockingUser-0_com.android.server.display.color.ColorDisplayService
01-03 19:09:31.444   322   349 V SystemServerTimingAsync: ssm.onUnlockingUser-0_com.android.server.display.color.ColorDisplayService took to complete: 0ms
01-03 19:09:31.444   322   349 D SystemServerTimingAsync: ssm.onUnlockingUser-0_com.android.server.job.JobSchedulerService
01-03 19:09:31.444   322   349 V SystemServerTimingAsync: ssm.onUnlockingUser-0_com.android.server.job.JobSchedulerService took to complete: 0ms
01-03 19:09:31.444   322   349 D SystemServerTimingAsync: ssm.onUnlockingUser-0_com.android.server.soundtrigger.SoundTriggerService
01-03 19:09:31.444   322   349 V SystemServerTimingAsync: ssm.onUnlockingUser-0_com.android.server.soundtrigger.SoundTriggerService took to complete: 0ms
01-03 19:09:31.444   322   349 D SystemServerTimingAsync: ssm.onUnlockingUser-0_com.android.server.trust.TrustManagerService
01-03 19:09:31.444   322   349 V SystemServerTimingAsync: ssm.onUnlockingUser-0_com.android.server.trust.TrustManagerService took to complete: 0ms
01-03 19:09:31.444   322   349 D SystemServerTimingAsync: ssm.onUnlockingUser-0_com.android.server.backup.BackupManagerService$Lifecycle
01-03 19:09:31.444   322   349 V SystemServerTimingAsync: ssm.onUnlockingUser-0_com.android.server.backup.BackupManagerService$Lifecycle took to complete: 0ms
01-03 19:09:31.444   322   349 D SystemServerTimingAsync: ssm.onUnlockingUser-0_com.android.server.appwidget.AppWidgetService
01-03 19:09:31.444   322   349 V SystemServerTimingAsync: ssm.onUnlockingUser-0_com.android.server.appwidget.AppWidgetService took to complete: 0ms
01-03 19:09:31.444   322   349 D SystemServerTimingAsync: ssm.onUnlockingUser-0_com.android.server.voiceinteraction.VoiceInteractionManagerService
01-03 19:09:31.444   322   547 I BackupManagerService: Starting service for user: 0
01-03 19:09:31.445   322   547 V BackupManagerService: [UserID:0] Starting with transport com.google.android.gms/.backup.BackupTransportService
01-03 19:09:31.445   322   547 D BackupManagerService: [UserID:0] Started thread backup-0
01-03 19:09:31.445    58    58 I vold    : Bind mounting /data/media to /mnt/pass_through/0/emulated
01-03 19:09:31.445   322   439 I StorageSessionController: On volume mount VolumeInfo{emulated;0}:
01-03 19:09:31.445   322   439 I StorageSessionController:     type=EMULATED diskId=null partGuid= mountFlags=PRIMARY|VISIBLE_FOR_WRITE 
01-03 19:09:31.445   322   439 I StorageSessionController:     mountUserId=0 state=CHECKING 
01-03 19:09:31.445   322   439 I StorageSessionController:     fsType=null fsUuid=null fsLabel=null 
01-03 19:09:31.445   322   439 I StorageSessionController:     path=/storage/emulated internalPath=/data/media 
01-03 19:09:31.445   322   439 I StorageSessionController: Creating connection for user: 0
01-03 19:09:31.445   322   547 E BackupPasswordManager: Unable to read backup pw version
01-03 19:09:31.445   322   438 W InputMethodManagerService: Illegal subtype state: old subtype = null, new subtype = android.view.inputmethod.InputMethodSubtype@c9194f98
01-03 19:09:31.445   322   547 E BackupPasswordManager: Unable to read saved backup pw hash
01-03 19:09:31.445   322   439 I StorageSessionController: Creating and starting session with id: emulated;0
01-03 19:09:31.445   322   439 I StorageUserConnection: Binding to the ExternalStorageService for user 0
01-03 19:09:31.446   322   439 D CompatibilityChangeReporter: Compat change id reported: 135634846; UID 10143; state: DISABLED
01-03 19:09:31.446   322   350 D CompatibilityChangeReporter: Compat change id reported: 143937733; UID 10143; state: ENABLED
01-03 19:09:31.446   322   439 I StorageUserConnection: Bound to the ExternalStorageService for user 0
01-03 19:09:31.446   322   988 D CompatibilityChangeReporter: Compat change id reported: 161145287; UID 10112; state: DISABLED
01-03 19:09:31.446   322   349 D CompatibilityChangeReporter: Compat change id reported: 135634846; UID 10098; state: DISABLED
01-03 19:09:31.446   322   349 V SystemServerTimingAsync: ssm.onUnlockingUser-0_com.android.server.voiceinteraction.VoiceInteractionManagerService took to complete: 2ms
01-03 19:09:31.446   322   349 D SystemServerTimingAsync: ssm.onUnlockingUser-0_com.android.server.apphibernation.AppHibernationService
01-03 19:09:31.446   322   349 V SystemServerTimingAsync: ssm.onUnlockingUser-0_com.android.server.apphibernation.AppHibernationService took to complete: 0ms
01-03 19:09:31.446   322   349 D SystemServerTimingAsync: ssm.onUnlockingUser-0_com.android.server.GestureLauncherService
01-03 19:09:31.446   322   349 V SystemServerTimingAsync: ssm.onUnlockingUser-0_com.android.server.GestureLauncherService took to complete: 0ms
01-03 19:09:31.446   322   349 D SystemServerTimingAsync: ssm.onUnlockingUser-0_com.android.server.SensorNotificationService
01-03 19:09:31.446   322   349 V SystemServerTimingAsync: ssm.onUnlockingUser-0_com.android.server.SensorNotificationService took to complete: 0ms
01-03 19:09:31.446   322   349 D SystemServerTimingAsync: ssm.onUnlockingUser-0_com.android.server.emergency.EmergencyAffordanceService
01-03 19:09:31.446   322   349 V SystemServerTimingAsync: ssm.onUnlockingUser-0_com.android.server.emergency.EmergencyAffordanceService took to complete: 0ms
01-03 19:09:31.446   322   547 V BackupManagerService: [UserID:0] No ancestral data
01-03 19:09:31.446   322   349 D SystemServerTimingAsync: ssm.onUnlockingUser-0_com.android.server.blob.BlobStoreManagerService
01-03 19:09:31.446   322   349 V SystemServerTimingAsync: ssm.onUnlockingUser-0_com.android.server.blob.BlobStoreManagerService took to complete: 0ms
01-03 19:09:31.446   322   349 D SystemServerTimingAsync: ssm.onUnlockingUser-0_com.android.server.dreams.DreamManagerService
01-03 19:09:31.446   322   349 V SystemServerTimingAsync: ssm.onUnlockingUser-0_com.android.server.dreams.DreamManagerService took to complete: 0ms
01-03 19:09:31.446   322   349 D SystemServerTimingAsync: ssm.onUnlockingUser-0_com.android.server.print.PrintManagerService
01-03 19:09:31.446   322  1237 I HibernationStateDiskStore: No hibernation file on disk for file /data/system_ce/0/hibernation/states
01-03 19:09:31.446   322   349 V SystemServerTimingAsync: ssm.onUnlockingUser-0_com.android.server.print.PrintManagerService took to complete: 0ms
01-03 19:09:31.446   322   349 D SystemServerTimingAsync: ssm.onUnlockingUser-0_com.android.server.security.AttestationVerificationManagerService
01-03 19:09:31.446   322   349 V SystemServerTimingAsync: ssm.onUnlockingUser-0_com.android.server.security.AttestationVerificationManagerService took to complete: 0ms
01-03 19:09:31.446   322   349 D SystemServerTimingAsync: ssm.onUnlockingUser-0_com.android.server.companion.CompanionDeviceManagerService
01-03 19:09:31.446   322   349 V SystemServerTimingAsync: ssm.onUnlockingUser-0_com.android.server.companion.CompanionDeviceManagerService took to complete: 0ms
01-03 19:09:31.446   322   349 D SystemServerTimingAsync: ssm.onUnlockingUser-0_com.android.server.companion.virtual.VirtualDeviceManagerService
01-03 19:09:31.446   322   349 V SystemServerTimingAsync: ssm.onUnlockingUser-0_com.android.server.companion.virtual.VirtualDeviceManagerService took to complete: 0ms
01-03 19:09:31.446   322   349 D SystemServerTimingAsync: ssm.onUnlockingUser-0_com.android.server.restrictions.RestrictionsManagerService
01-03 19:09:31.446   322   349 V SystemServerTimingAsync: ssm.onUnlockingUser-0_com.android.server.restrictions.RestrictionsManagerService took to complete: 0ms
01-03 19:09:31.446   322   349 D SystemServerTimingAsync: ssm.onUnlockingUser-0_com.android.server.media.MediaSessionService
01-03 19:09:31.446   322   349 V SystemServerTimingAsync: ssm.onUnlockingUser-0_com.android.server.media.MediaSessionService took to complete: 0ms
01-03 19:09:31.446   322   349 D SystemServerTimingAsync: ssm.onUnlockingUser-0_com.android.server.media.MediaResourceMonitorService
01-03 19:09:31.446   322   349 V SystemServerTimingAsync: ssm.onUnlockingUser-0_com.android.server.media.MediaResourceMonitorService took to complete: 0ms
01-03 19:09:31.446   322   349 D SystemServerTimingAsync: ssm.onUnlockingUser-0_com.android.server.biometrics.BiometricService
01-03 19:09:31.446   322   349 V SystemServerTimingAsync: ssm.onUnlockingUser-0_com.android.server.biometrics.BiometricService took to complete: 0ms
01-03 19:09:31.446   322   349 D SystemServerTimingAsync: ssm.onUnlockingUser-0_com.android.server.biometrics.AuthService
01-03 19:09:31.446   322   349 V SystemServerTimingAsync: ssm.onUnlockingUser-0_com.android.server.biometrics.AuthService took to complete: 0ms
01-03 19:09:31.446   322   349 D SystemServerTimingAsync: ssm.onUnlockingUser-0_com.android.server.pm.ShortcutService$Lifecycle
01-03 19:09:31.446   322   349 V SystemServerTimingAsync: ssm.onUnlockingUser-0_com.android.server.pm.ShortcutService$Lifecycle took to complete: 0ms
01-03 19:09:31.446   322   349 D SystemServerTimingAsync: ssm.onUnlockingUser-0_com.android.server.pm.LauncherAppsService
01-03 19:09:31.446   322   349 V SystemServerTimingAsync: ssm.onUnlockingUser-0_com.android.server.pm.LauncherAppsService took to complete: 0ms
01-03 19:09:31.446   322   349 D SystemServerTimingAsync: ssm.onUnlockingUser-0_com.android.server.pm.CrossProfileAppsService
01-03 19:09:31.446   322   349 V SystemServerTimingAsync: ssm.onUnlockingUser-0_com.android.server.pm.CrossProfileAppsService took to complete: 0ms
01-03 19:09:31.446   322   349 D SystemServerTimingAsync: ssm.onUnlockingUser-0_com.android.server.people.PeopleService
01-03 19:09:31.446   322   349 V SystemServerTimingAsync: ssm.onUnlockingUser-0_com.android.server.people.PeopleService took to complete: 0ms
01-03 19:09:31.446   322   349 D SystemServerTimingAsync: ssm.onUnlockingUser-0_com.android.server.media.metrics.MediaMetricsManagerService
01-03 19:09:31.446   322   349 V SystemServerTimingAsync: ssm.onUnlockingUser-0_com.android.server.media.metrics.MediaMetricsManagerService took to complete: 0ms
01-03 19:09:31.446   322   349 D SystemServerTimingAsync: ssm.onUnlockingUser-0_com.android.server.media.projection.MediaProjectionManagerService
01-03 19:09:31.446   322   349 V SystemServerTimingAsync: ssm.onUnlockingUser-0_com.android.server.media.projection.MediaProjectionManagerService took to complete: 0ms
01-03 19:09:31.446   322   349 D SystemServerTimingAsync: ssm.onUnlockingUser-0_com.android.server.slice.SliceManagerService$Lifecycle
01-03 19:09:31.446   322   349 V SystemServerTimingAsync: ssm.onUnlockingUser-0_com.android.server.slice.SliceManagerService$Lifecycle took to complete: 0ms
01-03 19:09:31.446   322   349 D SystemServerTimingAsync: ssm.onUnlockingUser-0_com.android.server.stats.StatsCompanion$Lifecycle
01-03 19:09:31.446   322   349 V SystemServerTimingAsync: ssm.onUnlockingUser-0_com.android.server.stats.StatsCompanion$Lifecycle took to complete: 0ms
01-03 19:09:31.446   322   349 D SystemServerTimingAsync: ssm.onUnlockingUser-0_com.android.server.scheduling.RebootReadinessManagerService$Lifecycle
01-03 19:09:31.446   322   349 V SystemServerTimingAsync: ssm.onUnlockingUser-0_com.android.server.scheduling.RebootReadinessManagerService$Lifecycle took to complete: 0ms
01-03 19:09:31.446   322   349 D SystemServerTimingAsync: ssm.onUnlockingUser-0_com.android.server.stats.pull.StatsPullAtomService
01-03 19:09:31.446   322   349 V SystemServerTimingAsync: ssm.onUnlockingUser-0_com.android.server.stats.pull.StatsPullAtomService took to complete: 0ms
01-03 19:09:31.446   322   349 D SystemServerTimingAsync: ssm.onUnlockingUser-0_com.android.server.stats.bootstrap.StatsBootstrapAtomService$Lifecycle
01-03 19:09:31.446   322   349 V SystemServerTimingAsync: ssm.onUnlockingUser-0_com.android.server.stats.bootstrap.StatsBootstrapAtomService$Lifecycle took to complete: 0ms
01-03 19:09:31.446   322   349 D SystemServerTimingAsync: ssm.onUnlockingUser-0_com.android.server.incident.IncidentCompanionService
01-03 19:09:31.446   322   349 V SystemServerTimingAsync: ssm.onUnlockingUser-0_com.android.server.incident.IncidentCompanionService took to complete: 0ms
01-03 19:09:31.446   322   349 D SystemServerTimingAsync: ssm.onUnlockingUser-0_com.android.server.sdksandbox.SdkSandboxManagerService$Lifecycle
01-03 19:09:31.446   322   349 V SystemServerTimingAsync: ssm.onUnlockingUser-0_com.android.server.sdksandbox.SdkSandboxManagerService$Lifecycle took to complete: 0ms
01-03 19:09:31.446   322   349 D SystemServerTimingAsync: ssm.onUnlockingUser-0_com.android.server.adservices.AdServicesManagerService$Lifecycle
01-03 19:09:31.446   322   349 V SystemServerTimingAsync: ssm.onUnlockingUser-0_com.android.server.adservices.AdServicesManagerService$Lifecycle took to complete: 0ms
01-03 19:09:31.446   322   349 D SystemServerTimingAsync: ssm.onUnlockingUser-0_com.android.server.autofill.AutofillManagerService
01-03 19:09:31.446   322   348 I UsageStatsService: User[0] Rollover scheduled @ 2025-12-01 01:41:04(1764549664250)
01-03 19:09:31.447   322   348 I UsageStatsService: User[0] Rolling over usage stats
01-03 19:09:31.447   322   349 E RemoteAugmentedAutofillService: Bad service name for flags 1048704: com.google.android.as/com.google.android.apps.miphone.aiai.app.AiAiAugmentedAutofillService
01-03 19:09:31.447   322   349 E RemoteAugmentedAutofillService: Bad service name for flags 1048704: com.google.android.as/com.google.android.apps.miphone.aiai.app.AiAiAugmentedAutofillService
01-03 19:09:31.447   322   349 V SystemServerTimingAsync: ssm.onUnlockingUser-0_com.android.server.autofill.AutofillManagerService took to complete: 1ms
01-03 19:09:31.447   322   349 D SystemServerTimingAsync: ssm.onUnlockingUser-0_com.android.server.clipboard.ClipboardService
01-03 19:09:31.447   322   349 V SystemServerTimingAsync: ssm.onUnlockingUser-0_com.android.server.clipboard.ClipboardService took to complete: 0ms
01-03 19:09:31.447   322   349 D SystemServerTimingAsync: ssm.onUnlockingUser-0_com.android.server.appbinding.AppBindingService$Lifecycle
01-03 19:09:31.447   322   349 V SystemServerTimingAsync: ssm.onUnlockingUser-0_com.android.server.appbinding.AppBindingService$Lifecycle took to complete: 0ms
01-03 19:09:31.447   322   349 D SystemServerTimingAsync: ssm.onUnlockingUser-0_com.android.server.tracing.TracingServiceProxy
01-03 19:09:31.447   322   349 V SystemServerTimingAsync: ssm.onUnlockingUser-0_com.android.server.tracing.TracingServiceProxy took to complete: 0ms
01-03 19:09:31.447   322   349 D SystemServerTimingAsync: ssm.onUnlockingUser-0_org.lineageos.platform.internal.ProfileManagerService
01-03 19:09:31.447   322   349 V SystemServerTimingAsync: ssm.onUnlockingUser-0_org.lineageos.platform.internal.ProfileManagerService took to complete: 0ms
01-03 19:09:31.447   322   349 D SystemServerTimingAsync: ssm.onUnlockingUser-0_org.lineageos.platform.internal.LineageHardwareService
01-03 19:09:31.447   322   349 V SystemServerTimingAsync: ssm.onUnlockingUser-0_org.lineageos.platform.internal.LineageHardwareService took to complete: 0ms
01-03 19:09:31.447   322   349 D SystemServerTimingAsync: ssm.onUnlockingUser-0_org.lineageos.platform.internal.display.LiveDisplayService
01-03 19:09:31.447   322   349 V SystemServerTimingAsync: ssm.onUnlockingUser-0_org.lineageos.platform.internal.display.LiveDisplayService took to complete: 0ms
01-03 19:09:31.447   322   349 D SystemServerTimingAsync: ssm.onUnlockingUser-0_org.lineageos.platform.internal.LineageSettingsService
01-03 19:09:31.447   322   349 V SystemServerTimingAsync: ssm.onUnlockingUser-0_org.lineageos.platform.internal.LineageSettingsService took to complete: 0ms
01-03 19:09:31.447   322   349 D SystemServerTimingAsync: ssm.onUnlockingUser-0_org.lineageos.platform.internal.LineageGlobalActionsService
01-03 19:09:31.447   322   349 V SystemServerTimingAsync: ssm.onUnlockingUser-0_org.lineageos.platform.internal.LineageGlobalActionsService took to complete: 0ms
01-03 19:09:31.447   322   349 D SystemServerTimingAsync: ssm.onUnlockingUser-0_org.lineageos.platform.internal.health.HealthInterfaceService
01-03 19:09:31.447   322   349 V SystemServerTimingAsync: ssm.onUnlockingUser-0_org.lineageos.platform.internal.health.HealthInterfaceService took to complete: 0ms
01-03 19:09:31.447   322   349 D SystemServerTimingAsync: ssm.onUnlockingUser-0_org.lineageos.platform.internal.WayDroidService
01-03 19:09:31.447   322   349 V SystemServerTimingAsync: ssm.onUnlockingUser-0_org.lineageos.platform.internal.WayDroidService took to complete: 0ms
01-03 19:09:31.447   322   349 D SystemServerTimingAsync: ssm.onUnlockingUser-0_com.android.server.policy.PermissionPolicyService
01-03 19:09:31.447   322   349 V SystemServerTimingAsync: ssm.onUnlockingUser-0_com.android.server.policy.PermissionPolicyService took to complete: 0ms
01-03 19:09:31.447   322   349 D SystemServerTimingAsync: ssm.onUnlockingUser-0_com.android.server.pm.StagingManager$Lifecycle
01-03 19:09:31.447   322   349 V SystemServerTimingAsync: ssm.onUnlockingUser-0_com.android.server.pm.StagingManager$Lifecycle took to complete: 0ms
01-03 19:09:31.447   322   349 D SystemServerTimingAsync: ssm.onUnlockingUser-0_com.android.server.app.GameManagerService$Lifecycle
01-03 19:09:31.447   322   349 V SystemServerTimingAsync: ssm.onUnlockingUser-0_com.android.server.app.GameManagerService$Lifecycle took to complete: 0ms
01-03 19:09:31.447   322   349 D SystemServerTimingAsync: ssm.onUnlockingUser-0_com.android.safetycenter.SafetyCenterService
01-03 19:09:31.447   322   349 V SystemServerTimingAsync: ssm.onUnlockingUser-0_com.android.safetycenter.SafetyCenterService took to complete: 0ms
01-03 19:09:31.447   322   349 D SystemServerTimingAsync: ssm.onUnlockingUser-0_com.android.server.appsearch.AppSearchModule$Lifecycle
01-03 19:09:31.448   322   349 V SystemServerTimingAsync: ssm.onUnlockingUser-0_com.android.server.appsearch.AppSearchModule$Lifecycle took to complete: 1ms
01-03 19:09:31.448   322   349 D SystemServerTimingAsync: ssm.onUnlockingUser-0_com.android.server.media.MediaCommunicationService
01-03 19:09:31.448   322   349 V SystemServerTimingAsync: ssm.onUnlockingUser-0_com.android.server.media.MediaCommunicationService took to complete: 0ms
01-03 19:09:31.448   322   349 D SystemServerTimingAsync: ssm.onUnlockingUser-0_com.android.server.compat.overrides.AppCompatOverridesService$Lifecycle
01-03 19:09:31.448   322   349 V SystemServerTimingAsync: ssm.onUnlockingUser-0_com.android.server.compat.overrides.AppCompatOverridesService$Lifecycle took to complete: 0ms
01-03 19:09:31.448   322   349 V SystemServerTimingAsync: ssm.UnlockingUser-0 took to complete: 6ms
01-03 19:09:31.448   322   349 W ActivityManager: UserLifecycleEvent 5 received without an active userJourneySession.
01-03 19:09:31.448   322   349 W ActivityManager: UserLifecycleEvent 6 received without an active userJourneySession.
01-03 19:09:31.448   322   349 D SystemServerTiming: finishUserUnlocked-0
01-03 19:09:31.448   322   339 I ActivityTaskManager: Loading recents for user 0 into memory.
01-03 19:09:31.448   322   349 I ActivityManager: User 0 state changed from RUNNING_UNLOCKING to RUNNING_UNLOCKED
01-03 19:09:31.448   322   349 V SystemServerTiming: SystemUserUnlock took to complete: 21ms
01-03 19:09:31.448   322   339 V PackageConfigPersister: loadPackages: empty list files from /data/system_ce/0/package_configs
01-03 19:09:31.448   322   349 I ActivityManager: Posting BOOT_COMPLETED user #0
01-03 19:09:31.448   322   349 V SystemServerTiming: finishUserUnlocked-0 took to complete: 0ms
01-03 19:09:31.448   322  1266 V BackupManagerConstants: getKeyValueBackupIntervalMilliseconds(...) returns 43200000
01-03 19:09:31.448   322  1266 V BackupManagerConstants: getKeyValueBackupFuzzMilliseconds(...) returns 600000
01-03 19:09:31.448   322  1266 V BackupManagerConstants: getKeyValueBackupRequiredNetworkType(...) returns 1
01-03 19:09:31.448   322  1266 V BackupManagerConstants: getKeyValueBackupRequireCharging(...) returns true
01-03 19:09:31.448   322  1266 V KeyValueBackupJob: Scheduling k/v pass in 722 minutes
01-03 19:09:31.449   322   322 W WindowMagnificationMgr: requestConnection duplicated request: connect=false, mConnectionState=DISCONNECTED
01-03 19:09:31.449   322   349 D SystemServerTimingAsync: ssm.UnlockedUser-0
01-03 19:09:31.449   322   349 I SystemServiceManager: Calling onUnlockedUser 0
01-03 19:09:31.449   322   349 D SystemServerTimingAsync: ssm.onUnlockedUser-0_com.android.server.security.FileIntegrityService
01-03 19:09:31.449   322   349 V SystemServerTimingAsync: ssm.onUnlockedUser-0_com.android.server.security.FileIntegrityService took to complete: 0ms
01-03 19:09:31.449   322   349 D SystemServerTimingAsync: ssm.onUnlockedUser-0_com.android.server.pm.Installer
01-03 19:09:31.449   322   349 V SystemServerTimingAsync: ssm.onUnlockedUser-0_com.android.server.pm.Installer took to complete: 0ms
01-03 19:09:31.449   322   349 D SystemServerTimingAsync: ssm.onUnlockedUser-0_com.android.server.os.DeviceIdentifiersPolicyService
01-03 19:09:31.449   322   349 V SystemServerTimingAsync: ssm.onUnlockedUser-0_com.android.server.os.DeviceIdentifiersPolicyService took to complete: 0ms
01-03 19:09:31.449   322   349 D SystemServerTimingAsync: ssm.onUnlockedUser-0_com.android.server.uri.UriGrantsManagerService$Lifecycle
01-03 19:09:31.449   322   349 V SystemServerTimingAsync: ssm.onUnlockedUser-0_com.android.server.uri.UriGrantsManagerService$Lifecycle took to complete: 0ms
01-03 19:09:31.449   322   349 D SystemServerTimingAsync: ssm.onUnlockedUser-0_com.android.server.powerstats.PowerStatsService
01-03 19:09:31.449   322   349 V SystemServerTimingAsync: ssm.onUnlockedUser-0_com.android.server.powerstats.PowerStatsService took to complete: 0ms
01-03 19:09:31.449   322   349 D SystemServerTimingAsync: ssm.onUnlockedUser-0_com.android.server.wm.ActivityTaskManagerService$Lifecycle
01-03 19:09:31.449   322   350 I Watchdog: Interesting Java process com.android.providers.media.module started. Pid 1281
01-03 19:09:31.449   322   350 I ActivityManager: Start proc 1281:com.android.providers.media.module/u0a143 for service {com.android.providers.media.module/com.android.providers.media.fuse.ExternalStorageServiceImpl}
01-03 19:09:31.449   322   349 I LaunchParamsPersister: Didn't find launch param folder for user 0
01-03 19:09:31.449   322   349 V SystemServerTimingAsync: ssm.onUnlockedUser-0_com.android.server.wm.ActivityTaskManagerService$Lifecycle took to complete: 0ms
01-03 19:09:31.449   322   349 D SystemServerTimingAsync: ssm.onUnlockedUser-0_com.android.server.am.ActivityManagerService$Lifecycle
01-03 19:09:31.449   322   349 V SystemServerTimingAsync: ssm.onUnlockedUser-0_com.android.server.am.ActivityManagerService$Lifecycle took to complete: 0ms
01-03 19:09:31.449   322   349 D SystemServerTimingAsync: ssm.onUnlockedUser-0_com.android.server.pm.DataLoaderManagerService
01-03 19:09:31.449   322   349 V SystemServerTimingAsync: ssm.onUnlockedUser-0_com.android.server.pm.DataLoaderManagerService took to complete: 0ms
01-03 19:09:31.449   322   349 D SystemServerTimingAsync: ssm.onUnlockedUser-0_com.android.server.power.PowerManagerService
01-03 19:09:31.449   322   349 V SystemServerTimingAsync: ssm.onUnlockedUser-0_com.android.server.power.PowerManagerService took to complete: 0ms
01-03 19:09:31.449   322   349 D SystemServerTimingAsync: ssm.onUnlockedUser-0_com.android.server.power.ThermalManagerService
01-03 19:09:31.449   322   349 V SystemServerTimingAsync: ssm.onUnlockedUser-0_com.android.server.power.ThermalManagerService took to complete: 0ms
01-03 19:09:31.449   322   349 D SystemServerTimingAsync: ssm.onUnlockedUser-0_com.android.server.power.hint.HintManagerService
01-03 19:09:31.449   322   349 V SystemServerTimingAsync: ssm.onUnlockedUser-0_com.android.server.power.hint.HintManagerService took to complete: 0ms
01-03 19:09:31.449   322   349 D SystemServerTimingAsync: ssm.onUnlockedUser-0_com.android.server.recoverysystem.RecoverySystemService$Lifecycle
01-03 19:09:31.449   322   349 V SystemServerTimingAsync: ssm.onUnlockedUser-0_com.android.server.recoverysystem.RecoverySystemService$Lifecycle took to complete: 0ms
01-03 19:09:31.449   322   349 D SystemServerTimingAsync: ssm.onUnlockedUser-0_com.android.server.lights.LightsService
01-03 19:09:31.449   322   349 V SystemServerTimingAsync: ssm.onUnlockedUser-0_com.android.server.lights.LightsService took to complete: 0ms
01-03 19:09:31.449   322   349 D SystemServerTimingAsync: ssm.onUnlockedUser-0_com.android.server.display.DisplayManagerService
01-03 19:09:31.449   322   349 V SystemServerTimingAsync: ssm.onUnlockedUser-0_com.android.server.display.DisplayManagerService took to complete: 0ms
01-03 19:09:31.449   322   349 D SystemServerTimingAsync: ssm.onUnlockedUser-0_com.android.server.pm.verify.domain.DomainVerificationService
01-03 19:09:31.449   322   349 V SystemServerTimingAsync: ssm.onUnlockedUser-0_com.android.server.pm.verify.domain.DomainVerificationService took to complete: 0ms
01-03 19:09:31.449   322   349 D SystemServerTimingAsync: ssm.onUnlockedUser-0_com.android.server.pm.PackageInstallerService$Lifecycle
01-03 19:09:31.449   322   349 V SystemServerTimingAsync: ssm.onUnlockedUser-0_com.android.server.pm.PackageInstallerService$Lifecycle took to complete: 0ms
01-03 19:09:31.449   322   349 D SystemServerTimingAsync: ssm.onUnlockedUser-0_com.android.server.pm.UserManagerService$LifeCycle
01-03 19:09:31.449   322   349 V SystemServerTimingAsync: ssm.onUnlockedUser-0_com.android.server.pm.UserManagerService$LifeCycle took to complete: 0ms
01-03 19:09:31.449   322   349 D SystemServerTimingAsync: ssm.onUnlockedUser-0_com.android.server.om.OverlayManagerService
01-03 19:09:31.449   322   349 V SystemServerTimingAsync: ssm.onUnlockedUser-0_com.android.server.om.OverlayManagerService took to complete: 0ms
01-03 19:09:31.449   322   349 D SystemServerTimingAsync: ssm.onUnlockedUser-0_com.android.server.resources.ResourcesManagerService
01-03 19:09:31.449   322   349 V SystemServerTimingAsync: ssm.onUnlockedUser-0_com.android.server.resources.ResourcesManagerService took to complete: 0ms
01-03 19:09:31.449   322   349 D SystemServerTimingAsync: ssm.onUnlockedUser-0_com.android.server.sensorprivacy.SensorPrivacyService
01-03 19:09:31.449   322   349 V SystemServerTimingAsync: ssm.onUnlockedUser-0_com.android.server.sensorprivacy.SensorPrivacyService took to complete: 0ms
01-03 19:09:31.449   322   349 D SystemServerTimingAsync: ssm.onUnlockedUser-0_com.android.server.sensors.SensorService
01-03 19:09:31.449   322   349 V SystemServerTimingAsync: ssm.onUnlockedUser-0_com.android.server.sensors.SensorService took to complete: 0ms
01-03 19:09:31.449   322   349 D SystemServerTimingAsync: ssm.onUnlockedUser-0_com.android.server.SystemConfigService
01-03 19:09:31.449   322   350 D CompatibilityChangeReporter: Compat change id reported: 143937733; UID 10098; state: ENABLED
01-03 19:09:31.449   322   349 V SystemServerTimingAsync: ssm.onUnlockedUser-0_com.android.server.SystemConfigService took to complete: 0ms
01-03 19:09:31.449   322   335 D CompatibilityChangeReporter: Compat change id reported: 161252188; UID 1000; state: DISABLED
01-03 19:09:31.449   322   349 D SystemServerTimingAsync: ssm.onUnlockedUser-0_com.android.server.BatteryService
01-03 19:09:31.449   322   349 V SystemServerTimingAsync: ssm.onUnlockedUser-0_com.android.server.BatteryService took to complete: 0ms
01-03 19:09:31.449   322   349 D SystemServerTimingAsync: ssm.onUnlockedUser-0_com.android.server.usage.UsageStatsService
01-03 19:09:31.449   322   349 V SystemServerTimingAsync: ssm.onUnlockedUser-0_com.android.server.usage.UsageStatsService took to complete: 0ms
01-03 19:09:31.449   322   349 D SystemServerTimingAsync: ssm.onUnlockedUser-0_com.android.server.webkit.WebViewUpdateService
01-03 19:09:31.449   322   349 V SystemServerTimingAsync: ssm.onUnlockedUser-0_com.android.server.webkit.WebViewUpdateService took to complete: 0ms
01-03 19:09:31.449   322   349 D SystemServerTimingAsync: ssm.onUnlockedUser-0_com.android.server.CachedDeviceStateService
01-03 19:09:31.449   322   349 V SystemServerTimingAsync: ssm.onUnlockedUser-0_com.android.server.CachedDeviceStateService took to complete: 0ms
01-03 19:09:31.449   322   349 D SystemServerTimingAsync: ssm.onUnlockedUser-0_com.android.server.BinderCallsStatsService$LifeCycle
01-03 19:09:31.449   322   349 V SystemServerTimingAsync: ssm.onUnlockedUser-0_com.android.server.BinderCallsStatsService$LifeCycle took to complete: 0ms
01-03 19:09:31.449   322   349 D SystemServerTimingAsync: ssm.onUnlockedUser-0_com.android.server.LooperStatsService$Lifecycle
01-03 19:09:31.449   322   349 V SystemServerTimingAsync: ssm.onUnlockedUser-0_com.android.server.LooperStatsService$Lifecycle took to complete: 0ms
01-03 19:09:31.449   322   349 D SystemServerTimingAsync: ssm.onUnlockedUser-0_com.android.server.rollback.RollbackManagerService
01-03 19:09:31.449   322   349 V SystemServerTimingAsync: ssm.onUnlockedUser-0_com.android.server.rollback.RollbackManagerService took to complete: 0ms
01-03 19:09:31.449   322   349 D SystemServerTimingAsync: ssm.onUnlockedUser-0_com.android.server.os.NativeTombstoneManagerService
01-03 19:09:31.449   322   349 V SystemServerTimingAsync: ssm.onUnlockedUser-0_com.android.server.os.NativeTombstoneManagerService took to complete: 0ms
01-03 19:09:31.449   322   349 D SystemServerTimingAsync: ssm.onUnlockedUser-0_com.android.server.os.BugreportManagerService
01-03 19:09:31.449   322   349 V SystemServerTimingAsync: ssm.onUnlockedUser-0_com.android.server.os.BugreportManagerService took to complete: 0ms
01-03 19:09:31.449   322   349 D SystemServerTimingAsync: ssm.onUnlockedUser-0_com.android.server.gpu.GpuService
01-03 19:09:31.449   322   349 V SystemServerTimingAsync: ssm.onUnlockedUser-0_com.android.server.gpu.GpuService took to complete: 0ms
01-03 19:09:31.449   322   349 D SystemServerTimingAsync: ssm.onUnlockedUser-0_com.android.server.security.KeyChainSystemService
01-03 19:09:31.449   322   349 V SystemServerTimingAsync: ssm.onUnlockedUser-0_com.android.server.security.KeyChainSystemService took to complete: 0ms
01-03 19:09:31.449   322   349 D SystemServerTimingAsync: ssm.onUnlockedUser-0_com.android.server.BinaryTransparencyService
01-03 19:09:31.449   322   349 V SystemServerTimingAsync: ssm.onUnlockedUser-0_com.android.server.BinaryTransparencyService took to complete: 0ms
01-03 19:09:31.449   322   349 D SystemServerTimingAsync: ssm.onUnlockedUser-0_com.android.server.telecom.TelecomLoaderService
01-03 19:09:31.449   322   349 V SystemServerTimingAsync: ssm.onUnlockedUser-0_com.android.server.telecom.TelecomLoaderService took to complete: 0ms
01-03 19:09:31.449   322   349 D SystemServerTimingAsync: ssm.onUnlockedUser-0_com.android.server.accounts.AccountManagerService$Lifecycle
01-03 19:09:31.449   322   349 V SystemServerTimingAsync: ssm.onUnlockedUser-0_com.android.server.accounts.AccountManagerService$Lifecycle took to complete: 0ms
01-03 19:09:31.449   322   349 D SystemServerTimingAsync: ssm.onUnlockedUser-0_com.android.server.content.ContentService$Lifecycle
01-03 19:09:31.449   322   349 V SystemServerTimingAsync: ssm.onUnlockedUser-0_com.android.server.content.ContentService$Lifecycle took to complete: 0ms
01-03 19:09:31.449   322   349 D SystemServerTimingAsync: ssm.onUnlockedUser-0_com.android.server.DropBoxManagerService
01-03 19:09:31.449   322   349 V SystemServerTimingAsync: ssm.onUnlockedUser-0_com.android.server.DropBoxManagerService took to complete: 0ms
01-03 19:09:31.449   322   349 D SystemServerTimingAsync: ssm.onUnlockedUser-0_com.android.role.RoleService
01-03 19:09:31.449   322   349 V SystemServerTimingAsync: ssm.onUnlockedUser-0_com.android.role.RoleService took to complete: 0ms
01-03 19:09:31.449   322   349 D SystemServerTimingAsync: ssm.onUnlockedUser-0_com.android.server.vibrator.VibratorManagerService$Lifecycle
01-03 19:09:31.449   322   349 V SystemServerTimingAsync: ssm.onUnlockedUser-0_com.android.server.vibrator.VibratorManagerService$Lifecycle took to complete: 0ms
01-03 19:09:31.449   322   349 D SystemServerTimingAsync: ssm.onUnlockedUser-0_com.android.server.tare.InternalResourceService
01-03 19:09:31.449   322   349 V SystemServerTimingAsync: ssm.onUnlockedUser-0_com.android.server.tare.InternalResourceService took to complete: 0ms
01-03 19:09:31.449   322   349 D SystemServerTimingAsync: ssm.onUnlockedUser-0_com.android.server.alarm.AlarmManagerService
01-03 19:09:31.449   322   349 V SystemServerTimingAsync: ssm.onUnlockedUser-0_com.android.server.alarm.AlarmManagerService took to complete: 0ms
01-03 19:09:31.449   322   349 D SystemServerTimingAsync: ssm.onUnlockedUser-0_com.android.server.devicestate.DeviceStateManagerService
01-03 19:09:31.449   322   349 V SystemServerTimingAsync: ssm.onUnlockedUser-0_com.android.server.devicestate.DeviceStateManagerService took to complete: 0ms
01-03 19:09:31.449   322   349 D SystemServerTimingAsync: ssm.onUnlockedUser-0_com.android.server.camera.CameraServiceProxy
01-03 19:09:31.449   322   349 V SystemServerTimingAsync: ssm.onUnlockedUser-0_com.android.server.camera.CameraServiceProxy took to complete: 0ms
01-03 19:09:31.449   322   349 D SystemServerTimingAsync: ssm.onUnlockedUser-0_com.android.server.bluetooth.BluetoothService
01-03 19:09:31.449   322   349 V SystemServerTimingAsync: ssm.onUnlockedUser-0_com.android.server.bluetooth.BluetoothService took to complete: 0ms
01-03 19:09:31.449   322   349 D SystemServerTimingAsync: ssm.onUnlockedUser-0_com.android.server.connectivity.IpConnectivityMetrics
01-03 19:09:31.449   322   349 V SystemServerTimingAsync: ssm.onUnlockedUser-0_com.android.server.connectivity.IpConnectivityMetrics took to complete: 0ms
01-03 19:09:31.449   322   349 D SystemServerTimingAsync: ssm.onUnlockedUser-0_com.android.server.net.watchlist.NetworkWatchlistService$Lifecycle
01-03 19:09:31.449   322   349 V SystemServerTimingAsync: ssm.onUnlockedUser-0_com.android.server.net.watchlist.NetworkWatchlistService$Lifecycle took to complete: 0ms
01-03 19:09:31.449   322   349 D SystemServerTimingAsync: ssm.onUnlockedUser-0_com.android.server.PinnerService
01-03 19:09:31.449   322   349 V SystemServerTimingAsync: ssm.onUnlockedUser-0_com.android.server.PinnerService took to complete: 0ms
01-03 19:09:31.449   322   349 D SystemServerTimingAsync: ssm.onUnlockedUser-0_com.android.server.integrity.AppIntegrityManagerService
01-03 19:09:31.449   322   349 V SystemServerTimingAsync: ssm.onUnlockedUser-0_com.android.server.integrity.AppIntegrityManagerService took to complete: 0ms
01-03 19:09:31.449   322   349 D SystemServerTimingAsync: ssm.onUnlockedUser-0_com.android.server.logcat.LogcatManagerService
01-03 19:09:31.449   322   349 V SystemServerTimingAsync: ssm.onUnlockedUser-0_com.android.server.logcat.LogcatManagerService took to complete: 0ms
01-03 19:09:31.449   322   349 D SystemServerTimingAsync: ssm.onUnlockedUser-0_com.android.server.inputmethod.InputMethodManagerService$Lifecycle
01-03 19:09:31.449   322   349 V SystemServerTimingAsync: ssm.onUnlockedUser-0_com.android.server.inputmethod.InputMethodManagerService$Lifecycle took to complete: 0ms
01-03 19:09:31.449   322   349 D SystemServerTimingAsync: ssm.onUnlockedUser-0_com.android.server.accessibility.AccessibilityManagerService$Lifecycle
01-03 19:09:31.449   322   349 V SystemServerTimingAsync: ssm.onUnlockedUser-0_com.android.server.accessibility.AccessibilityManagerService$Lifecycle took to complete: 0ms
01-03 19:09:31.449   322   349 D SystemServerTimingAsync: ssm.onUnlockedUser-0_com.android.server.StorageManagerService$Lifecycle
01-03 19:09:31.449   322   349 V SystemServerTimingAsync: ssm.onUnlockedUser-0_com.android.server.StorageManagerService$Lifecycle took to complete: 0ms
01-03 19:09:31.449   322   349 D SystemServerTimingAsync: ssm.onUnlockedUser-0_com.android.server.usage.StorageStatsService$Lifecycle
01-03 19:09:31.449   322   349 V SystemServerTimingAsync: ssm.onUnlockedUser-0_com.android.server.usage.StorageStatsService$Lifecycle took to complete: 0ms
01-03 19:09:31.449   322   349 D SystemServerTimingAsync: ssm.onUnlockedUser-0_com.android.server.UiModeManagerService
01-03 19:09:31.449   322   349 V SystemServerTimingAsync: ssm.onUnlockedUser-0_com.android.server.UiModeManagerService took to complete: 0ms
01-03 19:09:31.449   322   349 D SystemServerTimingAsync: ssm.onUnlockedUser-0_com.android.server.locales.LocaleManagerService
01-03 19:09:31.449   322   349 V SystemServerTimingAsync: ssm.onUnlockedUser-0_com.android.server.locales.LocaleManagerService took to complete: 0ms
01-03 19:09:31.449   322   349 D SystemServerTimingAsync: ssm.onUnlockedUser-0_com.android.server.locksettings.LockSettingsService$Lifecycle
01-03 19:09:31.449   322   349 V SystemServerTimingAsync: ssm.onUnlockedUser-0_com.android.server.locksettings.LockSettingsService$Lifecycle took to complete: 0ms
01-03 19:09:31.449   322   349 D SystemServerTimingAsync: ssm.onUnlockedUser-0_com.android.server.testharness.TestHarnessModeService
01-03 19:09:31.449   322   349 V SystemServerTimingAsync: ssm.onUnlockedUser-0_com.android.server.testharness.TestHarnessModeService took to complete: 0ms
01-03 19:09:31.449   322   349 D SystemServerTimingAsync: ssm.onUnlockedUser-0_com.android.server.DeviceIdleController
01-03 19:09:31.450   322   349 V SystemServerTimingAsync: ssm.onUnlockedUser-0_com.android.server.DeviceIdleController took to complete: 0ms
01-03 19:09:31.450   322   349 D SystemServerTimingAsync: ssm.onUnlockedUser-0_com.android.server.devicepolicy.DevicePolicyManagerService$Lifecycle
01-03 19:09:31.450   322   444 D SystemServerTiming: getUserSwitchability-0
01-03 19:09:31.450   322   444 D SystemServerTiming: TM.isInCall
01-03 19:09:31.450   322   349 V SystemServerTimingAsync: ssm.onUnlockedUser-0_com.android.server.devicepolicy.DevicePolicyManagerService$Lifecycle took to complete: 0ms
01-03 19:09:31.450   322   349 D SystemServerTimingAsync: ssm.onUnlockedUser-0_com.android.server.contentcapture.ContentCaptureManagerService
01-03 19:09:31.450   322   349 V SystemServerTimingAsync: ssm.onUnlockedUser-0_com.android.server.contentcapture.ContentCaptureManagerService took to complete: 0ms
01-03 19:09:31.450   322   349 D SystemServerTimingAsync: ssm.onUnlockedUser-0_com.android.server.systemcaptions.SystemCaptionsManagerService
01-03 19:09:31.450   322   349 V SystemServerTimingAsync: ssm.onUnlockedUser-0_com.android.server.systemcaptions.SystemCaptionsManagerService took to complete: 0ms
01-03 19:09:31.450   322   349 D SystemServerTimingAsync: ssm.onUnlockedUser-0_com.android.server.texttospeech.TextToSpeechManagerService
01-03 19:09:31.450   322   349 V SystemServerTimingAsync: ssm.onUnlockedUser-0_com.android.server.texttospeech.TextToSpeechManagerService took to complete: 0ms
01-03 19:09:31.450   322   349 D SystemServerTimingAsync: ssm.onUnlockedUser-0_com.android.server.ambientcontext.AmbientContextManagerService
01-03 19:09:31.450   322   349 V SystemServerTimingAsync: ssm.onUnlockedUser-0_com.android.server.ambientcontext.AmbientContextManagerService took to complete: 0ms
01-03 19:09:31.450   322   349 D SystemServerTimingAsync: ssm.onUnlockedUser-0_com.android.server.speech.SpeechRecognitionManagerService
01-03 19:09:31.450   322   349 V SystemServerTimingAsync: ssm.onUnlockedUser-0_com.android.server.speech.SpeechRecognitionManagerService took to complete: 0ms
01-03 19:09:31.450   322   349 D SystemServerTimingAsync: ssm.onUnlockedUser-0_com.android.server.appprediction.AppPredictionManagerService
01-03 19:09:31.450   322   349 V SystemServerTimingAsync: ssm.onUnlockedUser-0_com.android.server.appprediction.AppPredictionManagerService took to complete: 0ms
01-03 19:09:31.450   322   349 D SystemServerTimingAsync: ssm.onUnlockedUser-0_com.android.server.searchui.SearchUiManagerService
01-03 19:09:31.450   322   349 V SystemServerTimingAsync: ssm.onUnlockedUser-0_com.android.server.searchui.SearchUiManagerService took to complete: 0ms
01-03 19:09:31.450   322   349 D SystemServerTimingAsync: ssm.onUnlockedUser-0_com.android.server.smartspace.SmartspaceManagerService
01-03 19:09:31.450   322   349 V SystemServerTimingAsync: ssm.onUnlockedUser-0_com.android.server.smartspace.SmartspaceManagerService took to complete: 0ms
01-03 19:09:31.450   322   349 D SystemServerTimingAsync: ssm.onUnlockedUser-0_com.android.server.graphics.fonts.FontManagerService$Lifecycle
01-03 19:09:31.450   322   349 V SystemServerTimingAsync: ssm.onUnlockedUser-0_com.android.server.graphics.fonts.FontManagerService$Lifecycle took to complete: 0ms
01-03 19:09:31.450   322   349 D SystemServerTimingAsync: ssm.onUnlockedUser-0_com.android.server.textservices.TextServicesManagerService$Lifecycle
01-03 19:09:31.450   322   349 V SystemServerTimingAsync: ssm.onUnlockedUser-0_com.android.server.textservices.TextServicesManagerService$Lifecycle took to complete: 0ms
01-03 19:09:31.450   322   349 D SystemServerTimingAsync: ssm.onUnlockedUser-0_com.android.server.textclassifier.TextClassificationManagerService$Lifecycle
01-03 19:09:31.450   322   349 V SystemServerTimingAsync: ssm.onUnlockedUser-0_com.android.server.textclassifier.TextClassificationManagerService$Lifecycle took to complete: 0ms
01-03 19:09:31.450   322   349 D SystemServerTimingAsync: ssm.onUnlockedUser-0_com.android.server.NetworkScoreService$Lifecycle
01-03 19:09:31.450   322   349 V SystemServerTimingAsync: ssm.onUnlockedUser-0_com.android.server.NetworkScoreService$Lifecycle took to complete: 0ms
01-03 19:09:31.450   322   349 D SystemServerTimingAsync: ssm.onUnlockedUser-0_com.android.server.NetworkStatsServiceInitializer
01-03 19:09:31.450   322   349 V SystemServerTimingAsync: ssm.onUnlockedUser-0_com.android.server.NetworkStatsServiceInitializer took to complete: 0ms
01-03 19:09:31.450   322   349 D SystemServerTimingAsync: ssm.onUnlockedUser-0_com.android.server.wifi.WifiService
01-03 19:09:31.450   322   349 V SystemServerTimingAsync: ssm.onUnlockedUser-0_com.android.server.wifi.WifiService took to complete: 0ms
01-03 19:09:31.450   322   349 D SystemServerTimingAsync: ssm.onUnlockedUser-0_com.android.server.wifi.scanner.WifiScanningService
01-03 19:09:31.450   322   349 V SystemServerTimingAsync: ssm.onUnlockedUser-0_com.android.server.wifi.scanner.WifiScanningService took to complete: 0ms
01-03 19:09:31.450   322   349 D SystemServerTimingAsync: ssm.onUnlockedUser-0_com.android.server.ConnectivityServiceInitializer
01-03 19:09:31.450   322   349 V SystemServerTimingAsync: ssm.onUnlockedUser-0_com.android.server.ConnectivityServiceInitializer took to complete: 0ms
01-03 19:09:31.450   322   349 D SystemServerTimingAsync: ssm.onUnlockedUser-0_com.android.server.notification.NotificationManagerService
01-03 19:09:31.450   322   444 V SystemServerTiming: TM.isInCall took to complete: 0ms
01-03 19:09:31.450   322   444 D SystemServerTiming: hasUserRestriction-DISALLOW_USER_SWITCH
01-03 19:09:31.450   322   349 V SystemServerTimingAsync: ssm.onUnlockedUser-0_com.android.server.notification.NotificationManagerService took to complete: 0ms
01-03 19:09:31.450   322   349 D SystemServerTimingAsync: ssm.onUnlockedUser-0_com.android.server.storage.DeviceStorageMonitorService
01-03 19:09:31.450   322   444 V SystemServerTiming: hasUserRestriction-DISALLOW_USER_SWITCH took to complete: 0ms
01-03 19:09:31.450   322   444 D SystemServerTiming: getInt-ALLOW_USER_SWITCHING_WHEN_SYSTEM_USER_LOCKED
01-03 19:09:31.450   322   349 V SystemServerTimingAsync: ssm.onUnlockedUser-0_com.android.server.storage.DeviceStorageMonitorService took to complete: 0ms
01-03 19:09:31.450   322   349 D SystemServerTimingAsync: ssm.onUnlockedUser-0_com.android.server.location.LocationManagerService$Lifecycle
01-03 19:09:31.450   322   349 V SystemServerTimingAsync: ssm.onUnlockedUser-0_com.android.server.location.LocationManagerService$Lifecycle took to complete: 0ms
01-03 19:09:31.450   322   349 D SystemServerTimingAsync: ssm.onUnlockedUser-0_com.android.server.timedetector.TimeDetectorService$Lifecycle
01-03 19:09:31.450   322   349 V SystemServerTimingAsync: ssm.onUnlockedUser-0_com.android.server.timedetector.TimeDetectorService$Lifecycle took to complete: 0ms
01-03 19:09:31.450   322   349 D SystemServerTimingAsync: ssm.onUnlockedUser-0_com.android.server.timezonedetector.TimeZoneDetectorService$Lifecycle
01-03 19:09:31.450   322   349 V SystemServerTimingAsync: ssm.onUnlockedUser-0_com.android.server.timezonedetector.TimeZoneDetectorService$Lifecycle took to complete: 0ms
01-03 19:09:31.450   322   349 D SystemServerTimingAsync: ssm.onUnlockedUser-0_com.android.server.timezonedetector.location.LocationTimeZoneManagerService$Lifecycle
01-03 19:09:31.450   322   349 V SystemServerTimingAsync: ssm.onUnlockedUser-0_com.android.server.timezonedetector.location.LocationTimeZoneManagerService$Lifecycle took to complete: 0ms
01-03 19:09:31.450   322   349 D SystemServerTimingAsync: ssm.onUnlockedUser-0_com.android.server.search.SearchManagerService$Lifecycle
01-03 19:09:31.450   322   349 V SystemServerTimingAsync: ssm.onUnlockedUser-0_com.android.server.search.SearchManagerService$Lifecycle took to complete: 0ms
01-03 19:09:31.450   322   349 D SystemServerTimingAsync: ssm.onUnlockedUser-0_com.android.server.wallpaper.WallpaperManagerService$Lifecycle
01-03 19:09:31.450   322   444 V SystemServerTiming: getInt-ALLOW_USER_SWITCHING_WHEN_SYSTEM_USER_LOCKED took to complete: 0ms
01-03 19:09:31.450   322   444 D SystemServerTiming: isUserUnlocked-USER_SYSTEM
01-03 19:09:31.450   322   349 V SystemServerTimingAsync: ssm.onUnlockedUser-0_com.android.server.wallpaper.WallpaperManagerService$Lifecycle took to complete: 0ms
01-03 19:09:31.450   322   349 D SystemServerTimingAsync: ssm.onUnlockedUser-0_com.android.server.wallpapereffectsgeneration.WallpaperEffectsGenerationManagerService
01-03 19:09:31.450   322   349 V SystemServerTimingAsync: ssm.onUnlockedUser-0_com.android.server.wallpapereffectsgeneration.WallpaperEffectsGenerationManagerService took to complete: 0ms
01-03 19:09:31.450   322   444 V SystemServerTiming: isUserUnlocked-USER_SYSTEM took to complete: 0ms
01-03 19:09:31.450   322   444 V SystemServerTiming: getUserSwitchability-0 took to complete: 0ms
01-03 19:09:31.450   322   349 D SystemServerTimingAsync: ssm.onUnlockedUser-0_com.android.server.audio.AudioService$Lifecycle
