01-03 19:09:25.864   322   322 D SystemServerTiming: OnBootPhase_520_com.android.server.policy.PermissionPolicyService
01-03 19:09:25.864   322   322 V SystemServerTiming: OnBootPhase_520_com.android.server.policy.PermissionPolicyService took to complete: 0ms
01-03 19:09:25.864   322   322 D SystemServerTiming: OnBootPhase_520_com.android.server.pm.StagingManager$Lifecycle
01-03 19:09:25.864   322   322 V SystemServerTiming: OnBootPhase_520_com.android.server.pm.StagingManager$Lifecycle took to complete: 0ms
01-03 19:09:25.864   322   322 D SystemServerTiming: OnBootPhase_520_com.android.server.app.GameManagerService$Lifecycle
01-03 19:09:25.864   322   322 V SystemServerTiming: OnBootPhase_520_com.android.server.app.GameManagerService$Lifecycle took to complete: 0ms
01-03 19:09:25.864   322   322 V SystemServerTiming: OnBootPhase_520 took to complete: 1ms
01-03 19:09:25.864   322   322 V SystemServerTiming: StartBootPhaseDeviceSpecificServicesReady took to complete: 1ms
01-03 19:09:25.864   322   322 D SystemServerTiming: StartSafetyCenterService
01-03 19:09:25.864   322   322 I SystemServiceManager: Starting com.android.safetycenter.SafetyCenterService
01-03 19:09:25.865   322   322 V SystemServerTiming: StartSafetyCenterService took to complete: 1ms
01-03 19:09:25.865   322   322 D SystemServerTiming: AppSearchModule
01-03 19:09:25.865   322   322 I SystemServiceManager: Starting com.android.server.appsearch.AppSearchModule$Lifecycle
01-03 19:09:25.866   322   322 V SystemServerTiming: AppSearchModule took to complete: 1ms
01-03 19:09:25.866   322   322 D SystemServerTiming: StartMediaCommunicationService
01-03 19:09:25.866   322   322 I SystemServiceManager: Starting com.android.server.media.MediaCommunicationService
01-03 19:09:25.868   322   322 V SystemServerTiming: StartMediaCommunicationService took to complete: 2ms
01-03 19:09:25.868   322   322 D SystemServerTiming: AppCompatOverridesService
01-03 19:09:25.868   322   322 I SystemServiceManager: Starting com.android.server.compat.overrides.AppCompatOverridesService$Lifecycle
01-03 19:09:25.869   322   322 V SystemServerTiming: AppCompatOverridesService took to complete: 0ms
01-03 19:09:25.869   322   322 D SystemServerTiming: PhaseActivityManagerReady
01-03 19:09:25.869   322   322 D SystemServerTiming: controllersReady
01-03 19:09:25.869   322   573 D SystemServerTimingAsync: InitThreadPoolExec:Update app-ops uidState in case package com.android.providers.media.module changed
01-03 19:09:25.869   322   574 D SystemServerTimingAsync: InitThreadPoolExec:Update app-ops uidState in case package com.google.android.setupwizard changed
01-03 19:09:25.869   322   575 D SystemServerTimingAsync: InitThreadPoolExec:Update app-ops uidState in case package com.android.systemui changed
01-03 19:09:25.869   322   576 D SystemServerTimingAsync: InitThreadPoolExec:Update app-ops uidState in case package com.google.android.contacts changed
01-03 19:09:25.870   322   579 D SystemServerTimingAsync: InitThreadPoolExec:Update app-ops uidState in case package com.google.android.gms changed
01-03 19:09:25.870   322   580 D SystemServerTimingAsync: InitThreadPoolExec:Update app-ops uidState in case package com.google.android.googlequicksearchbox changed
01-03 19:09:25.870   322   577 D SystemServerTimingAsync: InitThreadPoolExec:Update app-ops uidState in case package com.android.deskclock changed
01-03 19:09:25.870   322   578 D SystemServerTimingAsync: InitThreadPoolExec:Update app-ops uidState in case package com.google.android.webview changed
01-03 19:09:25.870   322   581 D SystemServerTimingAsync: InitThreadPoolExec:Update app-ops uidState in case package com.google.android.apps.messaging changed
01-03 19:09:25.870   322   582 D SystemServerTimingAsync: InitThreadPoolExec:Update app-ops uidState in case package com.google.android.ims changed
01-03 19:09:25.870   322   583 D SystemServerTimingAsync: InitThreadPoolExec:Update app-ops uidState in case package com.android.vending changed
01-03 19:09:25.870   322   584 D SystemServerTimingAsync: InitThreadPoolExec:Update app-ops uidState in case package com.google.android.apps.safetyhub changed
01-03 19:09:25.870   322   587 D SystemServerTimingAsync: InitThreadPoolExec:Update app-ops uidState in case package com.android.mtp changed
01-03 19:09:25.870   322   585 D SystemServerTimingAsync: InitThreadPoolExec:Update app-ops uidState in case package com.android.providers.calendar changed
01-03 19:09:25.870   322   588 D SystemServerTimingAsync: InitThreadPoolExec:Update app-ops uidState in case package com.android.phone changed
01-03 19:09:25.870   322   586 D SystemServerTimingAsync: InitThreadPoolExec:Update app-ops uidState in case package com.android.providers.userdictionary changed
01-03 19:09:25.870   322   589 D SystemServerTimingAsync: InitThreadPoolExec:Update app-ops uidState in case package android changed
01-03 19:09:25.870   322   590 D SystemServerTimingAsync: InitThreadPoolExec:Update app-ops uidState in case package com.android.server.telecom changed
01-03 19:09:25.870   322   573 V SystemServerTimingAsync: InitThreadPoolExec:Update app-ops uidState in case package com.android.providers.media.module changed took to complete: 1ms
01-03 19:09:25.870   322   574 V SystemServerTimingAsync: InitThreadPoolExec:Update app-ops uidState in case package com.google.android.setupwizard changed took to complete: 1ms
01-03 19:09:25.870   322   575 V SystemServerTimingAsync: InitThreadPoolExec:Update app-ops uidState in case package com.android.systemui changed took to complete: 1ms
01-03 19:09:25.870   322   590 V SystemServerTimingAsync: InitThreadPoolExec:Update app-ops uidState in case package com.android.server.telecom changed took to complete: 0ms
01-03 19:09:25.870   322   580 V SystemServerTimingAsync: InitThreadPoolExec:Update app-ops uidState in case package com.google.android.googlequicksearchbox changed took to complete: 1ms
01-03 19:09:25.870   322   591 D SystemServerTimingAsync: InitThreadPoolExec:Update app-ops uidState in case package com.android.settings changed
01-03 19:09:25.870   322   577 V SystemServerTimingAsync: InitThreadPoolExec:Update app-ops uidState in case package com.android.deskclock changed took to complete: 1ms
01-03 19:09:25.870   322   582 V SystemServerTimingAsync: InitThreadPoolExec:Update app-ops uidState in case package com.google.android.ims changed took to complete: 1ms
01-03 19:09:25.870   322   576 V SystemServerTimingAsync: InitThreadPoolExec:Update app-ops uidState in case package com.google.android.contacts changed took to complete: 1ms
01-03 19:09:25.870   322   578 V SystemServerTimingAsync: InitThreadPoolExec:Update app-ops uidState in case package com.google.android.webview changed took to complete: 1ms
01-03 19:09:25.870   322   583 V SystemServerTimingAsync: InitThreadPoolExec:Update app-ops uidState in case package com.android.vending changed took to complete: 0ms
01-03 19:09:25.870   322   581 V SystemServerTimingAsync: InitThreadPoolExec:Update app-ops uidState in case package com.google.android.apps.messaging changed took to complete: 1ms
01-03 19:09:25.870   322   585 V SystemServerTimingAsync: InitThreadPoolExec:Update app-ops uidState in case package com.android.providers.calendar changed took to complete: 0ms
01-03 19:09:25.870   322   584 V SystemServerTimingAsync: InitThreadPoolExec:Update app-ops uidState in case package com.google.android.apps.safetyhub changed took to complete: 0ms
01-03 19:09:25.870   322   588 V SystemServerTimingAsync: InitThreadPoolExec:Update app-ops uidState in case package com.android.phone changed took to complete: 0ms
01-03 19:09:25.870   322   587 V SystemServerTimingAsync: InitThreadPoolExec:Update app-ops uidState in case package com.android.mtp changed took to complete: 0ms
01-03 19:09:25.870   322   586 V SystemServerTimingAsync: InitThreadPoolExec:Update app-ops uidState in case package com.android.providers.userdictionary changed took to complete: 0ms
01-03 19:09:25.870   322   589 V SystemServerTimingAsync: InitThreadPoolExec:Update app-ops uidState in case package android changed took to complete: 0ms
01-03 19:09:25.870   322   579 V SystemServerTimingAsync: InitThreadPoolExec:Update app-ops uidState in case package com.google.android.gms changed took to complete: 1ms
01-03 19:09:25.870   322   591 V SystemServerTimingAsync: InitThreadPoolExec:Update app-ops uidState in case package com.android.settings changed took to complete: 0ms
01-03 19:09:25.873   322   322 V SystemServerTiming: controllersReady took to complete: 5ms
01-03 19:09:25.873   322   322 D SystemServerTiming: killProcesses
01-03 19:09:25.873   322   322 V SystemServerTiming: killProcesses took to complete: 0ms
01-03 19:09:25.873   322   322 I ActivityManager: System now ready
01-03 19:09:25.873   322   322 D SystemServerTiming: updateTopComponentForFactoryTest
01-03 19:09:25.873   322   322 V SystemServerTiming: updateTopComponentForFactoryTest took to complete: 0ms
01-03 19:09:25.873   322   322 D SystemServerTiming: registerActivityLaunchObserver
01-03 19:09:25.873   322   322 V SystemServerTiming: registerActivityLaunchObserver took to complete: 0ms
01-03 19:09:25.873   322   322 D SystemServerTiming: watchDeviceProvisioning
01-03 19:09:25.875   322   322 V SystemServerTiming: watchDeviceProvisioning took to complete: 2ms
01-03 19:09:25.875   322   322 D SystemServerTiming: retrieveSettings
01-03 19:09:25.876   322   322 I ActivityTaskManager: Config changes=10000000 {1.0 ?mcc?mnc [en_US] ldltr sw921dp w1707dp h921dp 180dpi xlrg long land night finger qwerty/v/v -nav/h winConfig={ mBounds=Rect(0, 0 - 1920, 1036) mAppBounds=Rect(0, 0 - 1920, 1036) mMaxBounds=Rect(0, 0 - 1920, 1036) mDisplayRotation=ROTATION_0 mWindowingMode=fullscreen mDisplayWindowingMode=fullscreen mActivityType=undefined mAlwaysOnTop=undefined mRotation=ROTATION_0} s.8 fontWeightAdjustment=0}
01-03 19:09:25.876   322   322 I WindowManager: Override config changes=10000000 {1.0 ?mcc?mnc [en_US] ldltr sw921dp w1707dp h921dp 180dpi xlrg long land night finger qwerty/v/v -nav/h winConfig={ mBounds=Rect(0, 0 - 1920, 1036) mAppBounds=Rect(0, 0 - 1920, 1036) mMaxBounds=Rect(0, 0 - 1920, 1036) mDisplayRotation=ROTATION_0 mWindowingMode=fullscreen mDisplayWindowingMode=fullscreen mActivityType=undefined mAlwaysOnTop=undefined mRotation=ROTATION_0} s.8 fontWeightAdjustment=0} for displayId=0
01-03 19:09:25.877   322   322 V SystemServerTiming: retrieveSettings took to complete: 2ms
01-03 19:09:25.877   322   322 D SystemServerTiming: Ugm.onSystemReady
01-03 19:09:25.878   322   322 V SystemServerTiming: Ugm.onSystemReady took to complete: 0ms
01-03 19:09:25.878   322   322 D SystemServerTiming: updateForceBackgroundCheck
01-03 19:09:25.878   322   322 V SystemServerTiming: updateForceBackgroundCheck took to complete: 0ms
01-03 19:09:25.878   322   322 I SystemServer: Making services ready
01-03 19:09:25.878   322   322 D SystemServerTiming: StartActivityManagerReadyPhase
01-03 19:09:25.878   322   322 I SystemServiceManager: Starting phase 550
01-03 19:09:25.878   322   322 D SystemServerTiming: OnBootPhase_550
01-03 19:09:25.878   322   322 D SystemServerTiming: OnBootPhase_550_com.android.server.security.FileIntegrityService
01-03 19:09:25.878   322   322 V SystemServerTiming: OnBootPhase_550_com.android.server.security.FileIntegrityService took to complete: 0ms
01-03 19:09:25.878   322   322 D SystemServerTiming: OnBootPhase_550_com.android.server.pm.Installer
01-03 19:09:25.878   322   322 V SystemServerTiming: OnBootPhase_550_com.android.server.pm.Installer took to complete: 0ms
01-03 19:09:25.878   322   322 D SystemServerTiming: OnBootPhase_550_com.android.server.os.DeviceIdentifiersPolicyService
01-03 19:09:25.878   322   322 V SystemServerTiming: OnBootPhase_550_com.android.server.os.DeviceIdentifiersPolicyService took to complete: 0ms
01-03 19:09:25.878   322   322 D SystemServerTiming: OnBootPhase_550_com.android.server.uri.UriGrantsManagerService$Lifecycle
01-03 19:09:25.878   322   322 V SystemServerTiming: OnBootPhase_550_com.android.server.uri.UriGrantsManagerService$Lifecycle took to complete: 0ms
01-03 19:09:25.878   322   322 D SystemServerTiming: OnBootPhase_550_com.android.server.powerstats.PowerStatsService
01-03 19:09:25.878   322   322 V SystemServerTiming: OnBootPhase_550_com.android.server.powerstats.PowerStatsService took to complete: 0ms
01-03 19:09:25.878   322   322 D SystemServerTiming: OnBootPhase_550_com.android.server.wm.ActivityTaskManagerService$Lifecycle
01-03 19:09:25.878   322   322 V SystemServerTiming: OnBootPhase_550_com.android.server.wm.ActivityTaskManagerService$Lifecycle took to complete: 0ms
01-03 19:09:25.878   322   322 D SystemServerTiming: OnBootPhase_550_com.android.server.am.ActivityManagerService$Lifecycle
01-03 19:09:25.878   322   322 V SystemServerTiming: OnBootPhase_550_com.android.server.am.ActivityManagerService$Lifecycle took to complete: 0ms
01-03 19:09:25.878   322   322 D SystemServerTiming: OnBootPhase_550_com.android.server.pm.DataLoaderManagerService
01-03 19:09:25.878   322   322 V SystemServerTiming: OnBootPhase_550_com.android.server.pm.DataLoaderManagerService took to complete: 0ms
01-03 19:09:25.878   322   322 D SystemServerTiming: OnBootPhase_550_com.android.server.power.PowerManagerService
01-03 19:09:25.878   322   322 V SystemServerTiming: OnBootPhase_550_com.android.server.power.PowerManagerService took to complete: 0ms
01-03 19:09:25.878   322   322 D SystemServerTiming: OnBootPhase_550_com.android.server.power.ThermalManagerService
01-03 19:09:25.878   322   322 E ThermalHalWrapper: Thermal HAL 2.0 service not connected.
01-03 19:09:25.878   322   322 E ThermalHalWrapper: Thermal HAL 1.1 service not connected.
01-03 19:09:25.878   322   322 E ThermalHalWrapper: Thermal HAL 1.0 service not connected.
01-03 19:09:25.878   322   322 W ThermalManagerService: No Thermal HAL service on this device
01-03 19:09:25.878   322   322 V SystemServerTiming: OnBootPhase_550_com.android.server.power.ThermalManagerService took to complete: 1ms
01-03 19:09:25.878   322   322 D SystemServerTiming: OnBootPhase_550_com.android.server.power.hint.HintManagerService
01-03 19:09:25.878   322   322 V SystemServerTiming: OnBootPhase_550_com.android.server.power.hint.HintManagerService took to complete: 0ms
01-03 19:09:25.878   322   322 D SystemServerTiming: OnBootPhase_550_com.android.server.recoverysystem.RecoverySystemService$Lifecycle
01-03 19:09:25.878   322   322 V SystemServerTiming: OnBootPhase_550_com.android.server.recoverysystem.RecoverySystemService$Lifecycle took to complete: 0ms
01-03 19:09:25.878   322   322 D SystemServerTiming: OnBootPhase_550_com.android.server.lights.LightsService
01-03 19:09:25.878   322   322 V SystemServerTiming: OnBootPhase_550_com.android.server.lights.LightsService took to complete: 0ms
01-03 19:09:25.878   322   322 D SystemServerTiming: OnBootPhase_550_com.android.server.display.DisplayManagerService
01-03 19:09:25.878   322   322 V SystemServerTiming: OnBootPhase_550_com.android.server.display.DisplayManagerService took to complete: 0ms
01-03 19:09:25.878   322   322 D SystemServerTiming: OnBootPhase_550_com.android.server.pm.verify.domain.DomainVerificationService
01-03 19:09:25.878   322   322 V SystemServerTiming: OnBootPhase_550_com.android.server.pm.verify.domain.DomainVerificationService took to complete: 0ms
01-03 19:09:25.878   322   322 D SystemServerTiming: OnBootPhase_550_com.android.server.pm.PackageInstallerService$Lifecycle
01-03 19:09:25.878   322   322 V SystemServerTiming: OnBootPhase_550_com.android.server.pm.PackageInstallerService$Lifecycle took to complete: 0ms
01-03 19:09:25.878   322   322 D SystemServerTiming: OnBootPhase_550_com.android.server.pm.UserManagerService$LifeCycle
01-03 19:09:25.878   322   322 V SystemServerTiming: OnBootPhase_550_com.android.server.pm.UserManagerService$LifeCycle took to complete: 0ms
01-03 19:09:25.878   322   322 D SystemServerTiming: OnBootPhase_550_com.android.server.om.OverlayManagerService
01-03 19:09:25.878   322   322 V SystemServerTiming: OnBootPhase_550_com.android.server.om.OverlayManagerService took to complete: 0ms
01-03 19:09:25.878   322   322 D SystemServerTiming: OnBootPhase_550_com.android.server.resources.ResourcesManagerService
01-03 19:09:25.878   322   322 V SystemServerTiming: OnBootPhase_550_com.android.server.resources.ResourcesManagerService took to complete: 0ms
01-03 19:09:25.878   322   322 D SystemServerTiming: OnBootPhase_550_com.android.server.sensorprivacy.SensorPrivacyService
01-03 19:09:25.878   322   322 V SystemServerTiming: OnBootPhase_550_com.android.server.sensorprivacy.SensorPrivacyService took to complete: 0ms
01-03 19:09:25.878   322   322 D SystemServerTiming: OnBootPhase_550_com.android.server.sensors.SensorService
01-03 19:09:25.878   322   322 V SystemServerTiming: OnBootPhase_550_com.android.server.sensors.SensorService took to complete: 0ms
01-03 19:09:25.878   322   322 D SystemServerTiming: OnBootPhase_550_com.android.server.SystemConfigService
01-03 19:09:25.878   322   322 V SystemServerTiming: OnBootPhase_550_com.android.server.SystemConfigService took to complete: 0ms
01-03 19:09:25.878   322   322 D SystemServerTiming: OnBootPhase_550_com.android.server.BatteryService
01-03 19:09:25.878   322   322 V SystemServerTiming: OnBootPhase_550_com.android.server.BatteryService took to complete: 0ms
01-03 19:09:25.878   322   322 D SystemServerTiming: OnBootPhase_550_com.android.server.usage.UsageStatsService
01-03 19:09:25.878   322   322 V SystemServerTiming: OnBootPhase_550_com.android.server.usage.UsageStatsService took to complete: 0ms
01-03 19:09:25.878   322   322 D SystemServerTiming: OnBootPhase_550_com.android.server.webkit.WebViewUpdateService
01-03 19:09:25.878   322   322 V SystemServerTiming: OnBootPhase_550_com.android.server.webkit.WebViewUpdateService took to complete: 0ms
01-03 19:09:25.878   322   322 D SystemServerTiming: OnBootPhase_550_com.android.server.CachedDeviceStateService
01-03 19:09:25.878   322   322 V SystemServerTiming: OnBootPhase_550_com.android.server.CachedDeviceStateService took to complete: 0ms
01-03 19:09:25.878   322   322 D SystemServerTiming: OnBootPhase_550_com.android.server.BinderCallsStatsService$LifeCycle
01-03 19:09:25.878   322   322 V SystemServerTiming: OnBootPhase_550_com.android.server.BinderCallsStatsService$LifeCycle took to complete: 0ms
01-03 19:09:25.878   322   322 D SystemServerTiming: OnBootPhase_550_com.android.server.LooperStatsService$Lifecycle
01-03 19:09:25.878   322   322 V SystemServerTiming: OnBootPhase_550_com.android.server.LooperStatsService$Lifecycle took to complete: 0ms
01-03 19:09:25.878   322   322 D SystemServerTiming: OnBootPhase_550_com.android.server.rollback.RollbackManagerService
01-03 19:09:25.878   322   322 V SystemServerTiming: OnBootPhase_550_com.android.server.rollback.RollbackManagerService took to complete: 0ms
01-03 19:09:25.878   322   322 D SystemServerTiming: OnBootPhase_550_com.android.server.os.NativeTombstoneManagerService
01-03 19:09:25.878   322   322 V SystemServerTiming: OnBootPhase_550_com.android.server.os.NativeTombstoneManagerService took to complete: 0ms
01-03 19:09:25.878   322   322 D SystemServerTiming: OnBootPhase_550_com.android.server.os.BugreportManagerService
01-03 19:09:25.878   322   322 V SystemServerTiming: OnBootPhase_550_com.android.server.os.BugreportManagerService took to complete: 0ms
01-03 19:09:25.878   322   322 D SystemServerTiming: OnBootPhase_550_com.android.server.gpu.GpuService
01-03 19:09:25.878   322   322 V SystemServerTiming: OnBootPhase_550_com.android.server.gpu.GpuService took to complete: 0ms
01-03 19:09:25.878   322   322 D SystemServerTiming: OnBootPhase_550_com.android.server.security.KeyChainSystemService
01-03 19:09:25.878   322   322 V SystemServerTiming: OnBootPhase_550_com.android.server.security.KeyChainSystemService took to complete: 0ms
01-03 19:09:25.878   322   322 D SystemServerTiming: OnBootPhase_550_com.android.server.BinaryTransparencyService
01-03 19:09:25.878   322   322 V SystemServerTiming: OnBootPhase_550_com.android.server.BinaryTransparencyService took to complete: 0ms
01-03 19:09:25.878   322   322 D SystemServerTiming: OnBootPhase_550_com.android.server.telecom.TelecomLoaderService
01-03 19:09:25.879   322   322 W ActivityManager: Too early to start/bind service in system_server: Phase=550 ComponentInfo{com.android.server.telecom/com.android.server.telecom.components.TelecomService}
01-03 19:09:25.879   322   322 D CompatibilityChangeReporter: Compat change id reported: 168419799; UID 1000; state: DISABLED
01-03 19:09:25.879   322   322 D CompatibilityChangeReporter: Compat change id reported: 273564678; UID 1000; state: DISABLED
01-03 19:09:25.879   322   322 W ActivityManager: Too early to start/bind service in system_server: Phase=550 ComponentInfo{com.android.server.telecom/com.android.server.telecom.components.TelecomService}
01-03 19:09:25.879   322   322 V SystemServerTiming: OnBootPhase_550_com.android.server.telecom.TelecomLoaderService took to complete: 1ms
01-03 19:09:25.879   322   322 D SystemServerTiming: OnBootPhase_550_com.android.server.accounts.AccountManagerService$Lifecycle
01-03 19:09:25.879   322   322 V SystemServerTiming: OnBootPhase_550_com.android.server.accounts.AccountManagerService$Lifecycle took to complete: 0ms
01-03 19:09:25.879   322   322 D SystemServerTiming: OnBootPhase_550_com.android.server.content.ContentService$Lifecycle
01-03 19:09:25.879   322   322 I SyncManager: No initial accounts
01-03 19:09:25.879   322   413 E NativeTombstoneManager: Tombstone's UID (1000) not an app, ignoring
01-03 19:09:25.879   322   322 V SystemServerTiming: OnBootPhase_550_com.android.server.content.ContentService$Lifecycle took to complete: 0ms
01-03 19:09:25.879   322   322 D SystemServerTiming: OnBootPhase_550_com.android.server.DropBoxManagerService
01-03 19:09:25.879   322   322 V SystemServerTiming: OnBootPhase_550_com.android.server.DropBoxManagerService took to complete: 0ms
01-03 19:09:25.879   322   322 D SystemServerTiming: OnBootPhase_550_com.android.role.RoleService
01-03 19:09:25.879   322   322 V SystemServerTiming: OnBootPhase_550_com.android.role.RoleService took to complete: 0ms
01-03 19:09:25.879   322   322 D SystemServerTiming: OnBootPhase_550_com.android.server.vibrator.VibratorManagerService$Lifecycle
01-03 19:09:25.879   322   322 V SystemServerTiming: OnBootPhase_550_com.android.server.vibrator.VibratorManagerService$Lifecycle took to complete: 0ms
01-03 19:09:25.879   322   322 D SystemServerTiming: OnBootPhase_550_com.android.server.tare.InternalResourceService
01-03 19:09:25.879   322   322 V SystemServerTiming: OnBootPhase_550_com.android.server.tare.InternalResourceService took to complete: 0ms
01-03 19:09:25.879   322   322 D SystemServerTiming: OnBootPhase_550_com.android.server.alarm.AlarmManagerService
01-03 19:09:25.879   322   322 V SystemServerTiming: OnBootPhase_550_com.android.server.alarm.AlarmManagerService took to complete: 0ms
01-03 19:09:25.879   322   322 D SystemServerTiming: OnBootPhase_550_com.android.server.devicestate.DeviceStateManagerService
01-03 19:09:25.879   322   322 V SystemServerTiming: OnBootPhase_550_com.android.server.devicestate.DeviceStateManagerService took to complete: 0ms
01-03 19:09:25.879   322   322 D SystemServerTiming: OnBootPhase_550_com.android.server.camera.CameraServiceProxy
01-03 19:09:25.879   322   322 V SystemServerTiming: OnBootPhase_550_com.android.server.camera.CameraServiceProxy took to complete: 0ms
01-03 19:09:25.879   322   322 D SystemServerTiming: OnBootPhase_550_com.android.server.bluetooth.BluetoothService
01-03 19:09:25.879   322   322 V SystemServerTiming: OnBootPhase_550_com.android.server.bluetooth.BluetoothService took to complete: 0ms
01-03 19:09:25.879   322   322 D SystemServerTiming: OnBootPhase_550_com.android.server.connectivity.IpConnectivityMetrics
01-03 19:09:25.879   322   322 V SystemServerTiming: OnBootPhase_550_com.android.server.connectivity.IpConnectivityMetrics took to complete: 0ms
01-03 19:09:25.879   322   322 D SystemServerTiming: OnBootPhase_550_com.android.server.net.watchlist.NetworkWatchlistService$Lifecycle
01-03 19:09:25.880   322   322 V SystemServerTiming: OnBootPhase_550_com.android.server.net.watchlist.NetworkWatchlistService$Lifecycle took to complete: 0ms
01-03 19:09:25.880   322   322 D SystemServerTiming: OnBootPhase_550_com.android.server.PinnerService
01-03 19:09:25.880   322   322 V SystemServerTiming: OnBootPhase_550_com.android.server.PinnerService took to complete: 0ms
01-03 19:09:25.880   322   322 D SystemServerTiming: OnBootPhase_550_com.android.server.integrity.AppIntegrityManagerService
01-03 19:09:25.880   322   322 V SystemServerTiming: OnBootPhase_550_com.android.server.integrity.AppIntegrityManagerService took to complete: 0ms
01-03 19:09:25.880   322   322 D SystemServerTiming: OnBootPhase_550_com.android.server.logcat.LogcatManagerService
01-03 19:09:25.880   322   322 V SystemServerTiming: OnBootPhase_550_com.android.server.logcat.LogcatManagerService took to complete: 0ms
01-03 19:09:25.880   322   322 D SystemServerTiming: OnBootPhase_550_com.android.server.inputmethod.InputMethodManagerService$Lifecycle
01-03 19:09:25.880   322   593 D SystemServerTimingAsync: InitThreadPoolExec:Lazily initialize IMMS#mImeDrawsImeNavBarRes
01-03 19:09:25.882   322   413 E NativeTombstoneManager: Tombstone's UID (1000) not an app, ignoring
01-03 19:09:25.883   322   413 E NativeTombstoneManager: Tombstone's UID (1000) not an app, ignoring
01-03 19:09:25.885   322   413 E NativeTombstoneManager: Tombstone's UID (1000) not an app, ignoring
01-03 19:09:25.885   322   322 W InputMethodUtils: getApplicationInfo failed. packageName=com.google.android.inputmethod.latin userId=0
01-03 19:09:25.885   322   322 W InputMethodUtils: android.content.pm.PackageManager$NameNotFoundException: com.google.android.inputmethod.latin
01-03 19:09:25.885   322   322 W InputMethodUtils: 	at android.app.ApplicationPackageManager.getApplicationInfoAsUser(ApplicationPackageManager.java:516)
01-03 19:09:25.885   322   322 W InputMethodUtils: 	at android.app.ApplicationPackageManager.getApplicationInfo(ApplicationPackageManager.java:499)
01-03 19:09:25.885   322   322 W InputMethodUtils: 	at com.android.server.inputmethod.InputMethodUtils.setNonSelectedSystemImesDisabledUntilUsed(InputMethodUtils.java:706)
01-03 19:09:25.885   322   322 W InputMethodUtils: 	at com.android.server.inputmethod.InputMethodManagerService.systemRunning(InputMethodManagerService.java:2076)
01-03 19:09:25.885   322   322 W InputMethodUtils: 	at com.android.server.inputmethod.InputMethodManagerService$Lifecycle.onBootPhase(InputMethodManagerService.java:1717)
01-03 19:09:25.885   322   322 W InputMethodUtils: 	at com.android.server.SystemServiceManager.startBootPhase(SystemServiceManager.java:294)
01-03 19:09:25.885   322   322 W InputMethodUtils: 	at com.android.server.SystemServer.lambda$startOtherServices$5$com-android-server-SystemServer(SystemServer.java:2820)
01-03 19:09:25.885   322   322 W InputMethodUtils: 	at com.android.server.SystemServer$$ExternalSyntheticLambda7.run(Unknown Source:30)
01-03 19:09:25.885   322   322 W InputMethodUtils: 	at com.android.server.am.ActivityManagerService.systemReady(ActivityManagerService.java:8209)
01-03 19:09:25.885   322   322 W InputMethodUtils: 	at com.android.server.SystemServer.startOtherServices(SystemServer.java:2817)
01-03 19:09:25.885   322   322 W InputMethodUtils: 	at com.android.server.SystemServer.run(SystemServer.java:940)
01-03 19:09:25.885   322   322 W InputMethodUtils: 	at com.android.server.SystemServer.main(SystemServer.java:650)
01-03 19:09:25.885   322   322 W InputMethodUtils: 	at java.lang.reflect.Method.invoke(Native Method)
01-03 19:09:25.885   322   322 W InputMethodUtils: 	at com.android.internal.os.RuntimeInit$MethodAndArgsCaller.run(RuntimeInit.java:548)
01-03 19:09:25.885   322   322 W InputMethodUtils: 	at com.android.internal.os.ZygoteInit.main(ZygoteInit.java:915)
01-03 19:09:25.885   322   322 V SystemServerTiming: OnBootPhase_550_com.android.server.inputmethod.InputMethodManagerService$Lifecycle took to complete: 6ms
01-03 19:09:25.885   322   322 D SystemServerTiming: OnBootPhase_550_com.android.server.accessibility.AccessibilityManagerService$Lifecycle
01-03 19:09:25.885   322   322 V SystemServerTiming: OnBootPhase_550_com.android.server.accessibility.AccessibilityManagerService$Lifecycle took to complete: 0ms
01-03 19:09:25.885   322   322 D SystemServerTiming: OnBootPhase_550_com.android.server.StorageManagerService$Lifecycle
01-03 19:09:25.885   322   322 V SystemServerTiming: OnBootPhase_550_com.android.server.StorageManagerService$Lifecycle took to complete: 0ms
01-03 19:09:25.885   322   322 D SystemServerTiming: OnBootPhase_550_com.android.server.usage.StorageStatsService$Lifecycle
01-03 19:09:25.885   322   322 V SystemServerTiming: OnBootPhase_550_com.android.server.usage.StorageStatsService$Lifecycle took to complete: 0ms
01-03 19:09:25.885   322   322 D SystemServerTiming: OnBootPhase_550_com.android.server.UiModeManagerService
01-03 19:09:25.885   322   322 V SystemServerTiming: OnBootPhase_550_com.android.server.UiModeManagerService took to complete: 0ms
01-03 19:09:25.885   322   322 D SystemServerTiming: OnBootPhase_550_com.android.server.locales.LocaleManagerService
01-03 19:09:25.885   322   322 V SystemServerTiming: OnBootPhase_550_com.android.server.locales.LocaleManagerService took to complete: 0ms
01-03 19:09:25.885   322   322 D SystemServerTiming: OnBootPhase_550_com.android.server.locksettings.LockSettingsService$Lifecycle
01-03 19:09:25.885   322   322 I RebootEscrowManager: No reboot escrow data found for users, skipping loading escrow data
01-03 19:09:25.886   322   322 V SystemServerTiming: OnBootPhase_550_com.android.server.locksettings.LockSettingsService$Lifecycle took to complete: 1ms
01-03 19:09:25.886   322   322 D SystemServerTiming: OnBootPhase_550_com.android.server.testharness.TestHarnessModeService
01-03 19:09:25.886   322   322 V SystemServerTiming: OnBootPhase_550_com.android.server.testharness.TestHarnessModeService took to complete: 0ms
01-03 19:09:25.886   322   322 D SystemServerTiming: OnBootPhase_550_com.android.server.DeviceIdleController
01-03 19:09:25.886   322   322 V SystemServerTiming: OnBootPhase_550_com.android.server.DeviceIdleController took to complete: 0ms
01-03 19:09:25.886   322   322 D SystemServerTiming: OnBootPhase_550_com.android.server.devicepolicy.DevicePolicyManagerService$Lifecycle
01-03 19:09:25.886   322   322 V SystemServerTiming: OnBootPhase_550_com.android.server.devicepolicy.DevicePolicyManagerService$Lifecycle took to complete: 0ms
01-03 19:09:25.886   322   322 D SystemServerTiming: OnBootPhase_550_com.android.server.contentcapture.ContentCaptureManagerService
01-03 19:09:25.886   322   322 V SystemServerTiming: OnBootPhase_550_com.android.server.contentcapture.ContentCaptureManagerService took to complete: 0ms
01-03 19:09:25.886   322   322 D SystemServerTiming: OnBootPhase_550_com.android.server.systemcaptions.SystemCaptionsManagerService
01-03 19:09:25.886   322   322 V SystemServerTiming: OnBootPhase_550_com.android.server.systemcaptions.SystemCaptionsManagerService took to complete: 0ms
01-03 19:09:25.886   322   322 D SystemServerTiming: OnBootPhase_550_com.android.server.texttospeech.TextToSpeechManagerService
01-03 19:09:25.886   322   322 V SystemServerTiming: OnBootPhase_550_com.android.server.texttospeech.TextToSpeechManagerService took to complete: 0ms
01-03 19:09:25.886   322   322 D SystemServerTiming: OnBootPhase_550_com.android.server.ambientcontext.AmbientContextManagerService
01-03 19:09:25.886   322   322 V SystemServerTiming: OnBootPhase_550_com.android.server.ambientcontext.AmbientContextManagerService took to complete: 0ms
01-03 19:09:25.886   322   322 D SystemServerTiming: OnBootPhase_550_com.android.server.speech.SpeechRecognitionManagerService
01-03 19:09:25.886   322   322 V SystemServerTiming: OnBootPhase_550_com.android.server.speech.SpeechRecognitionManagerService took to complete: 0ms
01-03 19:09:25.886   322   322 D SystemServerTiming: OnBootPhase_550_com.android.server.appprediction.AppPredictionManagerService
01-03 19:09:25.886   322   322 V SystemServerTiming: OnBootPhase_550_com.android.server.appprediction.AppPredictionManagerService took to complete: 0ms
01-03 19:09:25.886   322   322 D SystemServerTiming: OnBootPhase_550_com.android.server.searchui.SearchUiManagerService
01-03 19:09:25.886   322   322 V SystemServerTiming: OnBootPhase_550_com.android.server.searchui.SearchUiManagerService took to complete: 0ms
01-03 19:09:25.886   322   322 D SystemServerTiming: OnBootPhase_550_com.android.server.smartspace.SmartspaceManagerService
01-03 19:09:25.886   322   322 V SystemServerTiming: OnBootPhase_550_com.android.server.smartspace.SmartspaceManagerService took to complete: 0ms
01-03 19:09:25.886   322   322 D SystemServerTiming: OnBootPhase_550_com.android.server.graphics.fonts.FontManagerService$Lifecycle
01-03 19:09:25.886   322   322 V SystemServerTiming: OnBootPhase_550_com.android.server.graphics.fonts.FontManagerService$Lifecycle took to complete: 0ms
01-03 19:09:25.886   322   322 D SystemServerTiming: OnBootPhase_550_com.android.server.textservices.TextServicesManagerService$Lifecycle
01-03 19:09:25.886   322   322 V SystemServerTiming: OnBootPhase_550_com.android.server.textservices.TextServicesManagerService$Lifecycle took to complete: 0ms
01-03 19:09:25.886   322   322 D SystemServerTiming: OnBootPhase_550_com.android.server.textclassifier.TextClassificationManagerService$Lifecycle
01-03 19:09:25.886   322   322 V SystemServerTiming: OnBootPhase_550_com.android.server.textclassifier.TextClassificationManagerService$Lifecycle took to complete: 0ms
01-03 19:09:25.886   322   322 D SystemServerTiming: OnBootPhase_550_com.android.server.NetworkScoreService$Lifecycle
01-03 19:09:25.886   322   322 V SystemServerTiming: OnBootPhase_550_com.android.server.NetworkScoreService$Lifecycle took to complete: 0ms
01-03 19:09:25.886   322   322 D SystemServerTiming: OnBootPhase_550_com.android.server.NetworkStatsServiceInitializer
01-03 19:09:25.887   322   413 E NativeTombstoneManager: Tombstone's UID (0) not an app, ignoring
01-03 19:09:25.888   322   593 V SystemServerTimingAsync: InitThreadPoolExec:Lazily initialize IMMS#mImeDrawsImeNavBarRes took to complete: 8ms
01-03 19:09:25.889   322   413 E NativeTombstoneManager: Tombstone's UID (0) not an app, ignoring
01-03 19:09:25.902   322   349 D CompatibilityChangeReporter: Compat change id reported: 135634846; UID 1000; state: DISABLED
01-03 19:09:25.902   322   349 D CompatibilityChangeReporter: Compat change id reported: 177438394; UID 1000; state: DISABLED
01-03 19:09:25.902   322   349 D CompatibilityChangeReporter: Compat change id reported: 135772972; UID 1000; state: DISABLED
01-03 19:09:25.902   322   349 D CompatibilityChangeReporter: Compat change id reported: 135754954; UID 1000; state: ENABLED
01-03 19:09:25.905   322   350 I ActivityManager: Start proc 599:com.android.settings/1000 for broadcast {com.android.settings/com.android.settings.fuelgauge.batterytip.AnomalyConfigReceiver}
01-03 19:09:25.970   322   336 D CompatibilityChangeReporter: Compat change id reported: 135634846; UID 10099; state: DISABLED
01-03 19:09:25.970   322   350 D CompatibilityChangeReporter: Compat change id reported: 143937733; UID 10099; state: ENABLED
01-03 19:09:25.972   322   350 I ActivityManager: Start proc 619:com.google.android.gms.persistent/u0a99 for broadcast {com.google.android.gms/com.google.android.gms.chimera.GmsIntentOperationService$PersistentTrustedReceiver}
01-03 19:09:25.975   322   336 D CompatibilityChangeReporter: Compat change id reported: 168419799; UID 10099; state: DISABLED
01-03 19:09:25.975   322   336 D CompatibilityChangeReporter: Compat change id reported: 273564678; UID 10099; state: DISABLED
01-03 19:09:26.058   619   619 W ActivityThread: Failed to find provider info for com.google.android.gsf.gservices (user not unlocked)
01-03 19:09:26.065   322   444 D CompatibilityChangeReporter: Compat change id reported: 161145287; UID 10099; state: DISABLED
01-03 19:09:26.073   322   444 W ActivityManager: Unable to start service Intent { act=com.google.android.chimera.BoundService.START dat=chimera-action: cmp=com.google.android.gms/.chimera.PersistentApiService } U=0: not found
01-03 19:09:26.073   322   444 W ActivityManager: Unbind failed: could not find connection for android.os.BinderProxy@675f76f
01-03 19:09:26.325   322   322 W SystemServiceManager: Service com.android.server.NetworkStatsServiceInitializer took 439 ms in onBootPhase
01-03 19:09:26.325   322   322 V SystemServerTiming: OnBootPhase_550_com.android.server.NetworkStatsServiceInitializer took to complete: 439ms
01-03 19:09:26.325   322   322 D SystemServerTiming: OnBootPhase_550_com.android.server.wifi.WifiService
01-03 19:09:26.325   322   322 V SystemServerTiming: OnBootPhase_550_com.android.server.wifi.WifiService took to complete: 0ms
01-03 19:09:26.325   322   322 D SystemServerTiming: OnBootPhase_550_com.android.server.wifi.scanner.WifiScanningService
01-03 19:09:26.325   322   322 V SystemServerTiming: OnBootPhase_550_com.android.server.wifi.scanner.WifiScanningService took to complete: 0ms
01-03 19:09:26.325   322   322 D SystemServerTiming: OnBootPhase_550_com.android.server.ConnectivityServiceInitializer
01-03 19:09:26.325   322   322 V SystemServerTiming: OnBootPhase_550_com.android.server.ConnectivityServiceInitializer took to complete: 0ms
01-03 19:09:26.325   322   322 D SystemServerTiming: OnBootPhase_550_com.android.server.notification.NotificationManagerService
01-03 19:09:26.325   322   322 V SystemServerTiming: OnBootPhase_550_com.android.server.notification.NotificationManagerService took to complete: 0ms
01-03 19:09:26.325   322   322 D SystemServerTiming: OnBootPhase_550_com.android.server.storage.DeviceStorageMonitorService
01-03 19:09:26.325   322   322 V SystemServerTiming: OnBootPhase_550_com.android.server.storage.DeviceStorageMonitorService took to complete: 0ms
01-03 19:09:26.325   322   322 D SystemServerTiming: OnBootPhase_550_com.android.server.location.LocationManagerService$Lifecycle
01-03 19:09:26.325   322   322 V SystemServerTiming: OnBootPhase_550_com.android.server.location.LocationManagerService$Lifecycle took to complete: 0ms
01-03 19:09:26.325   322   322 D SystemServerTiming: OnBootPhase_550_com.android.server.timedetector.TimeDetectorService$Lifecycle
01-03 19:09:26.325   322   322 V SystemServerTiming: OnBootPhase_550_com.android.server.timedetector.TimeDetectorService$Lifecycle took to complete: 0ms
01-03 19:09:26.325   322   322 D SystemServerTiming: OnBootPhase_550_com.android.server.timezonedetector.TimeZoneDetectorService$Lifecycle
01-03 19:09:26.325   322   322 V SystemServerTiming: OnBootPhase_550_com.android.server.timezonedetector.TimeZoneDetectorService$Lifecycle took to complete: 0ms
01-03 19:09:26.325   322   322 D SystemServerTiming: OnBootPhase_550_com.android.server.timezonedetector.location.LocationTimeZoneManagerService$Lifecycle
01-03 19:09:26.325   322   322 V SystemServerTiming: OnBootPhase_550_com.android.server.timezonedetector.location.LocationTimeZoneManagerService$Lifecycle took to complete: 0ms
01-03 19:09:26.325   322   322 D SystemServerTiming: OnBootPhase_550_com.android.server.search.SearchManagerService$Lifecycle
01-03 19:09:26.325   322   322 V SystemServerTiming: OnBootPhase_550_com.android.server.search.SearchManagerService$Lifecycle took to complete: 0ms
01-03 19:09:26.325   322   322 D SystemServerTiming: OnBootPhase_550_com.android.server.wallpaper.WallpaperManagerService$Lifecycle
01-03 19:09:26.325   322   322 I WallpaperManagerService: No static wallpaper imagery; defaults will be shown
01-03 19:09:26.325   322   322 V WallpaperManagerService: bindWallpaperComponentLocked: componentName=ComponentInfo{com.android.systemui/com.android.systemui.wallpapers.ImageWallpaper}
01-03 19:09:26.325   322   322 D WallpaperManagerService: WPMS.bindWallpaperComponentLocked-ComponentInfo{com.android.systemui/com.android.systemui.wallpapers.ImageWallpaper}
01-03 19:09:26.326   322   322 D CompatibilityChangeReporter: Compat change id reported: 135634846; UID 10127; state: DISABLED
01-03 19:09:26.326   322   322 D CompatibilityChangeReporter: Compat change id reported: 177438394; UID 10127; state: DISABLED
01-03 19:09:26.326   322   322 D CompatibilityChangeReporter: Compat change id reported: 135772972; UID 10127; state: DISABLED
01-03 19:09:26.326   322   322 D CompatibilityChangeReporter: Compat change id reported: 135754954; UID 10127; state: ENABLED
01-03 19:09:26.326   322   322 V WallpaperManagerService: WPMS.bindWallpaperComponentLocked-ComponentInfo{com.android.systemui/com.android.systemui.wallpapers.ImageWallpaper} took to complete: 1ms
01-03 19:09:26.326   322   350 D CompatibilityChangeReporter: Compat change id reported: 143937733; UID 10127; state: ENABLED
01-03 19:09:26.328   322   350 I ActivityManager: Start proc 670:com.android.systemui/u0a127 for service {com.android.systemui/com.android.systemui.wallpapers.ImageWallpaper}
01-03 19:09:26.331   322   336 D CompatibilityChangeReporter: Compat change id reported: 168419799; UID 10127; state: DISABLED
01-03 19:09:26.331   322   336 D CompatibilityChangeReporter: Compat change id reported: 273564678; UID 10127; state: DISABLED
01-03 19:09:26.333   322   322 D WallpaperManagerService: WPMS.generateCrop
01-03 19:09:26.333   322   322 W WallpaperManagerService: Invalid wallpaper data
01-03 19:09:26.333   322   322 E WallpaperManagerService: Unable to apply new wallpaper
01-03 19:09:26.333   322   322 V WallpaperManagerService: WPMS.generateCrop took to complete: 0ms
01-03 19:09:26.333   322   322 V SystemServerTiming: OnBootPhase_550_com.android.server.wallpaper.WallpaperManagerService$Lifecycle took to complete: 8ms
01-03 19:09:26.333   322   322 D SystemServerTiming: OnBootPhase_550_com.android.server.wallpapereffectsgeneration.WallpaperEffectsGenerationManagerService
01-03 19:09:26.333   322   322 V SystemServerTiming: OnBootPhase_550_com.android.server.wallpapereffectsgeneration.WallpaperEffectsGenerationManagerService took to complete: 0ms
01-03 19:09:26.333   322   322 D SystemServerTiming: OnBootPhase_550_com.android.server.audio.AudioService$Lifecycle
01-03 19:09:26.333   322   322 V SystemServerTiming: OnBootPhase_550_com.android.server.audio.AudioService$Lifecycle took to complete: 0ms
01-03 19:09:26.333   322   322 D SystemServerTiming: OnBootPhase_550_com.android.server.soundtrigger_middleware.SoundTriggerMiddlewareService$Lifecycle
01-03 19:09:26.333   322   322 V SystemServerTiming: OnBootPhase_550_com.android.server.soundtrigger_middleware.SoundTriggerMiddlewareService$Lifecycle took to complete: 0ms
01-03 19:09:26.333   322   322 D SystemServerTiming: OnBootPhase_550_com.android.server.DockObserver
01-03 19:09:26.333   322   322 V SystemServerTiming: OnBootPhase_550_com.android.server.DockObserver took to complete: 0ms
01-03 19:09:26.333   322   322 D SystemServerTiming: OnBootPhase_550_com.android.server.adb.AdbService$Lifecycle
01-03 19:09:26.333   322   322 V SystemServerTiming: OnBootPhase_550_com.android.server.adb.AdbService$Lifecycle took to complete: 0ms
01-03 19:09:26.333   322   322 D SystemServerTiming: OnBootPhase_550_com.android.server.usb.UsbService$Lifecycle
01-03 19:09:26.334   322   322 V SystemServerTiming: OnBootPhase_550_com.android.server.usb.UsbService$Lifecycle took to complete: 0ms
01-03 19:09:26.334   322   322 D SystemServerTiming: OnBootPhase_550_com.android.server.twilight.TwilightService
01-03 19:09:26.334   322   322 V SystemServerTiming: OnBootPhase_550_com.android.server.twilight.TwilightService took to complete: 0ms
01-03 19:09:26.334   322   322 D SystemServerTiming: OnBootPhase_550_com.android.server.display.color.ColorDisplayService
01-03 19:09:26.334   322   322 V SystemServerTiming: OnBootPhase_550_com.android.server.display.color.ColorDisplayService took to complete: 0ms
01-03 19:09:26.334   322   322 D SystemServerTiming: OnBootPhase_550_com.android.server.job.JobSchedulerService
01-03 19:09:26.334   322   322 V SystemServerTiming: OnBootPhase_550_com.android.server.job.JobSchedulerService took to complete: 0ms
01-03 19:09:26.334   322   322 D SystemServerTiming: OnBootPhase_550_com.android.server.soundtrigger.SoundTriggerService
01-03 19:09:26.334   322   322 D SoundTriggerService: onBootPhase: 550 : false
01-03 19:09:26.334   322   322 V SystemServerTiming: OnBootPhase_550_com.android.server.soundtrigger.SoundTriggerService took to complete: 0ms
01-03 19:09:26.334   322   322 D SystemServerTiming: OnBootPhase_550_com.android.server.trust.TrustManagerService
01-03 19:09:26.334   322   322 V SystemServerTiming: OnBootPhase_550_com.android.server.trust.TrustManagerService took to complete: 0ms
01-03 19:09:26.334   322   322 D SystemServerTiming: OnBootPhase_550_com.android.server.backup.BackupManagerService$Lifecycle
01-03 19:09:26.334   322   322 V SystemServerTiming: OnBootPhase_550_com.android.server.backup.BackupManagerService$Lifecycle took to complete: 0ms
01-03 19:09:26.334   322   322 D SystemServerTiming: OnBootPhase_550_com.android.server.appwidget.AppWidgetService
01-03 19:09:26.334   322   322 V SystemServerTiming: OnBootPhase_550_com.android.server.appwidget.AppWidgetService took to complete: 0ms
01-03 19:09:26.334   322   322 D SystemServerTiming: OnBootPhase_550_com.android.server.voiceinteraction.VoiceInteractionManagerService
01-03 19:09:26.334   322   322 V SystemServerTiming: OnBootPhase_550_com.android.server.voiceinteraction.VoiceInteractionManagerService took to complete: 0ms
01-03 19:09:26.334   322   322 D SystemServerTiming: OnBootPhase_550_com.android.server.apphibernation.AppHibernationService
01-03 19:09:26.334   322   322 V SystemServerTiming: OnBootPhase_550_com.android.server.apphibernation.AppHibernationService took to complete: 0ms
01-03 19:09:26.334   322   322 D SystemServerTiming: OnBootPhase_550_com.android.server.GestureLauncherService
01-03 19:09:26.334   322   322 V SystemServerTiming: OnBootPhase_550_com.android.server.GestureLauncherService took to complete: 0ms
01-03 19:09:26.334   322   322 D SystemServerTiming: OnBootPhase_550_com.android.server.SensorNotificationService
01-03 19:09:26.334   322   322 V SystemServerTiming: OnBootPhase_550_com.android.server.SensorNotificationService took to complete: 0ms
01-03 19:09:26.334   322   322 D SystemServerTiming: OnBootPhase_550_com.android.server.emergency.EmergencyAffordanceService
01-03 19:09:26.334   322   322 V SystemServerTiming: OnBootPhase_550_com.android.server.emergency.EmergencyAffordanceService took to complete: 0ms
01-03 19:09:26.334   322   322 D SystemServerTiming: OnBootPhase_550_com.android.server.blob.BlobStoreManagerService
01-03 19:09:26.334   322   685 D SystemServerTimingAsync: InitThreadPoolExec:UsbService$Lifecycle#onBootPhase
01-03 19:09:26.334   322   685 V SystemServerTimingAsync: InitThreadPoolExec:UsbService$Lifecycle#onBootPhase took to complete: 0ms
01-03 19:09:26.334   322   322 V SystemServerTiming: OnBootPhase_550_com.android.server.blob.BlobStoreManagerService took to complete: 1ms
01-03 19:09:26.334   322   322 D SystemServerTiming: OnBootPhase_550_com.android.server.dreams.DreamManagerService
01-03 19:09:26.334   322   322 V SystemServerTiming: OnBootPhase_550_com.android.server.dreams.DreamManagerService took to complete: 0ms
01-03 19:09:26.334   322   322 D SystemServerTiming: OnBootPhase_550_com.android.server.print.PrintManagerService
01-03 19:09:26.334   322   322 V SystemServerTiming: OnBootPhase_550_com.android.server.print.PrintManagerService took to complete: 0ms
01-03 19:09:26.334   322   322 D SystemServerTiming: OnBootPhase_550_com.android.server.security.AttestationVerificationManagerService
01-03 19:09:26.334   322   322 V SystemServerTiming: OnBootPhase_550_com.android.server.security.AttestationVerificationManagerService took to complete: 0ms
01-03 19:09:26.334   322   322 D SystemServerTiming: OnBootPhase_550_com.android.server.companion.CompanionDeviceManagerService
01-03 19:09:26.334   322   322 V SystemServerTiming: OnBootPhase_550_com.android.server.companion.CompanionDeviceManagerService took to complete: 0ms
01-03 19:09:26.334   322   322 D SystemServerTiming: OnBootPhase_550_com.android.server.companion.virtual.VirtualDeviceManagerService
01-03 19:09:26.334   322   322 V SystemServerTiming: OnBootPhase_550_com.android.server.companion.virtual.VirtualDeviceManagerService took to complete: 0ms
01-03 19:09:26.334   322   322 D SystemServerTiming: OnBootPhase_550_com.android.server.restrictions.RestrictionsManagerService
01-03 19:09:26.334   322   322 V SystemServerTiming: OnBootPhase_550_com.android.server.restrictions.RestrictionsManagerService took to complete: 0ms
01-03 19:09:26.334   322   322 D SystemServerTiming: OnBootPhase_550_com.android.server.media.MediaSessionService
01-03 19:09:26.334   322   322 V SystemServerTiming: OnBootPhase_550_com.android.server.media.MediaSessionService took to complete: 0ms
01-03 19:09:26.334   322   322 D SystemServerTiming: OnBootPhase_550_com.android.server.media.MediaResourceMonitorService
01-03 19:09:26.334   322   322 V SystemServerTiming: OnBootPhase_550_com.android.server.media.MediaResourceMonitorService took to complete: 0ms
01-03 19:09:26.334   322   322 D SystemServerTiming: OnBootPhase_550_com.android.server.biometrics.BiometricService
01-03 19:09:26.334   322   322 V SystemServerTiming: OnBootPhase_550_com.android.server.biometrics.BiometricService took to complete: 0ms
