01-03 19:09:28.386   322   410 D CompatibilityChangeReporter: Compat change id reported: 218533173; UID 10096; state: ENABLED
01-03 19:09:28.386   322   410 D CompatibilityChangeReporter: Compat change id reported: 171306433; UID 10089; state: ENABLED
01-03 19:09:28.386   322   410 D CompatibilityChangeReporter: Compat change id reported: 226439802; UID 10089; state: DISABLED
01-03 19:09:28.387   322   410 D CompatibilityChangeReporter: Compat change id reported: 218533173; UID 10120; state: ENABLED
01-03 19:09:28.387   322   410 D CompatibilityChangeReporter: Compat change id reported: 218533173; UID 10140; state: DISABLED
01-03 19:09:28.387   322   410 D CompatibilityChangeReporter: Compat change id reported: 218533173; UID 10092; state: ENABLED
01-03 19:09:28.387   322   410 D CompatibilityChangeReporter: Compat change id reported: 218533173; UID 10085; state: ENABLED
01-03 19:09:28.387   322   410 D CompatibilityChangeReporter: Compat change id reported: 218533173; UID 10080; state: ENABLED
01-03 19:09:28.387   322   410 D CompatibilityChangeReporter: Compat change id reported: 218533173; UID 10132; state: ENABLED
01-03 19:09:28.387   322   410 D CompatibilityChangeReporter: Compat change id reported: 218533173; UID 10138; state: ENABLED
01-03 19:09:28.387   322   410 D CompatibilityChangeReporter: Compat change id reported: 218533173; UID 10008; state: ENABLED
01-03 19:09:28.387   322   410 D CompatibilityChangeReporter: Compat change id reported: 218533173; UID 10026; state: ENABLED
01-03 19:09:28.387   322   410 D CompatibilityChangeReporter: Compat change id reported: 218533173; UID 10053; state: ENABLED
01-03 19:09:28.387   322   410 D CompatibilityChangeReporter: Compat change id reported: 218533173; UID 10119; state: DISABLED
01-03 19:09:28.387   322   410 D CompatibilityChangeReporter: Compat change id reported: 218533173; UID 10083; state: ENABLED
01-03 19:09:28.387   322   410 D CompatibilityChangeReporter: Compat change id reported: 218533173; UID 10055; state: ENABLED
01-03 19:09:28.387   322   410 D CompatibilityChangeReporter: Compat change id reported: 218533173; UID 10136; state: ENABLED
01-03 19:09:28.387   322   410 D CompatibilityChangeReporter: Compat change id reported: 218533173; UID 10107; state: ENABLED
01-03 19:09:28.387   322   410 D CompatibilityChangeReporter: Compat change id reported: 218533173; UID 10023; state: ENABLED
01-03 19:09:28.387   322   410 D CompatibilityChangeReporter: Compat change id reported: 218533173; UID 10027; state: ENABLED
01-03 19:09:28.387   322   410 D CompatibilityChangeReporter: Compat change id reported: 218533173; UID 10078; state: ENABLED
01-03 19:09:28.387   322   410 D CompatibilityChangeReporter: Compat change id reported: 218533173; UID 10124; state: ENABLED
01-03 19:09:28.387   322   410 D CompatibilityChangeReporter: Compat change id reported: 218533173; UID 10062; state: ENABLED
01-03 19:09:28.387   322   410 D CompatibilityChangeReporter: Compat change id reported: 218533173; UID 10125; state: ENABLED
01-03 19:09:28.387   322   410 D CompatibilityChangeReporter: Compat change id reported: 218533173; UID 10024; state: ENABLED
01-03 19:09:28.387   322   410 D CompatibilityChangeReporter: Compat change id reported: 218533173; UID 10102; state: ENABLED
01-03 19:09:28.387   322   410 D CompatibilityChangeReporter: Compat change id reported: 218533173; UID 10001; state: ENABLED
01-03 19:09:28.387   322   410 D CompatibilityChangeReporter: Compat change id reported: 218533173; UID 10017; state: ENABLED
01-03 19:09:28.387   322   410 D CompatibilityChangeReporter: Compat change id reported: 218533173; UID 10086; state: DISABLED
01-03 19:09:28.387   322   410 D CompatibilityChangeReporter: Compat change id reported: 218533173; UID 10044; state: ENABLED
01-03 19:09:28.387   322   410 D CompatibilityChangeReporter: Compat change id reported: 218533173; UID 10130; state: ENABLED
01-03 19:09:28.387   322   410 D CompatibilityChangeReporter: Compat change id reported: 218533173; UID 10070; state: ENABLED
01-03 19:09:28.387   322   410 D CompatibilityChangeReporter: Compat change id reported: 218533173; UID 10038; state: ENABLED
01-03 19:09:28.387   322   410 D CompatibilityChangeReporter: Compat change id reported: 218533173; UID 10081; state: ENABLED
01-03 19:09:28.387   322   410 D CompatibilityChangeReporter: Compat change id reported: 218533173; UID 10037; state: ENABLED
01-03 19:09:28.387   322   410 D CompatibilityChangeReporter: Compat change id reported: 218533173; UID 10072; state: ENABLED
01-03 19:09:28.387   322   410 D CompatibilityChangeReporter: Compat change id reported: 218533173; UID 10049; state: ENABLED
01-03 19:09:28.387   322   410 D CompatibilityChangeReporter: Compat change id reported: 218533173; UID 10029; state: ENABLED
01-03 19:09:28.387   322   410 D CompatibilityChangeReporter: Compat change id reported: 218533173; UID 10068; state: ENABLED
01-03 19:09:28.387   322   410 D CompatibilityChangeReporter: Compat change id reported: 218533173; UID 10009; state: ENABLED
01-03 19:09:28.387   322   410 D CompatibilityChangeReporter: Compat change id reported: 218533173; UID 10021; state: ENABLED
01-03 19:09:28.387   322   410 D CompatibilityChangeReporter: Compat change id reported: 218533173; UID 10016; state: ENABLED
01-03 19:09:28.387   322   410 D CompatibilityChangeReporter: Compat change id reported: 218533173; UID 10048; state: ENABLED
01-03 19:09:28.387   322   410 D CompatibilityChangeReporter: Compat change id reported: 218533173; UID 10047; state: ENABLED
01-03 19:09:28.387   322   410 D CompatibilityChangeReporter: Compat change id reported: 218533173; UID 10105; state: DISABLED
01-03 19:09:28.387   322   410 D CompatibilityChangeReporter: Compat change id reported: 218533173; UID 10018; state: ENABLED
01-03 19:09:28.387   322   410 D CompatibilityChangeReporter: Compat change id reported: 218533173; UID 10106; state: ENABLED
01-03 19:09:28.387   322   410 D CompatibilityChangeReporter: Compat change id reported: 218533173; UID 10002; state: ENABLED
01-03 19:09:28.387   322   410 D CompatibilityChangeReporter: Compat change id reported: 218533173; UID 10115; state: ENABLED
01-03 19:09:28.387   322   410 D CompatibilityChangeReporter: Compat change id reported: 218533173; UID 10111; state: DISABLED
01-03 19:09:28.388   322   410 D CompatibilityChangeReporter: Compat change id reported: 218533173; UID 10046; state: ENABLED
01-03 19:09:28.388   322   410 D CompatibilityChangeReporter: Compat change id reported: 218533173; UID 10069; state: ENABLED
01-03 19:09:28.388   322   410 D CompatibilityChangeReporter: Compat change id reported: 218533173; UID 10099; state: ENABLED
01-03 19:09:28.388   322   410 D CompatibilityChangeReporter: Compat change id reported: 218533173; UID 10093; state: ENABLED
01-03 19:09:28.388   322   410 D CompatibilityChangeReporter: Compat change id reported: 218533173; UID 10118; state: ENABLED
01-03 19:09:28.388   322   410 D CompatibilityChangeReporter: Compat change id reported: 218533173; UID 10144; state: DISABLED
01-03 19:09:28.388   322   410 D CompatibilityChangeReporter: Compat change id reported: 218533173; UID 10134; state: ENABLED
01-03 19:09:28.388   322   410 D CompatibilityChangeReporter: Compat change id reported: 218533173; UID 10088; state: ENABLED
01-03 19:09:28.388   322   410 D CompatibilityChangeReporter: Compat change id reported: 218533173; UID 10082; state: ENABLED
01-03 19:09:28.388   322   410 D CompatibilityChangeReporter: Compat change id reported: 218533173; UID 10040; state: ENABLED
01-03 19:09:28.388   322   410 D CompatibilityChangeReporter: Compat change id reported: 218533173; UID 10045; state: ENABLED
01-03 19:09:28.388   322   410 D CompatibilityChangeReporter: Compat change id reported: 218533173; UID 10103; state: ENABLED
01-03 19:09:28.388   322   410 D CompatibilityChangeReporter: Compat change id reported: 218533173; UID 10056; state: ENABLED
01-03 19:09:28.388   322   410 D CompatibilityChangeReporter: Compat change id reported: 218533173; UID 10036; state: ENABLED
01-03 19:09:28.388   322   410 D CompatibilityChangeReporter: Compat change id reported: 218533173; UID 10015; state: ENABLED
01-03 19:09:28.388   322   410 D CompatibilityChangeReporter: Compat change id reported: 218533173; UID 10057; state: ENABLED
01-03 19:09:28.388   322   410 D CompatibilityChangeReporter: Compat change id reported: 218533173; UID 10035; state: ENABLED
01-03 19:09:28.388   322   410 D CompatibilityChangeReporter: Compat change id reported: 218533173; UID 10060; state: ENABLED
01-03 19:09:28.388   322   410 D CompatibilityChangeReporter: Compat change id reported: 218533173; UID 10139; state: ENABLED
01-03 19:09:28.388   322   410 D CompatibilityChangeReporter: Compat change id reported: 218533173; UID 10010; state: ENABLED
01-03 19:09:28.388   322   410 D CompatibilityChangeReporter: Compat change id reported: 218533173; UID 10108; state: DISABLED
01-03 19:09:28.388   322   410 D CompatibilityChangeReporter: Compat change id reported: 218533173; UID 10097; state: DISABLED
01-03 19:09:28.388   322   410 D CompatibilityChangeReporter: Compat change id reported: 218533173; UID 10126; state: ENABLED
01-03 19:09:28.388   322   410 D CompatibilityChangeReporter: Compat change id reported: 218533173; UID 10076; state: ENABLED
01-03 19:09:28.388   322   410 D CompatibilityChangeReporter: Compat change id reported: 171306433; UID 10110; state: ENABLED
01-03 19:09:28.388   322   410 D CompatibilityChangeReporter: Compat change id reported: 226439802; UID 10110; state: DISABLED
01-03 19:09:28.388   322   410 D CompatibilityChangeReporter: Compat change id reported: 218533173; UID 10011; state: ENABLED
01-03 19:09:28.388   322   410 D CompatibilityChangeReporter: Compat change id reported: 218533173; UID 10104; state: ENABLED
01-03 19:09:28.388   322   410 D CompatibilityChangeReporter: Compat change id reported: 218533173; UID 10063; state: ENABLED
01-03 19:09:28.388   322   410 D CompatibilityChangeReporter: Compat change id reported: 218533173; UID 10131; state: ENABLED
01-03 19:09:28.388   322   410 D CompatibilityChangeReporter: Compat change id reported: 218533173; UID 10050; state: ENABLED
01-03 19:09:28.388   322   410 D CompatibilityChangeReporter: Compat change id reported: 218533173; UID 10113; state: DISABLED
01-03 19:09:28.388   322   410 D CompatibilityChangeReporter: Compat change id reported: 218533173; UID 10042; state: ENABLED
01-03 19:09:28.388   322   410 D CompatibilityChangeReporter: Compat change id reported: 218533173; UID 10133; state: ENABLED
01-03 19:09:28.388   322   410 D CompatibilityChangeReporter: Compat change id reported: 218533173; UID 10052; state: ENABLED
01-03 19:09:28.388   322   410 D CompatibilityChangeReporter: Compat change id reported: 218533173; UID 10071; state: ENABLED
01-03 19:09:28.388   322   410 D CompatibilityChangeReporter: Compat change id reported: 218533173; UID 10117; state: ENABLED
01-03 19:09:28.388   322   410 D CompatibilityChangeReporter: Compat change id reported: 218533173; UID 10000; state: ENABLED
01-03 19:09:28.388   322   410 D CompatibilityChangeReporter: Compat change id reported: 218533173; UID 10031; state: ENABLED
01-03 19:09:28.388   322   410 D CompatibilityChangeReporter: Compat change id reported: 171306433; UID 10090; state: ENABLED
01-03 19:09:28.388   322   410 D CompatibilityChangeReporter: Compat change id reported: 226439802; UID 10090; state: DISABLED
01-03 19:09:28.388   322   410 D CompatibilityChangeReporter: Compat change id reported: 218533173; UID 10020; state: ENABLED
01-03 19:09:28.388   322   410 D CompatibilityChangeReporter: Compat change id reported: 218533173; UID 10123; state: ENABLED
01-03 19:09:28.388   322   410 D CompatibilityChangeReporter: Compat change id reported: 218533173; UID 10073; state: ENABLED
01-03 19:09:28.388   322   410 D CompatibilityChangeReporter: Compat change id reported: 218533173; UID 10030; state: ENABLED
01-03 19:09:28.388   322   410 D CompatibilityChangeReporter: Compat change id reported: 218533173; UID 10116; state: ENABLED
01-03 19:09:28.389   322   410 D CompatibilityChangeReporter: Compat change id reported: 218533173; UID 10114; state: ENABLED
01-03 19:09:28.389   322   410 D CompatibilityChangeReporter: Compat change id reported: 171306433; UID 10087; state: ENABLED
01-03 19:09:28.389   322   410 D CompatibilityChangeReporter: Compat change id reported: 226439802; UID 10087; state: DISABLED
01-03 19:09:28.389   322   410 D CompatibilityChangeReporter: Compat change id reported: 218533173; UID 10075; state: DISABLED
01-03 19:09:28.389   322   410 D CompatibilityChangeReporter: Compat change id reported: 218533173; UID 10013; state: ENABLED
01-03 19:09:28.389   322   410 D CompatibilityChangeReporter: Compat change id reported: 218533173; UID 10128; state: DISABLED
01-03 19:09:28.389   322   410 D CompatibilityChangeReporter: Compat change id reported: 218533173; UID 10066; state: ENABLED
01-03 19:09:28.389   322   410 D CompatibilityChangeReporter: Compat change id reported: 218533173; UID 10146; state: ENABLED
01-03 19:09:28.389   322   410 D CompatibilityChangeReporter: Compat change id reported: 218533173; UID 10061; state: ENABLED
01-03 19:09:28.389   322   410 D CompatibilityChangeReporter: Compat change id reported: 218533173; UID 10143; state: ENABLED
01-03 19:09:28.389   322   410 D CompatibilityChangeReporter: Compat change id reported: 171306433; UID 10122; state: ENABLED
01-03 19:09:28.389   322   410 D CompatibilityChangeReporter: Compat change id reported: 226439802; UID 10122; state: DISABLED
01-03 19:09:28.389   322   410 D CompatibilityChangeReporter: Compat change id reported: 218533173; UID 10135; state: ENABLED
01-03 19:09:28.389   322   410 D CompatibilityChangeReporter: Compat change id reported: 218533173; UID 10101; state: ENABLED
01-03 19:09:28.389   322   410 D CompatibilityChangeReporter: Compat change id reported: 218533173; UID 10022; state: ENABLED
01-03 19:09:28.389   322   410 D CompatibilityChangeReporter: Compat change id reported: 218533173; UID 10028; state: ENABLED
01-03 19:09:28.389   322   410 D CompatibilityChangeReporter: Compat change id reported: 218533173; UID 10121; state: ENABLED
01-03 19:09:28.389   322   410 D CompatibilityChangeReporter: Compat change id reported: 218533173; UID 10112; state: ENABLED
01-03 19:09:28.389   322   410 D CompatibilityChangeReporter: Compat change id reported: 218533173; UID 10127; state: ENABLED
01-03 19:09:28.389   322   410 D CompatibilityChangeReporter: Compat change id reported: 218533173; UID 10141; state: DISABLED
01-03 19:09:28.389   322   410 D CompatibilityChangeReporter: Compat change id reported: 218533173; UID 10100; state: ENABLED
01-03 19:09:28.389   322   410 D CompatibilityChangeReporter: Compat change id reported: 218533173; UID 10142; state: ENABLED
01-03 19:09:28.389   322   410 D CompatibilityChangeReporter: Compat change id reported: 218533173; UID 10054; state: ENABLED
01-03 19:09:28.389   322   410 D CompatibilityChangeReporter: Compat change id reported: 218533173; UID 10079; state: ENABLED
01-03 19:09:28.389   322   410 D CompatibilityChangeReporter: Compat change id reported: 218533173; UID 10012; state: ENABLED
01-03 19:09:28.389   322   410 D CompatibilityChangeReporter: Compat change id reported: 218533173; UID 10032; state: ENABLED
01-03 19:09:28.389   322   410 D CompatibilityChangeReporter: Compat change id reported: 218533173; UID 10007; state: ENABLED
01-03 19:09:28.389   322   410 D CompatibilityChangeReporter: Compat change id reported: 218533173; UID 10006; state: ENABLED
01-03 19:09:28.389   322   410 D CompatibilityChangeReporter: Compat change id reported: 218533173; UID 10094; state: ENABLED
01-03 19:09:28.680   322   335 I Telecom : PhoneAccountRegistrar: Modify account: [ComponentInfo{com.android.phone/com.android.services.telephony.TelephonyConnectionService}, E, UserHandle{0}]: TSI.rPA@AA4
01-03 19:09:28.680   322   335 I Telecom : CallsManager: handlePhoneAccountChanged: phoneAccount=[[X] PhoneAccount: ComponentInfo{com.android.phone/com.android.services.telephony.TelephonyConnectionService}, E, UserHandle{0} Capabilities: CallProvider MultiUser PlaceEmerg SimSub  Audio Routes: BESW Schemes: tel voicemail  Extras: Bundle[{android.telecom.extra.SUPPORTS_VIDEO_CALLING_FALLBACK=true}] GroupId: ***]: TSI.rPA@AA4
01-03 19:09:28.681   322   335 I Telecom : PhoneAccountRegistrar: getSimCallManager: SimCallManager for subId -1 queried, returning: null: TSI.rPA@AA4
01-03 19:09:28.681   322   335 I Telecom : PhoneAccountRegistrar: Notifying telephony of voice service override change for 1 SIMs, hasService = false: TSI.rPA@AA4
01-03 19:09:28.687   322   335 I Telecom : PhoneAccountRegistrar: Modify account: [ComponentInfo{com.android.phone/com.android.services.telephony.TelephonyConnectionService}, E, UserHandle{0}]: TSI.rPA@ABA
01-03 19:09:28.687   322   335 I Telecom : CallsManager: handlePhoneAccountChanged: phoneAccount=[[X] PhoneAccount: ComponentInfo{com.android.phone/com.android.services.telephony.TelephonyConnectionService}, E, UserHandle{0} Capabilities: CallProvider MultiUser PlaceEmerg SimSub  Audio Routes: BESW Schemes: tel voicemail  Extras: Bundle[{android.telecom.extra.SUPPORTS_VIDEO_CALLING_FALLBACK=true}] GroupId: ***]: TSI.rPA@ABA
01-03 19:09:28.687   322   335 I Telecom : PhoneAccountRegistrar: getSimCallManager: SimCallManager for subId -1 queried, returning: null: TSI.rPA@ABA
01-03 19:09:28.687   322   335 I Telecom : PhoneAccountRegistrar: Notifying telephony of voice service override change for 1 SIMs, hasService = false: TSI.rPA@ABA
01-03 19:09:29.015   322   335 D CoreBackPreview: Window{8430d6f u0 Wired Charging Animation}: Setting back callback null
01-03 19:09:29.141   322   342 W WindowManager: App freeze timeout expired.
01-03 19:09:30.350   322   526 W ContextImpl: Calling a method in the system process without a qualified user: android.app.ContextImpl.sendStickyBroadcast:1586 com.android.server.ConnectivityService.sendStickyBroadcast:3443 com.android.server.ConnectivityService.sendGeneralBroadcast:3416 com.android.server.ConnectivityService.sendConnectedBroadcast:3389 com.android.server.ConnectivityService.sendLegacyNetworkBroadcast:9840 
01-03 19:09:30.351   322   349 W BroadcastQueue: Target SDK mismatch: receiver ActivityInfo{140ecae com.google.android.gms.gcm.ServiceAutoStarter} targets 36 but delivery restricted to [0, 23] broadcasting Intent { act=android.net.conn.CONNECTIVITY_CHANGE flg=0x4200010 (has extras) } from android (pid=322, uid=1000) to com.google.android.gms/.gcm.ServiceAutoStarter
01-03 19:09:30.351   322   322 I SyncManager: Loaded persisted syncs: 0 periodic syncs, 0 oneshot syncs, 12 total system server jobs, JobStats: FirstLoad: 74/5/0 LastSave: 74/5/0
01-03 19:09:30.357   322   526 W ContextImpl: Calling a method in the system process without a qualified user: android.app.ContextImpl.sendStickyBroadcast:1586 com.android.server.ConnectivityService.sendStickyBroadcast:3443 com.android.server.ConnectivityService.sendGeneralBroadcast:3416 com.android.server.ConnectivityService.sendInetConditionBroadcast:3393 com.android.server.ConnectivityService.updateInetCondition:9572 
01-03 19:09:31.419   322   342 I WindowManager: ******* TELLING SURFACE FLINGER WE ARE BOOTED!
01-03 19:09:31.419   322   342 D ActivityManagerTiming: FinishBooting
01-03 19:09:31.420   322   342 I ActivityManager: About to commit checkpoint
01-03 19:09:31.420   322   342 I SystemServiceManager: Starting phase 1000
01-03 19:09:31.420   322   342 D ActivityManagerTiming: OnBootPhase_1000
01-03 19:09:31.420   322   342 D ActivityManagerTiming: OnBootPhase_1000_com.android.server.security.FileIntegrityService
01-03 19:09:31.420   322   342 V ActivityManagerTiming: OnBootPhase_1000_com.android.server.security.FileIntegrityService took to complete: 0ms
01-03 19:09:31.420   322   342 D ActivityManagerTiming: OnBootPhase_1000_com.android.server.pm.Installer
01-03 19:09:31.420   322   342 V ActivityManagerTiming: OnBootPhase_1000_com.android.server.pm.Installer took to complete: 0ms
01-03 19:09:31.420   322   342 D ActivityManagerTiming: OnBootPhase_1000_com.android.server.os.DeviceIdentifiersPolicyService
01-03 19:09:31.420   322   342 V ActivityManagerTiming: OnBootPhase_1000_com.android.server.os.DeviceIdentifiersPolicyService took to complete: 0ms
01-03 19:09:31.420   322   342 D ActivityManagerTiming: OnBootPhase_1000_com.android.server.uri.UriGrantsManagerService$Lifecycle
01-03 19:09:31.420   322   342 V ActivityManagerTiming: OnBootPhase_1000_com.android.server.uri.UriGrantsManagerService$Lifecycle took to complete: 0ms
01-03 19:09:31.420   322   342 D ActivityManagerTiming: OnBootPhase_1000_com.android.server.powerstats.PowerStatsService
01-03 19:09:31.420   322   342 E PowerStatsService: Failed to start PowerStatsService loggers
01-03 19:09:31.420   322   342 V ActivityManagerTiming: OnBootPhase_1000_com.android.server.powerstats.PowerStatsService took to complete: 0ms
01-03 19:09:31.420   322   342 D ActivityManagerTiming: OnBootPhase_1000_com.android.server.wm.ActivityTaskManagerService$Lifecycle
01-03 19:09:31.420   322   342 V ActivityManagerTiming: OnBootPhase_1000_com.android.server.wm.ActivityTaskManagerService$Lifecycle took to complete: 0ms
01-03 19:09:31.420   322   342 D ActivityManagerTiming: OnBootPhase_1000_com.android.server.am.ActivityManagerService$Lifecycle
01-03 19:09:31.420   322   342 V ActivityManagerTiming: OnBootPhase_1000_com.android.server.am.ActivityManagerService$Lifecycle took to complete: 0ms
01-03 19:09:31.420   322   342 D ActivityManagerTiming: OnBootPhase_1000_com.android.server.pm.DataLoaderManagerService
01-03 19:09:31.420   322   342 V ActivityManagerTiming: OnBootPhase_1000_com.android.server.pm.DataLoaderManagerService took to complete: 0ms
01-03 19:09:31.420   322   342 D ActivityManagerTiming: OnBootPhase_1000_com.android.server.power.PowerManagerService
01-03 19:09:31.420   322   363 V DisplayPowerController[0]: Brightness [0.39763778] reason changing to: 'manual', previous reason: 'override'.
01-03 19:09:31.420   322   363 I DisplayPowerController[0]: BrightnessEvent: disp=0, physDisp=local:0, brt=0.39763778, initBrt=0.39763778, rcmdBrt=NaN, preBrt=NaN, lux=0.0, preLux=0.0, hbmMax=1.0, hbmMode=off, rbcStrength=0, powerFactor=1.0, thrmMax=1.0, wasShortTermModelActive=false, flags=, reason=manual, autoBrightness=false
01-03 19:09:31.420   322   342 V ActivityManagerTiming: OnBootPhase_1000_com.android.server.power.PowerManagerService took to complete: 0ms
01-03 19:09:31.420   322   342 D ActivityManagerTiming: OnBootPhase_1000_com.android.server.power.ThermalManagerService
01-03 19:09:31.420   322   342 V ActivityManagerTiming: OnBootPhase_1000_com.android.server.power.ThermalManagerService took to complete: 0ms
01-03 19:09:31.420   322   342 D ActivityManagerTiming: OnBootPhase_1000_com.android.server.power.hint.HintManagerService
01-03 19:09:31.420   322   342 V ActivityManagerTiming: OnBootPhase_1000_com.android.server.power.hint.HintManagerService took to complete: 0ms
01-03 19:09:31.420   322   342 D ActivityManagerTiming: OnBootPhase_1000_com.android.server.recoverysystem.RecoverySystemService$Lifecycle
01-03 19:09:31.420   322   342 V ActivityManagerTiming: OnBootPhase_1000_com.android.server.recoverysystem.RecoverySystemService$Lifecycle took to complete: 0ms
01-03 19:09:31.420   322   342 D ActivityManagerTiming: OnBootPhase_1000_com.android.server.lights.LightsService
01-03 19:09:31.420   322   342 V ActivityManagerTiming: OnBootPhase_1000_com.android.server.lights.LightsService took to complete: 0ms
01-03 19:09:31.420   322   342 D ActivityManagerTiming: OnBootPhase_1000_com.android.server.display.DisplayManagerService
01-03 19:09:31.420   322   363 I DisplayPowerController[0]: BrightnessEvent: disp=0, physDisp=local:0, brt=0.39763778, initBrt=0.39763778, rcmdBrt=NaN, preBrt=NaN, lux=0.0, preLux=0.0, hbmMax=1.0, hbmMode=off, rbcStrength=0, powerFactor=1.0, thrmMax=1.0, wasShortTermModelActive=false, flags=, reason=manual, autoBrightness=false
01-03 19:09:31.420   322   342 I LogicalDisplayMapper: Requesting Transition to state: 0, from state=-1, interactive=true, mBootCompleted=true
01-03 19:09:31.420   322   342 I LogicalDisplayMapper: Applying layout: [{addr: {port=0}, dispId: 0(ON)}], Previous layout: [{addr: {port=0}, dispId: 0(ON)}]
01-03 19:09:31.420   322   342 V ActivityManagerTiming: OnBootPhase_1000_com.android.server.display.DisplayManagerService took to complete: 0ms
01-03 19:09:31.420   322   342 D ActivityManagerTiming: OnBootPhase_1000_com.android.server.pm.verify.domain.DomainVerificationService
01-03 19:09:31.421   322   342 V ActivityManagerTiming: OnBootPhase_1000_com.android.server.pm.verify.domain.DomainVerificationService took to complete: 0ms
01-03 19:09:31.421   322   342 D ActivityManagerTiming: OnBootPhase_1000_com.android.server.pm.PackageInstallerService$Lifecycle
01-03 19:09:31.421   322   342 V ActivityManagerTiming: OnBootPhase_1000_com.android.server.pm.PackageInstallerService$Lifecycle took to complete: 0ms
01-03 19:09:31.421   322   342 D ActivityManagerTiming: OnBootPhase_1000_com.android.server.pm.UserManagerService$LifeCycle
01-03 19:09:31.421   322   342 V ActivityManagerTiming: OnBootPhase_1000_com.android.server.pm.UserManagerService$LifeCycle took to complete: 0ms
01-03 19:09:31.421   322   342 D ActivityManagerTiming: OnBootPhase_1000_com.android.server.om.OverlayManagerService
01-03 19:09:31.421   322   342 V ActivityManagerTiming: OnBootPhase_1000_com.android.server.om.OverlayManagerService took to complete: 0ms
01-03 19:09:31.421   322   342 D ActivityManagerTiming: OnBootPhase_1000_com.android.server.resources.ResourcesManagerService
01-03 19:09:31.421   322   342 V ActivityManagerTiming: OnBootPhase_1000_com.android.server.resources.ResourcesManagerService took to complete: 0ms
01-03 19:09:31.421   322   342 D ActivityManagerTiming: OnBootPhase_1000_com.android.server.sensorprivacy.SensorPrivacyService
01-03 19:09:31.421   322   342 V ActivityManagerTiming: OnBootPhase_1000_com.android.server.sensorprivacy.SensorPrivacyService took to complete: 0ms
01-03 19:09:31.421   322   342 D ActivityManagerTiming: OnBootPhase_1000_com.android.server.sensors.SensorService
01-03 19:09:31.421   322   342 V ActivityManagerTiming: OnBootPhase_1000_com.android.server.sensors.SensorService took to complete: 0ms
01-03 19:09:31.421   322   342 D ActivityManagerTiming: OnBootPhase_1000_com.android.server.SystemConfigService
01-03 19:09:31.421   322   342 V ActivityManagerTiming: OnBootPhase_1000_com.android.server.SystemConfigService took to complete: 0ms
01-03 19:09:31.421   322   342 D ActivityManagerTiming: OnBootPhase_1000_com.android.server.BatteryService
01-03 19:09:31.421   322   342 V ActivityManagerTiming: OnBootPhase_1000_com.android.server.BatteryService took to complete: 1ms
01-03 19:09:31.421   322   342 D ActivityManagerTiming: OnBootPhase_1000_com.android.server.usage.UsageStatsService
01-03 19:09:31.421   322   342 V ActivityManagerTiming: OnBootPhase_1000_com.android.server.usage.UsageStatsService took to complete: 0ms
01-03 19:09:31.421   322   342 D ActivityManagerTiming: OnBootPhase_1000_com.android.server.webkit.WebViewUpdateService
01-03 19:09:31.421   322   342 V ActivityManagerTiming: OnBootPhase_1000_com.android.server.webkit.WebViewUpdateService took to complete: 0ms
01-03 19:09:31.421   322   342 D ActivityManagerTiming: OnBootPhase_1000_com.android.server.CachedDeviceStateService
01-03 19:09:31.421   322   342 V ActivityManagerTiming: OnBootPhase_1000_com.android.server.CachedDeviceStateService took to complete: 0ms
01-03 19:09:31.421   322   342 D ActivityManagerTiming: OnBootPhase_1000_com.android.server.BinderCallsStatsService$LifeCycle
01-03 19:09:31.421   322   342 V ActivityManagerTiming: OnBootPhase_1000_com.android.server.BinderCallsStatsService$LifeCycle took to complete: 0ms
01-03 19:09:31.421   322   342 D ActivityManagerTiming: OnBootPhase_1000_com.android.server.LooperStatsService$Lifecycle
01-03 19:09:31.421   322   342 V ActivityManagerTiming: OnBootPhase_1000_com.android.server.LooperStatsService$Lifecycle took to complete: 0ms
01-03 19:09:31.421   322   342 D ActivityManagerTiming: OnBootPhase_1000_com.android.server.rollback.RollbackManagerService
01-03 19:09:31.421   322   342 V ActivityManagerTiming: OnBootPhase_1000_com.android.server.rollback.RollbackManagerService took to complete: 0ms
01-03 19:09:31.421   322   342 D ActivityManagerTiming: OnBootPhase_1000_com.android.server.os.NativeTombstoneManagerService
01-03 19:09:31.421   322   342 V ActivityManagerTiming: OnBootPhase_1000_com.android.server.os.NativeTombstoneManagerService took to complete: 0ms
01-03 19:09:31.421   322   342 D ActivityManagerTiming: OnBootPhase_1000_com.android.server.os.BugreportManagerService
01-03 19:09:31.421   322   342 V ActivityManagerTiming: OnBootPhase_1000_com.android.server.os.BugreportManagerService took to complete: 0ms
01-03 19:09:31.421   322   342 D ActivityManagerTiming: OnBootPhase_1000_com.android.server.gpu.GpuService
01-03 19:09:31.421   322   342 V ActivityManagerTiming: OnBootPhase_1000_com.android.server.gpu.GpuService took to complete: 0ms
01-03 19:09:31.421   322   342 D ActivityManagerTiming: OnBootPhase_1000_com.android.server.security.KeyChainSystemService
01-03 19:09:31.421   322   342 V ActivityManagerTiming: OnBootPhase_1000_com.android.server.security.KeyChainSystemService took to complete: 0ms
01-03 19:09:31.421   322   342 D ActivityManagerTiming: OnBootPhase_1000_com.android.server.BinaryTransparencyService
01-03 19:09:31.421   322   342 I TransparencyService: Boot completed. Getting VBMeta Digest.
01-03 19:09:31.421   322   342 D TransparencyService: VBMeta Digest: vbmeta-digest-unavailable
01-03 19:09:31.421   322   342 I TransparencyService: Scheduling APEX and Module measurements to be updated.
01-03 19:09:31.421   322   342 I TransparencyService: Scheduling APEX & Module SHA256 digest computation job
01-03 19:09:31.421   322   412 D RollbackManager: mRollbackLifetimeDurationInMillis=1209600000
01-03 19:09:31.421   322   342 D CompatibilityChangeReporter: Compat change id reported: 194532703; UID 1000; state: ENABLED
01-03 19:09:31.421   322   342 D TransparencyService: Job 150586306 to update binary measurements scheduled successfully.
01-03 19:09:31.421   322   342 V ActivityManagerTiming: OnBootPhase_1000_com.android.server.BinaryTransparencyService took to complete: 0ms
01-03 19:09:31.422   322   342 D ActivityManagerTiming: OnBootPhase_1000_com.android.server.telecom.TelecomLoaderService
01-03 19:09:31.422   322   342 V ActivityManagerTiming: OnBootPhase_1000_com.android.server.telecom.TelecomLoaderService took to complete: 0ms
01-03 19:09:31.422   322   342 D ActivityManagerTiming: OnBootPhase_1000_com.android.server.accounts.AccountManagerService$Lifecycle
01-03 19:09:31.422   322   342 V ActivityManagerTiming: OnBootPhase_1000_com.android.server.accounts.AccountManagerService$Lifecycle took to complete: 0ms
01-03 19:09:31.422   322   342 D ActivityManagerTiming: OnBootPhase_1000_com.android.server.content.ContentService$Lifecycle
01-03 19:09:31.422   322   342 V ActivityManagerTiming: OnBootPhase_1000_com.android.server.content.ContentService$Lifecycle took to complete: 0ms
01-03 19:09:31.422   322   342 D ActivityManagerTiming: OnBootPhase_1000_com.android.server.DropBoxManagerService
01-03 19:09:31.422   322   342 V ActivityManagerTiming: OnBootPhase_1000_com.android.server.DropBoxManagerService took to complete: 0ms
01-03 19:09:31.422   322   342 D ActivityManagerTiming: OnBootPhase_1000_com.android.role.RoleService
01-03 19:09:31.422   322   342 V ActivityManagerTiming: OnBootPhase_1000_com.android.role.RoleService took to complete: 0ms
01-03 19:09:31.422   322   342 D ActivityManagerTiming: OnBootPhase_1000_com.android.server.vibrator.VibratorManagerService$Lifecycle
01-03 19:09:31.422   322   342 V ActivityManagerTiming: OnBootPhase_1000_com.android.server.vibrator.VibratorManagerService$Lifecycle took to complete: 0ms
01-03 19:09:31.422   322   342 D ActivityManagerTiming: OnBootPhase_1000_com.android.server.tare.InternalResourceService
01-03 19:09:31.422   322   342 V ActivityManagerTiming: OnBootPhase_1000_com.android.server.tare.InternalResourceService took to complete: 0ms
01-03 19:09:31.422   322   342 D ActivityManagerTiming: OnBootPhase_1000_com.android.server.alarm.AlarmManagerService
01-03 19:09:31.422   322   342 V ActivityManagerTiming: OnBootPhase_1000_com.android.server.alarm.AlarmManagerService took to complete: 0ms
01-03 19:09:31.422   322   342 D ActivityManagerTiming: OnBootPhase_1000_com.android.server.devicestate.DeviceStateManagerService
01-03 19:09:31.422   322   342 V ActivityManagerTiming: OnBootPhase_1000_com.android.server.devicestate.DeviceStateManagerService took to complete: 0ms
01-03 19:09:31.422   322   342 D ActivityManagerTiming: OnBootPhase_1000_com.android.server.camera.CameraServiceProxy
01-03 19:09:31.422   322   342 V ActivityManagerTiming: OnBootPhase_1000_com.android.server.camera.CameraServiceProxy took to complete: 1ms
01-03 19:09:31.422   322   342 D ActivityManagerTiming: OnBootPhase_1000_com.android.server.bluetooth.BluetoothService
01-03 19:09:31.422   322   342 V ActivityManagerTiming: OnBootPhase_1000_com.android.server.bluetooth.BluetoothService took to complete: 0ms
01-03 19:09:31.422   322   342 D ActivityManagerTiming: OnBootPhase_1000_com.android.server.connectivity.IpConnectivityMetrics
01-03 19:09:31.422   322   342 V ActivityManagerTiming: OnBootPhase_1000_com.android.server.connectivity.IpConnectivityMetrics took to complete: 0ms
01-03 19:09:31.422   322   342 D ActivityManagerTiming: OnBootPhase_1000_com.android.server.net.watchlist.NetworkWatchlistService$Lifecycle
01-03 19:09:31.422   322   342 V ActivityManagerTiming: OnBootPhase_1000_com.android.server.net.watchlist.NetworkWatchlistService$Lifecycle took to complete: 0ms
01-03 19:09:31.422   322   342 D ActivityManagerTiming: OnBootPhase_1000_com.android.server.PinnerService
01-03 19:09:31.422   322   342 V ActivityManagerTiming: OnBootPhase_1000_com.android.server.PinnerService took to complete: 0ms
01-03 19:09:31.422   322   342 D ActivityManagerTiming: OnBootPhase_1000_com.android.server.integrity.AppIntegrityManagerService
01-03 19:09:31.422   322   342 V ActivityManagerTiming: OnBootPhase_1000_com.android.server.integrity.AppIntegrityManagerService took to complete: 0ms
01-03 19:09:31.422   322   342 D ActivityManagerTiming: OnBootPhase_1000_com.android.server.logcat.LogcatManagerService
01-03 19:09:31.422   322   342 V ActivityManagerTiming: OnBootPhase_1000_com.android.server.logcat.LogcatManagerService took to complete: 0ms
01-03 19:09:31.422   322   342 D ActivityManagerTiming: OnBootPhase_1000_com.android.server.inputmethod.InputMethodManagerService$Lifecycle
01-03 19:09:31.422   322   342 V ActivityManagerTiming: OnBootPhase_1000_com.android.server.inputmethod.InputMethodManagerService$Lifecycle took to complete: 0ms
01-03 19:09:31.422   322   342 D ActivityManagerTiming: OnBootPhase_1000_com.android.server.accessibility.AccessibilityManagerService$Lifecycle
01-03 19:09:31.422   322   342 V ActivityManagerTiming: OnBootPhase_1000_com.android.server.accessibility.AccessibilityManagerService$Lifecycle took to complete: 0ms
01-03 19:09:31.422   322   342 D ActivityManagerTiming: OnBootPhase_1000_com.android.server.StorageManagerService$Lifecycle
01-03 19:09:31.422   322   342 V ActivityManagerTiming: OnBootPhase_1000_com.android.server.StorageManagerService$Lifecycle took to complete: 0ms
01-03 19:09:31.422   322   342 D ActivityManagerTiming: OnBootPhase_1000_com.android.server.usage.StorageStatsService$Lifecycle
01-03 19:09:31.422   322   342 V ActivityManagerTiming: OnBootPhase_1000_com.android.server.usage.StorageStatsService$Lifecycle took to complete: 0ms
01-03 19:09:31.422   322   342 D ActivityManagerTiming: OnBootPhase_1000_com.android.server.UiModeManagerService
01-03 19:09:31.422   322   342 V ActivityManagerTiming: OnBootPhase_1000_com.android.server.UiModeManagerService took to complete: 0ms
01-03 19:09:31.422   322   439 D StorageManagerService: Thinking about init, mBootCompleted=true, mDaemonConnected=true
01-03 19:09:31.422   322   342 D ActivityManagerTiming: OnBootPhase_1000_com.android.server.locales.LocaleManagerService
01-03 19:09:31.422   322   439 D StorageManagerService: Setting up emulation state, initlocked=false
01-03 19:09:31.422   322   342 V ActivityManagerTiming: OnBootPhase_1000_com.android.server.locales.LocaleManagerService took to complete: 0ms
01-03 19:09:31.422   322   342 D ActivityManagerTiming: OnBootPhase_1000_com.android.server.locksettings.LockSettingsService$Lifecycle
01-03 19:09:31.422   322   342 V ActivityManagerTiming: OnBootPhase_1000_com.android.server.locksettings.LockSettingsService$Lifecycle took to complete: 0ms
01-03 19:09:31.422   322   342 D ActivityManagerTiming: OnBootPhase_1000_com.android.server.testharness.TestHarnessModeService
01-03 19:09:31.422   322   342 D TestHarnessModeService: Completing Test Harness Mode setup.
01-03 19:09:31.422   322   342 D TestHarnessModeService: Getting PersistentDataBlockManagerInternal from LocalServices
01-03 19:09:31.422   322   342 E TestHarnessModeService: Failed to start Test Harness Mode; no implementation of PersistentDataBlockManagerInternal was bound!
01-03 19:09:31.422   322   342 V ActivityManagerTiming: OnBootPhase_1000_com.android.server.testharness.TestHarnessModeService took to complete: 0ms
01-03 19:09:31.422   322   342 D ActivityManagerTiming: OnBootPhase_1000_com.android.server.DeviceIdleController
01-03 19:09:31.422   322   342 V ActivityManagerTiming: OnBootPhase_1000_com.android.server.DeviceIdleController took to complete: 0ms
01-03 19:09:31.422    58    58 D vold    : fscrypt_unlock_user_key 0 serial=0
01-03 19:09:31.422   322   342 D ActivityManagerTiming: OnBootPhase_1000_com.android.server.devicepolicy.DevicePolicyManagerService$Lifecycle
01-03 19:09:31.422   322   342 V ActivityManagerTiming: OnBootPhase_1000_com.android.server.devicepolicy.DevicePolicyManagerService$Lifecycle took to complete: 0ms
01-03 19:09:31.422   322   342 D ActivityManagerTiming: OnBootPhase_1000_com.android.server.contentcapture.ContentCaptureManagerService
01-03 19:09:31.422   322   342 V ActivityManagerTiming: OnBootPhase_1000_com.android.server.contentcapture.ContentCaptureManagerService took to complete: 0ms
01-03 19:09:31.422   322   342 D ActivityManagerTiming: OnBootPhase_1000_com.android.server.systemcaptions.SystemCaptionsManagerService
01-03 19:09:31.422   322   342 V ActivityManagerTiming: OnBootPhase_1000_com.android.server.systemcaptions.SystemCaptionsManagerService took to complete: 0ms
01-03 19:09:31.422   322   342 D ActivityManagerTiming: OnBootPhase_1000_com.android.server.texttospeech.TextToSpeechManagerService
01-03 19:09:31.422   322   342 V ActivityManagerTiming: OnBootPhase_1000_com.android.server.texttospeech.TextToSpeechManagerService took to complete: 0ms
01-03 19:09:31.422   322   342 D ActivityManagerTiming: OnBootPhase_1000_com.android.server.ambientcontext.AmbientContextManagerService
01-03 19:09:31.422   322   342 V ActivityManagerTiming: OnBootPhase_1000_com.android.server.ambientcontext.AmbientContextManagerService took to complete: 0ms
01-03 19:09:31.422   322   342 D ActivityManagerTiming: OnBootPhase_1000_com.android.server.speech.SpeechRecognitionManagerService
01-03 19:09:31.422   322   342 V ActivityManagerTiming: OnBootPhase_1000_com.android.server.speech.SpeechRecognitionManagerService took to complete: 0ms
01-03 19:09:31.422   322   342 D ActivityManagerTiming: OnBootPhase_1000_com.android.server.appprediction.AppPredictionManagerService
01-03 19:09:31.422   322   342 V ActivityManagerTiming: OnBootPhase_1000_com.android.server.appprediction.AppPredictionManagerService took to complete: 0ms
01-03 19:09:31.422   322   342 D ActivityManagerTiming: OnBootPhase_1000_com.android.server.searchui.SearchUiManagerService
01-03 19:09:31.422   322   342 V ActivityManagerTiming: OnBootPhase_1000_com.android.server.searchui.SearchUiManagerService took to complete: 0ms
01-03 19:09:31.422   322   342 D ActivityManagerTiming: OnBootPhase_1000_com.android.server.smartspace.SmartspaceManagerService
01-03 19:09:31.422   322   342 V ActivityManagerTiming: OnBootPhase_1000_com.android.server.smartspace.SmartspaceManagerService took to complete: 0ms
01-03 19:09:31.422   322   342 D ActivityManagerTiming: OnBootPhase_1000_com.android.server.graphics.fonts.FontManagerService$Lifecycle
01-03 19:09:31.422   322   342 V ActivityManagerTiming: OnBootPhase_1000_com.android.server.graphics.fonts.FontManagerService$Lifecycle took to complete: 0ms
01-03 19:09:31.422   322   439 D StorageManagerService: Thinking about reset, mBootCompleted=true, mDaemonConnected=true
01-03 19:09:31.422   322   342 D ActivityManagerTiming: OnBootPhase_1000_com.android.server.textservices.TextServicesManagerService$Lifecycle
01-03 19:09:31.422   322   342 V ActivityManagerTiming: OnBootPhase_1000_com.android.server.textservices.TextServicesManagerService$Lifecycle took to complete: 0ms
01-03 19:09:31.422   322   342 D ActivityManagerTiming: OnBootPhase_1000_com.android.server.textclassifier.TextClassificationManagerService$Lifecycle
01-03 19:09:31.422   322   342 V ActivityManagerTiming: OnBootPhase_1000_com.android.server.textclassifier.TextClassificationManagerService$Lifecycle took to complete: 0ms
01-03 19:09:31.422   322   342 D ActivityManagerTiming: OnBootPhase_1000_com.android.server.NetworkScoreService$Lifecycle
01-03 19:09:31.422   322   342 V ActivityManagerTiming: OnBootPhase_1000_com.android.server.NetworkScoreService$Lifecycle took to complete: 0ms
01-03 19:09:31.422   322   342 D ActivityManagerTiming: OnBootPhase_1000_com.android.server.NetworkStatsServiceInitializer
01-03 19:09:31.422   322   342 V ActivityManagerTiming: OnBootPhase_1000_com.android.server.NetworkStatsServiceInitializer took to complete: 0ms
01-03 19:09:31.422   322   342 D ActivityManagerTiming: OnBootPhase_1000_com.android.server.wifi.WifiService
01-03 19:09:31.422   322   439 I StorageSessionController: Started resetting external storage service...
01-03 19:09:31.422   322   342 V ActivityManagerTiming: OnBootPhase_1000_com.android.server.wifi.WifiService took to complete: 0ms
01-03 19:09:31.422   322   439 I StorageSessionController: Finished resetting external storage service
01-03 19:09:31.422   322   342 D ActivityManagerTiming: OnBootPhase_1000_com.android.server.wifi.scanner.WifiScanningService
01-03 19:09:31.422   322   342 V ActivityManagerTiming: OnBootPhase_1000_com.android.server.wifi.scanner.WifiScanningService took to complete: 0ms
01-03 19:09:31.422   322   342 D ActivityManagerTiming: OnBootPhase_1000_com.android.server.ConnectivityServiceInitializer
01-03 19:09:31.422   322   439 I StorageManagerService: Resetting vold...
01-03 19:09:31.422   322   439 I StorageManagerService: Reset vold
01-03 19:09:31.422    58    58 I vold    : onUserAdded: 0
01-03 19:09:31.422   322   410 D AppStandbyController: Loaded headless system app cache in 1 ms: appIdleEnabled=true
01-03 19:09:31.422   322   342 E SystemServiceRegistry: Manager wrapper not available: contexthub
01-03 19:09:31.422   322   349 I DropBoxManagerService: add tag=system_server_wtf isTagEnabled=true flags=0x2
01-03 19:09:31.423   322   342 V ActivityManagerTiming: OnBootPhase_1000_com.android.server.ConnectivityServiceInitializer took to complete: 0ms
01-03 19:09:31.423   322   342 D ActivityManagerTiming: OnBootPhase_1000_com.android.server.notification.NotificationManagerService
01-03 19:09:31.423   322   342 V ActivityManagerTiming: OnBootPhase_1000_com.android.server.notification.NotificationManagerService took to complete: 0ms
01-03 19:09:31.423   322   342 D ActivityManagerTiming: OnBootPhase_1000_com.android.server.storage.DeviceStorageMonitorService
01-03 19:09:31.423   322   342 V ActivityManagerTiming: OnBootPhase_1000_com.android.server.storage.DeviceStorageMonitorService took to complete: 0ms
01-03 19:09:31.423   322   342 D ActivityManagerTiming: OnBootPhase_1000_com.android.server.location.LocationManagerService$Lifecycle
01-03 19:09:31.423   322   342 V ActivityManagerTiming: OnBootPhase_1000_com.android.server.location.LocationManagerService$Lifecycle took to complete: 0ms
01-03 19:09:31.423   322   342 D ActivityManagerTiming: OnBootPhase_1000_com.android.server.timedetector.TimeDetectorService$Lifecycle
01-03 19:09:31.423   322   342 V ActivityManagerTiming: OnBootPhase_1000_com.android.server.timedetector.TimeDetectorService$Lifecycle took to complete: 0ms
01-03 19:09:31.423   322   342 D ActivityManagerTiming: OnBootPhase_1000_com.android.server.timezonedetector.TimeZoneDetectorService$Lifecycle
01-03 19:09:31.423   322   342 V ActivityManagerTiming: OnBootPhase_1000_com.android.server.timezonedetector.TimeZoneDetectorService$Lifecycle took to complete: 0ms
01-03 19:09:31.423   322   342 D ActivityManagerTiming: OnBootPhase_1000_com.android.server.timezonedetector.location.LocationTimeZoneManagerService$Lifecycle
01-03 19:09:31.423   322   342 V ActivityManagerTiming: OnBootPhase_1000_com.android.server.timezonedetector.location.LocationTimeZoneManagerService$Lifecycle took to complete: 0ms
01-03 19:09:31.423   322   342 D ActivityManagerTiming: OnBootPhase_1000_com.android.server.search.SearchManagerService$Lifecycle
01-03 19:09:31.423   322   342 V ActivityManagerTiming: OnBootPhase_1000_com.android.server.search.SearchManagerService$Lifecycle took to complete: 0ms
01-03 19:09:31.423   322   342 D ActivityManagerTiming: OnBootPhase_1000_com.android.server.wallpaper.WallpaperManagerService$Lifecycle
01-03 19:09:31.423   322   342 V ActivityManagerTiming: OnBootPhase_1000_com.android.server.wallpaper.WallpaperManagerService$Lifecycle took to complete: 0ms
01-03 19:09:31.423   322   342 D ActivityManagerTiming: OnBootPhase_1000_com.android.server.wallpapereffectsgeneration.WallpaperEffectsGenerationManagerService
01-03 19:09:31.423   322   342 V ActivityManagerTiming: OnBootPhase_1000_com.android.server.wallpapereffectsgeneration.WallpaperEffectsGenerationManagerService took to complete: 0ms
01-03 19:09:31.423   322   349 I DropBoxManagerService: add tag=system_server_wtf isTagEnabled=true flags=0x2
01-03 19:09:31.423   322   342 D ActivityManagerTiming: OnBootPhase_1000_com.android.server.audio.AudioService$Lifecycle
01-03 19:09:31.423   322   342 V ActivityManagerTiming: OnBootPhase_1000_com.android.server.audio.AudioService$Lifecycle took to complete: 0ms
01-03 19:09:31.423   322   342 D ActivityManagerTiming: OnBootPhase_1000_com.android.server.soundtrigger_middleware.SoundTriggerMiddlewareService$Lifecycle
01-03 19:09:31.423   322   342 V ActivityManagerTiming: OnBootPhase_1000_com.android.server.soundtrigger_middleware.SoundTriggerMiddlewareService$Lifecycle took to complete: 0ms
01-03 19:09:31.423   322   342 D ActivityManagerTiming: OnBootPhase_1000_com.android.server.DockObserver
01-03 19:09:31.423   322   342 V ActivityManagerTiming: OnBootPhase_1000_com.android.server.DockObserver took to complete: 0ms
01-03 19:09:31.423   322   342 D ActivityManagerTiming: OnBootPhase_1000_com.android.server.adb.AdbService$Lifecycle
01-03 19:09:31.423   322   342 V ActivityManagerTiming: OnBootPhase_1000_com.android.server.adb.AdbService$Lifecycle took to complete: 0ms
01-03 19:09:31.423   322   342 D ActivityManagerTiming: OnBootPhase_1000_com.android.server.usb.UsbService$Lifecycle
01-03 19:09:31.423   322   342 V ActivityManagerTiming: OnBootPhase_1000_com.android.server.usb.UsbService$Lifecycle took to complete: 0ms
01-03 19:09:31.423   322   342 D ActivityManagerTiming: OnBootPhase_1000_com.android.server.twilight.TwilightService
01-03 19:09:31.423   322   342 V ActivityManagerTiming: OnBootPhase_1000_com.android.server.twilight.TwilightService took to complete: 0ms
01-03 19:09:31.423   322   342 D ActivityManagerTiming: OnBootPhase_1000_com.android.server.display.color.ColorDisplayService
01-03 19:09:31.423   322   342 V ActivityManagerTiming: OnBootPhase_1000_com.android.server.display.color.ColorDisplayService took to complete: 0ms
01-03 19:09:31.423   322   342 D ActivityManagerTiming: OnBootPhase_1000_com.android.server.job.JobSchedulerService
01-03 19:09:31.423   322   342 V ActivityManagerTiming: OnBootPhase_1000_com.android.server.job.JobSchedulerService took to complete: 0ms
01-03 19:09:31.423   322   342 D ActivityManagerTiming: OnBootPhase_1000_com.android.server.soundtrigger.SoundTriggerService
01-03 19:09:31.423   322   342 D SoundTriggerService: onBootPhase: 1000 : false
01-03 19:09:31.423   322   342 V ActivityManagerTiming: OnBootPhase_1000_com.android.server.soundtrigger.SoundTriggerService took to complete: 0ms
01-03 19:09:31.423   322   342 D ActivityManagerTiming: OnBootPhase_1000_com.android.server.trust.TrustManagerService
01-03 19:09:31.423   322   342 V ActivityManagerTiming: OnBootPhase_1000_com.android.server.trust.TrustManagerService took to complete: 0ms
01-03 19:09:31.423   322   342 D ActivityManagerTiming: OnBootPhase_1000_com.android.server.backup.BackupManagerService$Lifecycle
01-03 19:09:31.423   322   342 V ActivityManagerTiming: OnBootPhase_1000_com.android.server.backup.BackupManagerService$Lifecycle took to complete: 0ms
01-03 19:09:31.423   322   342 D ActivityManagerTiming: OnBootPhase_1000_com.android.server.appwidget.AppWidgetService
01-03 19:09:31.423   322   342 V ActivityManagerTiming: OnBootPhase_1000_com.android.server.appwidget.AppWidgetService took to complete: 0ms
01-03 19:09:31.423   322   342 D ActivityManagerTiming: OnBootPhase_1000_com.android.server.voiceinteraction.VoiceInteractionManagerService
